BL51 BANKED LINKER/LOCATER V6.22                                                        08/30/2017  18:37:29  PAGE 1


BL51 BANKED LINKER/LOCATER V6.22, INVOKED BY:
D:\PROGRAM FILES\KEIL\C51\BIN\BL51.EXE .\Output\hal.obj, .\Output\main.obj, .\Output\rcvpkt.obj, .\Output\selection.obj,
>>  .\Output\ping.obj, .\Output\idcfg.obj, .\Output\pt.obj, .\Output\Delay.obj, .\Output\Common.obj, .\Output\STARTUP_N7
>> 6E003beta.obj TO .\Output\GPIO PRINT (.\LST\GPIO.m51) RAMSIZE (256) DISABLEWARNING (16)


MEMORY MODEL: LARGE WITH FLOATING POINT ARITHMETIC


INPUT MODULES INCLUDED:
  .\Output\hal.obj (HAL)
  .\Output\main.obj (MAIN)
  .\Output\rcvpkt.obj (RCVPKT)
  .\Output\selection.obj (SELECTION)
  .\Output\ping.obj (PING)
  .\Output\idcfg.obj (IDCFG)
  .\Output\pt.obj (PT)
  .\Output\Delay.obj (DELAY)
  .\Output\Common.obj (COMMON)
  .\Output\STARTUP_N76E003beta.obj (?C_STARTUP)
  D:\PROGRAM FILES\KEIL\C51\LIB\C51FPL.LIB (?C?FPMUL)
  D:\PROGRAM FILES\KEIL\C51\LIB\C51FPL.LIB (?C?FCAST)
  D:\PROGRAM FILES\KEIL\C51\LIB\C51FPL.LIB (?C?CASTF)
  D:\PROGRAM FILES\KEIL\C51\LIB\C51FPL.LIB (PRINTF)
  D:\PROGRAM FILES\KEIL\C51\LIB\C51FPL.LIB (?C?FPGETOPN)
  D:\PROGRAM FILES\KEIL\C51\LIB\C51FPL.LIB (?C?FPROUND)
  D:\PROGRAM FILES\KEIL\C51\LIB\C51FPL.LIB (?C?FPCONVERT)
  D:\PROGRAM FILES\KEIL\C51\LIB\C51FPL.LIB (?C?FPADD)
  D:\PROGRAM FILES\KEIL\C51\LIB\C51FPL.LIB (?C?FPDIV)
  D:\PROGRAM FILES\KEIL\C51\LIB\C51FPL.LIB (?C?FTNPWR)
  D:\PROGRAM FILES\KEIL\C51\LIB\C51L.LIB (?C_INIT)
  D:\PROGRAM FILES\KEIL\C51\LIB\C51L.LIB (?C?CLDPTR)
  D:\PROGRAM FILES\KEIL\C51\LIB\C51L.LIB (?C?CLDOPTR)
  D:\PROGRAM FILES\KEIL\C51\LIB\C51L.LIB (?C?CSTPTR)
  D:\PROGRAM FILES\KEIL\C51\LIB\C51L.LIB (?C?CSTOPTR)
  D:\PROGRAM FILES\KEIL\C51\LIB\C51L.LIB (?C?IMUL)
  D:\PROGRAM FILES\KEIL\C51\LIB\C51L.LIB (?C?UIDIV)
  D:\PROGRAM FILES\KEIL\C51\LIB\C51L.LIB (?C?LMUL)
  D:\PROGRAM FILES\KEIL\C51\LIB\C51L.LIB (?C?ULDIV)
  D:\PROGRAM FILES\KEIL\C51\LIB\C51L.LIB (?C?SLDIV)
  D:\PROGRAM FILES\KEIL\C51\LIB\C51L.LIB (?C?LNEG)
  D:\PROGRAM FILES\KEIL\C51\LIB\C51L.LIB (?C?SLCMP)
  D:\PROGRAM FILES\KEIL\C51\LIB\C51L.LIB (?C?ULCMP)
  D:\PROGRAM FILES\KEIL\C51\LIB\C51L.LIB (?C?ULSHR)
  D:\PROGRAM FILES\KEIL\C51\LIB\C51L.LIB (?C?LSTXDATA)
  D:\PROGRAM FILES\KEIL\C51\LIB\C51L.LIB (?C?LSTKXDATA)
  D:\PROGRAM FILES\KEIL\C51\LIB\C51L.LIB (?C?PLDIXDATA)
  D:\PROGRAM FILES\KEIL\C51\LIB\C51L.LIB (?C?PSTXDATA)
  D:\PROGRAM FILES\KEIL\C51\LIB\C51L.LIB (?C?PLDPTR)
  D:\PROGRAM FILES\KEIL\C51\LIB\C51L.LIB (?C?PSTPTR)
  D:\PROGRAM FILES\KEIL\C51\LIB\C51L.LIB (?C?CCASE)
  D:\PROGRAM FILES\KEIL\C51\LIB\C51L.LIB (?C?LIMUL)
  D:\PROGRAM FILES\KEIL\C51\LIB\C51L.LIB (PUTCHAR)
  D:\PROGRAM FILES\KEIL\C51\LIB\C51L.LIB (?C?MEMSET)
  D:\PROGRAM FILES\KEIL\C51\LIB\C51L.LIB (?C?PLDIDATA)
  D:\PROGRAM FILES\KEIL\C51\LIB\C51L.LIB (?C?PSTIDATA)
  D:\PROGRAM FILES\KEIL\C51\LIB\C51L.LIB (?C?PLDXDATA)
  D:\PROGRAM FILES\KEIL\C51\LIB\C51L.LIB (?C?PLDPDATA)
BL51 BANKED LINKER/LOCATER V6.22                                                      08/30/2017  18:37:29  PAGE 2


  D:\PROGRAM FILES\KEIL\C51\LIB\C51L.LIB (?C?PSTPDATA)
  D:\PROGRAM FILES\KEIL\C51\LIB\C51L.LIB (?C?PLDCODE)


LINK MAP OF MODULE:  .\Output\GPIO (HAL)


            TYPE    BASE      LENGTH    RELOCATION   SEGMENT NAME
            -----------------------------------------------------

            * * * * * * *   D A T A   M E M O R Y   * * * * * * *
            REG     0000H     0008H     ABSOLUTE     "REG BANK 0"
            DATA    0008H     000AH     UNIT         _DATA_GROUP_
            DATA    0012H     0008H     UNIT         ?DT?RCVPKT
                    001AH     0006H                  *** GAP ***
            BIT     0020H.0   0001H.1   UNIT         _BIT_GROUP_
            BIT     0021H.1   0000H.1   UNIT         ?BI?HAL
                    0021H.2   0000H.6                *** GAP ***
            DATA    0022H     0048H     UNIT         ?DT?MAIN
            IDATA   006AH     0001H     UNIT         ?STACK

            * * * * * * *  X D A T A   M E M O R Y  * * * * * * *
            XDATA   0000H     0068H     UNIT         _XDATA_GROUP_
            XDATA   0068H     0034H     UNIT         ?XD?PT
            XDATA   009CH     002BH     UNIT         ?XD?MAIN
            XDATA   00C7H     0005H     UNIT         ?XD?_MOVEDET?PT
            XDATA   00CCH     0001H     UNIT         ?XD?HAL
            XDATA   00CDH     0001H     UNIT         ?XD?SELECTION

            * * * * * * *   C O D E   M E M O R Y   * * * * * * *
            CODE    0000H     0003H     ABSOLUTE     
            CODE    0003H     005DH     UNIT         ?PR?_DELAY_MS?DELAY
                    0060H     0003H                  *** GAP ***
            CODE    0063H     0003H     ABSOLUTE     
            CODE    0066H     001AH     UNIT         ?CO?IDCFG
                    0080H     0003H                  *** GAP ***
            CODE    0083H     0003H     ABSOLUTE     
            CODE    0086H     08D9H     UNIT         ?C?LIB_CODE
            CODE    095FH     08CBH     UNIT         ?PR?_TX_PHASE_PROCESSPT?PT
            CODE    122AH     0483H     UNIT         ?PR?PRINTF?PRINTF
            CODE    16ADH     0387H     UNIT         ?PR?MAIN?MAIN
            CODE    1A34H     0365H     UNIT         ?PR?_CTRL_PIDALGORITHM?PT
            CODE    1D99H     034FH     UNIT         ?PR?_RCV_PACKET_INT_HANDLER?RCVPKT
            CODE    20E8H     032CH     UNIT         ?CO?PT
            CODE    2414H     02ABH     UNIT         ?PR?_TX_PHASE_PROCESSCFG?IDCFG
            CODE    26BFH     0271H     UNIT         ?PR?_PT_TEMP_CONTROL_SLOW?PT
            CODE    2930H     01BCH     UNIT         ?PR?_RECEIVE_PACKET?RCVPKT
            CODE    2AECH     01B5H     UNIT         ?PR?_MOVEDET?PT
            CODE    2CA1H     0140H     UNIT         ?PR?PWMSET?HAL
            CODE    2DE1H     011CH     UNIT         ?C_C51STARTUP
            CODE    2EFDH     00DCH     UNIT         ?PR?GETVPA?HAL
            CODE    2FD9H     00D7H     UNIT         ?PR?TX_PHASE_PROCESSPING?PING
            CODE    30B0H     00CEH     UNIT         ?PR?TX_PHASE_PROCESSSELECT?SELECTION
            CODE    317EH     00BFH     UNIT         ?PR?GETTEMP?HAL
            CODE    323DH     00BFH     UNIT         ?PR?GETVPEAK?HAL
            CODE    32FCH     00BFH     UNIT         ?PR?GETIPA?HAL
            CODE    33BBH     00BCH     UNIT         ?PR?_DECODE_ONEBYTE?RCVPKT
BL51 BANKED LINKER/LOCATER V6.22                                                      08/30/2017  18:37:29  PAGE 3


            CODE    3477H     00A8H     UNIT         ?CO?MAIN
            CODE    351FH     008AH     UNIT         ?PR?_PAKCET_CHECK_CHECKSUM?RCVPKT
            CODE    35A9H     0081H     UNIT         ?PR?FSKSEND_SA?HAL
            CODE    362AH     0074H     UNIT         ?C_INITSEG
            CODE    369EH     0071H     UNIT         ?PR?_SETPWM?HAL
            CODE    370FH     0059H     UNIT         ?PR?INITPWM?HAL
            CODE    3768H     0058H     UNIT         ?PR?CAPTURE_ISR?HAL
            CODE    37C0H     004AH     UNIT         ?PR?QC20SHAKE?HAL
            CODE    380AH     0044H     UNIT         ?C?LDIV
            CODE    384EH     0042H     UNIT         ?PR?_PWMEN?HAL
            CODE    3890H     0042H     UNIT         ?PR?INITCAPTURE?HAL
            CODE    38D2H     0040H     UNIT         ?PR?ENABLE_COIL_POWER?HAL
            CODE    3912H     003AH     UNIT         ?PR?TIMER3_ISR?HAL
            CODE    394CH     0038H     UNIT         ?PR?_CUL_MSGLEN?RCVPKT
            CODE    3984H     0031H     UNIT         ?PR?INITGPIO?HAL
            CODE    39B5H     0031H     UNIT         ?PR?_INITIALUART0_TIMER1?COMMON
            CODE    39E6H     002BH     UNIT         ?PR?_TIM2_GETCOUNTER?HAL
            CODE    3A11H     0027H     UNIT         ?PR?PUTCHAR?PUTCHAR
            CODE    3A38H     0026H     UNIT         ?CO?RCVPKT
            CODE    3A5EH     0021H     UNIT         ?PR?_DELAY10US?DELAY
            CODE    3A7FH     001FH     UNIT         ?PR?_DELAY_FULL_FSK?HAL
            CODE    3A9EH     0017H     UNIT         ?CO?HAL
            CODE    3AB5H     0016H     UNIT         ?PR?DISABLE_COIL_POWER?HAL
            CODE    3ACBH     0012H     UNIT         ?PR?INITTIMER3?HAL
            CODE    3ADDH     0010H     UNIT         ?PR?RESET_RECEIVE_PACKET?RCVPKT
            CODE    3AEDH     000BH     UNIT         ?PR?_TIMER_1MS_ENABLE?HAL
            CODE    3AF8H     000BH     UNIT         ?CO?SELECTION
            CODE    3B03H     000AH     UNIT         ?CO?PING
            CODE    3B0DH     0005H     UNIT         ?PR?QC20OUT9V?HAL
            CODE    3B12H     0005H     UNIT         ?PR?QC20OUT5V?HAL
            CODE    3B17H     0005H     UNIT         ?PR?QC20OUT12V?HAL



OVERLAY MAP OF MODULE:   .\Output\GPIO (HAL)


SEGMENT                                         BIT_GROUP          DATA_GROUP          XDATA_GROUP
  +--> CALLED SEGMENT                        START    LENGTH     START    LENGTH     START    LENGTH
----------------------------------------------------------------------------------------------------
?PR?CAPTURE_ISR?HAL                          -----    -----      -----    -----      -----    -----
  +--> ?PR?_RCV_PACKET_INT_HANDLER?RCVPKT

?PR?_RCV_PACKET_INT_HANDLER?RCVPKT           -----    -----      0008H    0002H      0000H    0003H
  +--> ?PR?_DECODE_ONEBYTE?RCVPKT
  +--> ?PR?_CUL_MSGLEN?RCVPKT

?PR?_DECODE_ONEBYTE?RCVPKT                   -----    -----      000AH    0003H      -----    -----

*** NEW ROOT ***************************************************

?C_C51STARTUP                                -----    -----      -----    -----      -----    -----
  +--> ?PR?MAIN?MAIN
  +--> ?C_INITSEG

?PR?MAIN?MAIN                                -----    -----      -----    -----      0003H    0002H
  +--> ?PR?INITPWM?HAL
BL51 BANKED LINKER/LOCATER V6.22                                                      08/30/2017  18:37:29  PAGE 4


  +--> ?PR?_SETPWM?HAL
  +--> ?PR?_PWMEN?HAL
  +--> ?PR?_INITIALUART0_TIMER1?COMMON
  +--> ?PR?INITTIMER3?HAL
  +--> ?PR?INITCAPTURE?HAL
  +--> ?PR?INITGPIO?HAL
  +--> ?PR?RESET_RECEIVE_PACKET?RCVPKT
  +--> ?PR?GETVPA?HAL
  +--> ?PR?QC20SHAKE?HAL
  +--> ?PR?QC20OUT9V?HAL
  +--> ?PR?_DELAY_MS?DELAY
  +--> ?CO?MAIN
  +--> ?PR?PRINTF?PRINTF
  +--> ?PR?GETIPA?HAL
  +--> ?PR?DISABLE_COIL_POWER?HAL
  +--> ?PR?GETTEMP?HAL
  +--> ?PR?TX_PHASE_PROCESSSELECT?SELECTION
  +--> ?PR?TX_PHASE_PROCESSPING?PING
  +--> ?PR?_TX_PHASE_PROCESSCFG?IDCFG
  +--> ?PR?_TX_PHASE_PROCESSPT?PT
  +--> ?PR?ENABLE_COIL_POWER?HAL

?PR?_SETPWM?HAL                              -----    -----      -----    -----      0037H    0008H

?PR?GETVPA?HAL                               -----    -----      -----    -----      0028H    0007H

?PR?QC20SHAKE?HAL                            -----    -----      -----    -----      0005H    0001H
  +--> ?PR?_DELAY_MS?DELAY

?PR?_DELAY_MS?DELAY                          -----    -----      -----    -----      002DH    0004H

?PR?PRINTF?PRINTF                            0020H.0  0001H.1    000DH    0005H      0038H    0030H
  +--> ?PR?PUTCHAR?PUTCHAR

?PR?GETIPA?HAL                               -----    -----      -----    -----      0028H    0007H

?PR?DISABLE_COIL_POWER?HAL                   -----    -----      -----    -----      -----    -----
  +--> ?PR?_PWMEN?HAL
  +--> ?PR?_DELAY10US?DELAY

?PR?GETTEMP?HAL                              -----    -----      -----    -----      0028H    0007H

?PR?TX_PHASE_PROCESSSELECT?SELECTION         -----    -----      -----    -----      0005H    0002H
  +--> ?PR?ENABLE_COIL_POWER?HAL
  +--> ?PR?_DELAY_MS?DELAY
  +--> ?PR?GETIPA?HAL
  +--> ?PR?DISABLE_COIL_POWER?HAL
  +--> ?CO?SELECTION
  +--> ?PR?PRINTF?PRINTF

?PR?ENABLE_COIL_POWER?HAL                    -----    -----      -----    -----      -----    -----
  +--> ?PR?PWMSET?HAL
  +--> ?PR?_DELAY10US?DELAY
  +--> ?PR?_PWMEN?HAL

?PR?PWMSET?HAL                               -----    -----      -----    -----      002DH    000AH
  +--> ?PR?_SETPWM?HAL
BL51 BANKED LINKER/LOCATER V6.22                                                      08/30/2017  18:37:29  PAGE 5


  +--> ?CO?HAL
  +--> ?PR?PRINTF?PRINTF

?PR?TX_PHASE_PROCESSPING?PING                -----    -----      -----    -----      0005H    0003H
  +--> ?PR?_TIMER_1MS_ENABLE?HAL
  +--> ?PR?ENABLE_COIL_POWER?HAL
  +--> ?PR?_DELAY_MS?DELAY
  +--> ?PR?RESET_RECEIVE_PACKET?RCVPKT
  +--> ?PR?_RECEIVE_PACKET?RCVPKT
  +--> ?CO?PING
  +--> ?PR?PRINTF?PRINTF
  +--> ?PR?DISABLE_COIL_POWER?HAL

?PR?_RECEIVE_PACKET?RCVPKT                   -----    -----      -----    -----      0028H    0010H
  +--> ?PR?RESET_RECEIVE_PACKET?RCVPKT
  +--> ?PR?_PAKCET_CHECK_CHECKSUM?RCVPKT
  +--> ?CO?RCVPKT
  +--> ?PR?PRINTF?PRINTF

?PR?_PAKCET_CHECK_CHECKSUM?RCVPKT            -----    -----      -----    -----      0038H    0005H

?PR?_TX_PHASE_PROCESSCFG?IDCFG               -----    -----      -----    -----      0005H    000AH
  +--> ?PR?RESET_RECEIVE_PACKET?RCVPKT
  +--> ?PR?_RECEIVE_PACKET?RCVPKT
  +--> ?CO?IDCFG
  +--> ?PR?PRINTF?PRINTF
  +--> ?PR?_DELAY_MS?DELAY
  +--> ?PR?DISABLE_COIL_POWER?HAL
  +--> ?PR?_TIMER_1MS_ENABLE?HAL

?PR?_TX_PHASE_PROCESSPT?PT                   -----    -----      -----    -----      0005H    0023H
  +--> ?PR?GETVPA?HAL
  +--> ?CO?PT
  +--> ?PR?PRINTF?PRINTF
  +--> ?PR?RESET_RECEIVE_PACKET?RCVPKT
  +--> ?PR?GETVPEAK?HAL
  +--> ?PR?DISABLE_COIL_POWER?HAL
  +--> ?PR?PWMSET?HAL
  +--> ?PR?_DELAY10US?DELAY
  +--> ?PR?_RECEIVE_PACKET?RCVPKT
  +--> ?PR?GETIPA?HAL
  +--> ?PR?GETTEMP?HAL
  +--> ?PR?_DELAY_MS?DELAY
  +--> ?PR?_PT_TEMP_CONTROL_SLOW?PT
  +--> ?PR?_PWMEN?HAL
  +--> ?PR?FSKSEND_SA?HAL
  +--> ?PR?_CTRL_PIDALGORITHM?PT
  +--> ?PR?_TIMER_1MS_ENABLE?HAL

?PR?GETVPEAK?HAL                             -----    -----      -----    -----      0028H    0007H

?PR?_PT_TEMP_CONTROL_SLOW?PT                 -----    -----      -----    -----      0028H    0008H
  +--> ?CO?PT
  +--> ?PR?PRINTF?PRINTF

?PR?FSKSEND_SA?HAL                           -----    -----      -----    -----      0028H    0002H
  +--> ?PR?_DELAY_MS?DELAY
BL51 BANKED LINKER/LOCATER V6.22                                                      08/30/2017  18:37:29  PAGE 6


  +--> ?PR?_DELAY_FULL_FSK?HAL

?PR?_CTRL_PIDALGORITHM?PT                    -----    -----      -----    -----      0028H    0005H
  +--> ?CO?PT
  +--> ?PR?PRINTF?PRINTF
  +--> ?PR?_DELAY_MS?DELAY
  +--> ?PR?PWMSET?HAL



SYMBOL TABLE OF MODULE:  .\Output\GPIO (HAL)

  VALUE           TYPE          NAME
  ----------------------------------

  -------         MODULE        HAL
  C:0000H         SYMBOL        _ICE_DUMMY_
  D:00F6H         PUBLIC        AINDIDS
  D:00B1H         PUBLIC        P0M1
  C:3AEDH         PUBLIC        _TIMER_1ms_ENABLE
  D:00B3H         PUBLIC        P1M1
  D:00B2H         PUBLIC        P0M2
  D:0080H         PUBLIC        P0
  C:3B0DH         PUBLIC        QC20OUT9V
  D:00B4H         PUBLIC        P1M2
  D:0090H         PUBLIC        P1
  D:00ACH         PUBLIC        P3M1
  D:00A0H         PUBLIC        P2
  D:00B0H         PUBLIC        P3
  D:00ADH         PUBLIC        P3M2
  C:39E6H         PUBLIC        _TIM2_GetCounter
  D:009CH         PUBLIC        EIE1
  B:00A8H.7       PUBLIC        EA
  C:3912H         PUBLIC        Timer3_ISR
  B:0090H.2       PUBLIC        LED1
  D:00D8H         PUBLIC        PWMCON0
  C:35A9H         PUBLIC        Fsksend_sa
  B:0090H.3       PUBLIC        LED2
  D:00DFH         PUBLIC        PWMCON1
  C:370FH         PUBLIC        InitPWM
  D:00D1H         PUBLIC        PWMPH
  D:00A8H         PUBLIC        IE
  B:00E8H.7       PUBLIC        ADCF
  D:00D9H         PUBLIC        PWMPL
  D:00C7H         PUBLIC        TA
  D:00B8H         PUBLIC        IP
  C:323DH         PUBLIC        GetVpeak
  B:00E8H.6       PUBLIC        ADCS
  B:00D8H.6       PUBLIC        LOAD
  C:2CA1H         PUBLIC        PWMSet
  C:369EH         PUBLIC        _SetPWM
  D:00B7H         PUBLIC        PWMINTC
  D:00B2H         PUBLIC        P0SR
  D:00B4H         PUBLIC        P1SR
  C:3768H         PUBLIC        Capture_ISR
  C:384EH         PUBLIC        _PWMEn
  C:3B17H         PUBLIC        QC20OUT12V
BL51 BANKED LINKER/LOCATER V6.22                                                      08/30/2017  18:37:29  PAGE 7


  C:3A7FH         SYMBOL        _Delay_full_fsk
  B:0080H.0       PUBLIC        P00
  B:0090H.0       PUBLIC        P10
  B:0021H.1       PUBLIC        BIT_TMP
  B:0090H.7       PUBLIC        Dn
  B:00B0H.0       PUBLIC        Dp
  D:0098H         PUBLIC        SCON
  D:0088H         PUBLIC        TCON
  C:317EH         PUBLIC        GetTemp
  B:00D8H.5       PUBLIC        PWMF
  D:00E5H         PUBLIC        C0H
  D:00E7H         PUBLIC        C1H
  C:32FCH         PUBLIC        GetIpa
  D:00E4H         PUBLIC        C0L
  D:0091H         PUBLIC        SFRS
  D:00E6H         PUBLIC        C1L
  D:00F8H         PUBLIC        SCON_1
  C:3984H         PUBLIC        InitGPIO
  C:2EFDH         PUBLIC        GetVpa
  D:00C6H         PUBLIC        RH3
  C:3ACBH         PUBLIC        InitTimer3
  D:00C5H         PUBLIC        RL3
  C:3AB5H         PUBLIC        Disable_coil_power
  D:009BH         PUBLIC        EIE
  B:0090H.4       PUBLIC        FAN
  B:00C8H.2       PUBLIC        TR2
  D:00E8H         PUBLIC        ADCCON0
  D:00E1H         PUBLIC        ADCCON1
  D:00C0H         PUBLIC        I2CON
  B:0080H.5       PUBLIC        DRIVEREN
  D:00C3H         PUBLIC        ADCRH
  C:37C0H         PUBLIC        QC20SHAKE
  C:38D2H         PUBLIC        Enable_coil_power
  D:0092H         PUBLIC        CAPCON0
  D:00C9H         PUBLIC        T2MOD
  D:00C8H         PUBLIC        T2CON
  D:00C2H         PUBLIC        ADCRL
  D:0093H         PUBLIC        CAPCON1
  D:00C4H         PUBLIC        T3CON
  D:0094H         PUBLIC        CAPCON2
  D:00F1H         PUBLIC        CAPCON3
  B:00D8H.7       PUBLIC        PWMRUN
  D:00D6H         PUBLIC        PNP
  C:3890H         PUBLIC        InitCapture
  D:00D4H         PUBLIC        PWM2H
  X:00CCH         PUBLIC        bridge
  D:00D5H         PUBLIC        PWM3H
  D:00DCH         PUBLIC        PWM2L
  D:00DDH         PUBLIC        PWM3L
  D:00DEH         PUBLIC        PIOCON0
  D:00D0H         PUBLIC        PSW
  C:3B12H         PUBLIC        QC20OUT5V
  -------         PROC          INITPWM
  C:370FH         LINE#         15
  C:370FH         LINE#         16
  C:370FH         LINE#         17
  C:3715H         LINE#         18
BL51 BANKED LINKER/LOCATER V6.22                                                      08/30/2017  18:37:29  PAGE 8


  C:371BH         LINE#         19
  C:371EH         LINE#         20
  C:3721H         LINE#         22
  C:3734H         LINE#         23
  C:3737H         LINE#         24
  C:374AH         LINE#         26
  C:374DH         LINE#         27
  C:3750H         LINE#         28
  C:3753H         LINE#         29
  C:3756H         LINE#         30
  C:3759H         LINE#         31
  C:375CH         LINE#         32
  C:375FH         LINE#         33
  C:3761H         LINE#         34
  C:3763H         LINE#         35
  C:3765H         LINE#         37
  C:3767H         LINE#         38
  -------         ENDPROC       INITPWM
  -------         PROC          _SETPWM
  X:0037H         SYMBOL        fre
  X:003BH         SYMBOL        duty
  -------         DO            
  D:0004H         SYMBOL        clk
  X:003DH         SYMBOL        temp
  D:0004H         SYMBOL        temp1
  -------         ENDDO         
  C:369EH         LINE#         40
  C:36A4H         LINE#         41
  C:36A4H         LINE#         42
  C:36ACH         LINE#         45
  C:36CBH         LINE#         46
  C:36ECH         LINE#         47
  C:36F2H         LINE#         48
  C:36F7H         LINE#         49
  C:36FAH         LINE#         50
  C:36FCH         LINE#         51
  C:3706H         LINE#         52
  C:3708H         LINE#         53
  C:370CH         LINE#         54
  C:370EH         LINE#         55
  -------         ENDPROC       _SETPWM
  -------         PROC          _PWMEN
  D:0007H         SYMBOL        type
  C:384EH         LINE#         57
  C:384EH         LINE#         58
  C:384EH         LINE#         59
  C:3851H         LINE#         60
  C:3851H         LINE#         61
  C:3853H         LINE#         62
  C:3856H         LINE#         63
  C:3859H         LINE#         64
  C:385BH         LINE#         65
  C:385DH         LINE#         66
  C:385FH         LINE#         67
  C:3863H         LINE#         68
  C:3864H         LINE#         69
  C:3868H         LINE#         70
BL51 BANKED LINKER/LOCATER V6.22                                                      08/30/2017  18:37:29  PAGE 9


  C:3868H         LINE#         71
  C:386BH         LINE#         72
  C:386EH         LINE#         73
  C:3870H         LINE#         74
  C:3872H         LINE#         75
  C:3874H         LINE#         76
  C:387AH         LINE#         77
  C:387BH         LINE#         78
  C:387FH         LINE#         79
  C:387FH         LINE#         80
  C:3882H         LINE#         81
  C:3885H         LINE#         82
  C:3887H         LINE#         83
  C:3889H         LINE#         84
  C:388FH         LINE#         85
  C:388FH         LINE#         86
  -------         ENDPROC       _PWMEN
  -------         PROC          PWMSET
  -------         DO            
  X:002DH         SYMBOL        clk
  X:0031H         SYMBOL        duty
  X:0033H         SYMBOL        fre
  -------         ENDDO         
  C:2CA1H         LINE#         88
  C:2CA1H         LINE#         89
  C:2CA1H         LINE#         90
  C:2CABH         LINE#         91
  C:2CBAH         LINE#         92
  C:2CCEH         LINE#         94
  C:2CDDH         LINE#         95
  C:2CDDH         LINE#         96
  C:2CE4H         LINE#         97
  C:2CEAH         LINE#         98
  C:2CEAH         LINE#         99
  C:2CF9H         LINE#         100
  C:2CF9H         LINE#         101
  C:2CFFH         LINE#         102
  C:2CFFH         LINE#         103
  C:2D1BH         LINE#         104
  C:2D1BH         LINE#         105
  C:2D25H         LINE#         106
  C:2D2BH         LINE#         107
  C:2D2BH         LINE#         108
  C:2D4DH         LINE#         109
  C:2D4DH         LINE#         110
  C:2D61H         LINE#         111
  C:2D61H         LINE#         112
  C:2D75H         LINE#         113
  C:2D84H         LINE#         115
  C:2DA4H         LINE#         116
  C:2DABH         LINE#         117
  C:2DABH         LINE#         118
  C:2DC8H         LINE#         119
  C:2DE0H         LINE#         120
  C:2DE0H         LINE#         121
  -------         ENDPROC       PWMSET
  -------         PROC          DISABLE_COIL_POWER
BL51 BANKED LINKER/LOCATER V6.22                                                      08/30/2017  18:37:29  PAGE 10


  C:3AB5H         LINE#         123
  C:3AB5H         LINE#         124
  C:3AB5H         LINE#         125
  C:3ABAH         LINE#         126
  C:3AC1H         LINE#         127
  C:3AC3H         LINE#         128
  C:3ACAH         LINE#         129
  -------         ENDPROC       DISABLE_COIL_POWER
  -------         PROC          ENABLE_COIL_POWER
  C:38D2H         LINE#         131
  C:38D2H         LINE#         132
  C:38D2H         LINE#         133
  C:38DCH         LINE#         134
  C:38E6H         LINE#         135
  C:38ECH         LINE#         136
  C:38EFH         LINE#         137
  C:38F6H         LINE#         138
  C:38F8H         LINE#         139
  C:38FFH         LINE#         140
  C:3906H         LINE#         141
  C:390CH         LINE#         143
  C:3911H         LINE#         144
  -------         ENDPROC       ENABLE_COIL_POWER
  -------         PROC          GETTEMP
  -------         DO            
  X:0028H         SYMBOL        adc
  X:002AH         SYMBOL        temp
  X:002EH         SYMBOL        i
  -------         ENDDO         
  C:317EH         LINE#         148
  C:317EH         LINE#         149
  C:317EH         LINE#         150
  C:3185H         LINE#         151
  C:318DH         LINE#         153
  C:3193H         LINE#         154
  C:31A8H         LINE#         156
  C:31B5H         LINE#         157
  C:31B5H         LINE#         158
  C:31B7H         LINE#         159
  C:31B9H         LINE#         160
  C:31BCH         LINE#         161
  C:31C6H         LINE#         162
  C:31D9H         LINE#         163
  C:3202H         LINE#         164
  C:320AH         LINE#         165
  C:320CH         LINE#         170
  C:3234H         LINE#         172
  C:323CH         LINE#         173
  -------         ENDPROC       GETTEMP
  -------         PROC          GETVPEAK
  -------         DO            
  X:0028H         SYMBOL        adc
  X:002AH         SYMBOL        temp
  X:002EH         SYMBOL        i
  -------         ENDDO         
  C:323DH         LINE#         175
  C:323DH         LINE#         176
BL51 BANKED LINKER/LOCATER V6.22                                                      08/30/2017  18:37:29  PAGE 11


  C:323DH         LINE#         177
  C:3244H         LINE#         178
  C:324CH         LINE#         180
  C:3252H         LINE#         181
  C:3267H         LINE#         182
  C:3274H         LINE#         183
  C:3274H         LINE#         184
  C:3276H         LINE#         185
  C:3278H         LINE#         186
  C:327BH         LINE#         187
  C:3285H         LINE#         188
  C:3298H         LINE#         189
  C:32C1H         LINE#         190
  C:32C9H         LINE#         191
  C:32CBH         LINE#         196
  C:32F3H         LINE#         198
  C:32FBH         LINE#         199
  -------         ENDPROC       GETVPEAK
  -------         PROC          GETVPA
  -------         DO            
  X:0028H         SYMBOL        adc
  X:002AH         SYMBOL        temp
  X:002EH         SYMBOL        i
  -------         ENDDO         
  C:2EFDH         LINE#         201
  C:2EFDH         LINE#         202
  C:2EFDH         LINE#         203
  C:2F04H         LINE#         204
  C:2F0CH         LINE#         206
  C:2F12H         LINE#         207
  C:2F27H         LINE#         208
  C:2F34H         LINE#         209
  C:2F34H         LINE#         210
  C:2F36H         LINE#         211
  C:2F38H         LINE#         212
  C:2F3BH         LINE#         213
  C:2F43H         LINE#         214
  C:2F51H         LINE#         215
  C:2F51H         LINE#         216
  C:2F53H         LINE#         217
  C:2F55H         LINE#         218
  C:2F58H         LINE#         219
  C:2F62H         LINE#         220
  C:2F75H         LINE#         221
  C:2F9EH         LINE#         222
  C:2FA6H         LINE#         223
  C:2FA8H         LINE#         228
  C:2FD0H         LINE#         230
  C:2FD8H         LINE#         231
  -------         ENDPROC       GETVPA
  -------         PROC          GETIPA
  -------         DO            
  X:0028H         SYMBOL        adc
  X:002AH         SYMBOL        temp
  X:002EH         SYMBOL        i
  -------         ENDDO         
  C:32FCH         LINE#         233
BL51 BANKED LINKER/LOCATER V6.22                                                      08/30/2017  18:37:29  PAGE 12


  C:32FCH         LINE#         234
  C:32FCH         LINE#         235
  C:3303H         LINE#         236
  C:330BH         LINE#         238
  C:3311H         LINE#         239
  C:3326H         LINE#         246
  C:3333H         LINE#         247
  C:3333H         LINE#         248
  C:3335H         LINE#         249
  C:3337H         LINE#         250
  C:333AH         LINE#         251
  C:3344H         LINE#         252
  C:3357H         LINE#         253
  C:3380H         LINE#         254
  C:3388H         LINE#         255
  C:338AH         LINE#         260
  C:33B2H         LINE#         262
  C:33BAH         LINE#         263
  -------         ENDPROC       GETIPA
  -------         PROC          INITTIMER3
  C:3ACBH         LINE#         267
  C:3ACBH         LINE#         268
  C:3ACBH         LINE#         269
  C:3ACEH         LINE#         270
  C:3AD1H         LINE#         271
  C:3AD4H         LINE#         272
  C:3AD7H         LINE#         273
  C:3AD9H         LINE#         274
  C:3ADCH         LINE#         275
  -------         ENDPROC       INITTIMER3
  -------         PROC          _TIMER_1MS_ENABLE
  D:0007H         SYMBOL        on
  C:3AEDH         LINE#         277
  C:3AEDH         LINE#         278
  C:3AEDH         LINE#         279
  C:3AF0H         LINE#         280
  C:3AF4H         LINE#         282
  C:3AF7H         LINE#         283
  -------         ENDPROC       _TIMER_1MS_ENABLE
  -------         PROC          TIMER3_ISR
  C:3912H         LINE#         285
  C:3918H         LINE#         287
  C:3926H         LINE#         288
  C:3934H         LINE#         289
  C:3942H         LINE#         290
  C:3945H         LINE#         291
  -------         ENDPROC       TIMER3_ISR
  -------         PROC          INITCAPTURE
  C:3890H         LINE#         294
  C:3890H         LINE#         295
  C:3890H         LINE#         296
  C:3896H         LINE#         297
  C:389CH         LINE#         298
  C:38A2H         LINE#         299
  C:38A8H         LINE#         301
  C:38BAH         LINE#         302
  C:38CCH         LINE#         304
BL51 BANKED LINKER/LOCATER V6.22                                                      08/30/2017  18:37:29  PAGE 13


  C:38CFH         LINE#         305
  C:38D1H         LINE#         306
  -------         ENDPROC       INITCAPTURE
  -------         PROC          _TIM2_GETCOUNTER
  D:0007H         SYMBOL        i
  -------         DO            
  D:0004H         SYMBOL        cap
  -------         ENDDO         
  C:39E6H         LINE#         308
  C:39E6H         LINE#         309
  C:39E6H         LINE#         310
  C:39E9H         LINE#         311
  C:39ECH         LINE#         312
  C:39ECH         LINE#         313
  C:39F0H         LINE#         314
  C:39FAH         LINE#         315
  C:39FCH         LINE#         317
  C:39FCH         LINE#         318
  C:3A02H         LINE#         319
  C:3A0CH         LINE#         320
  C:3A0CH         LINE#         321
  C:3A10H         LINE#         322
  -------         ENDPROC       _TIM2_GETCOUNTER
  -------         PROC          CAPTURE_ISR
  C:3768H         LINE#         324
  C:3785H         LINE#         327
  C:378AH         LINE#         328
  C:378AH         LINE#         330
  C:378FH         LINE#         331
  C:3792H         LINE#         332
  C:3795H         LINE#         333
  C:3795H         LINE#         334
  C:379AH         LINE#         335
  C:379AH         LINE#         338
  C:379FH         LINE#         339
  C:37A2H         LINE#         340
  C:37A5H         LINE#         341
  C:37A5H         LINE#         342
  -------         ENDPROC       CAPTURE_ISR
  -------         PROC          INITGPIO
  C:3984H         LINE#         345
  C:3984H         LINE#         346
  C:3984H         LINE#         347
  C:398AH         LINE#         348
  C:3990H         LINE#         349
  C:3996H         LINE#         350
  C:399CH         LINE#         351
  C:39A2H         LINE#         352
  C:39A8H         LINE#         354
  C:39AAH         LINE#         355
  C:39ACH         LINE#         356
  C:39AEH         LINE#         357
  C:39B0H         LINE#         358
  C:39B2H         LINE#         359
  C:39B4H         LINE#         360
  -------         ENDPROC       INITGPIO
  -------         PROC          QC20SHAKE
BL51 BANKED LINKER/LOCATER V6.22                                                      08/30/2017  18:37:29  PAGE 14


  -------         DO            
  X:0005H         SYMBOL        i
  -------         ENDDO         
  C:37C0H         LINE#         363
  C:37C0H         LINE#         364
  C:37C0H         LINE#         365
  C:37C5H         LINE#         366
  C:37C7H         LINE#         367
  C:37C9H         LINE#         368
  C:37D3H         LINE#         369
  C:37D3H         LINE#         370
  C:37DEH         LINE#         371
  C:37E6H         LINE#         372
  C:37E8H         LINE#         373
  C:37F6H         LINE#         374
  C:37F6H         LINE#         375
  C:3801H         LINE#         376
  C:3809H         LINE#         377
  -------         ENDPROC       QC20SHAKE
  -------         PROC          QC20OUT9V
  C:3B0DH         LINE#         379
  C:3B0DH         LINE#         380
  C:3B0DH         LINE#         381
  C:3B0FH         LINE#         382
  C:3B11H         LINE#         383
  -------         ENDPROC       QC20OUT9V
  -------         PROC          QC20OUT5V
  C:3B12H         LINE#         384
  C:3B12H         LINE#         385
  C:3B12H         LINE#         386
  C:3B14H         LINE#         387
  C:3B16H         LINE#         388
  -------         ENDPROC       QC20OUT5V
  -------         PROC          QC20OUT12V
  C:3B17H         LINE#         389
  C:3B17H         LINE#         390
  C:3B17H         LINE#         391
  C:3B19H         LINE#         392
  C:3B1BH         LINE#         393
  -------         ENDPROC       QC20OUT12V
  -------         PROC          _DELAY_FULL_FSK
  D:0007H         SYMBOL        full
  -------         DO            
  D:0004H         SYMBOL        cnt
  D:0002H         SYMBOL        cnt_target
  -------         ENDDO         
  C:3A7FH         LINE#         396
  C:3A7FH         LINE#         397
  C:3A7FH         LINE#         398
  C:3A82H         LINE#         399
  C:3A85H         LINE#         400
  C:3A88H         LINE#         401
  C:3A89H         LINE#         402
  C:3A89H         LINE#         403
  C:3A89H         LINE#         404
  C:3A8BH         LINE#         405
  C:3A8EH         LINE#         406
BL51 BANKED LINKER/LOCATER V6.22                                                      08/30/2017  18:37:29  PAGE 15


  C:3A93H         LINE#         407
  C:3A9AH         LINE#         408
  C:3A9AH         LINE#         409
  C:3A9BH         LINE#         410
  C:3A9BH         LINE#         411
  C:3A9DH         LINE#         412
  -------         ENDPROC       _DELAY_FULL_FSK
  -------         PROC          FSKSEND_SA
  -------         DO            
  X:0028H         SYMBOL        full
  X:0029H         SYMBOL        i
  -------         ENDDO         
  C:35A9H         LINE#         415
  C:35A9H         LINE#         416
  C:35A9H         LINE#         417
  C:35AFH         LINE#         418
  C:35B2H         LINE#         419
  C:35B4H         LINE#         420
  C:35BCH         LINE#         421
  C:35C5H         LINE#         422
  C:35C5H         LINE#         423
  C:35CBH         LINE#         424
  C:3605H         LINE#         428
  C:360AH         LINE#         429
  C:3611H         LINE#         430
  C:3615H         LINE#         432
  C:3617H         LINE#         433
  C:3619H         LINE#         434
  C:3621H         LINE#         435
  C:3625H         LINE#         436
  C:3627H         LINE#         437
  C:3629H         LINE#         439
  -------         ENDPROC       FSKSEND_SA
  -------         ENDMOD        HAL

  -------         MODULE        MAIN
  C:0000H         SYMBOL        _ICE_DUMMY_
  D:0080H         PUBLIC        P0
  D:0090H         PUBLIC        P1
  D:00A0H         PUBLIC        P2
  D:00B0H         PUBLIC        P3
  B:00A8H.7       PUBLIC        EA
  B:0090H.2       PUBLIC        LED1
  D:00D8H         PUBLIC        PWMCON0
  B:0090H.3       PUBLIC        LED2
  X:009CH         PUBLIC        IPA0
  D:00A8H         PUBLIC        IE
  X:009EH         PUBLIC        QC
  D:00B8H         PUBLIC        IP
  X:009FH         PUBLIC        echrx
  C:16ADH         PUBLIC        main
  X:00A0H         PUBLIC        ASKch
  D:0098H         PUBLIC        SCON
  D:0088H         PUBLIC        TCON
  X:00A1H         PUBLIC        t_ce_cnt_1ms
  X:00A3H         PUBLIC        rev_packet_info
  D:00F8H         PUBLIC        SCON_1
BL51 BANKED LINKER/LOCATER V6.22                                                      08/30/2017  18:37:29  PAGE 16


  X:00B0H         PUBLIC        t_pr_cnt_1ms
  X:00B2H         PUBLIC        t_rp_cnt_1ms
  D:00E8H         PUBLIC        ADCCON0
  X:00B4H         PUBLIC        power_ctrl_pram
  D:00C0H         PUBLIC        I2CON
  X:00BDH         PUBLIC        tx_phase
  X:00BEH         PUBLIC        Samsung
  X:00BFH         PUBLIC        Fremin
  X:00C3H         PUBLIC        temp_slow_state
  X:00C4H         PUBLIC        Xamsung
  D:00C8H         PUBLIC        T2CON
  D:0022H         PUBLIC        tx
  D:00D0H         PUBLIC        PSW
  X:00C5H         PUBLIC        tx_info
  -------         PROC          MAIN
  -------         DO            
  X:0003H         SYMBOL        i
  D:0006H         SYMBOL        temp
  -------         ENDDO         
  C:16ADH         LINE#         37
  C:16ADH         LINE#         38
  C:16ADH         LINE#         42
  C:16AFH         LINE#         43
  C:16B2H         LINE#         44
  C:16C7H         LINE#         45
  C:16CCH         LINE#         46
  C:16D7H         LINE#         47
  C:16DAH         LINE#         48
  C:16DDH         LINE#         49
  C:16E0H         LINE#         50
  C:16E2H         LINE#         52
  C:16E4H         LINE#         53
  C:16E7H         LINE#         54
  C:16F3H         LINE#         55
  C:16F3H         LINE#         56
  C:16F9H         LINE#         57
  C:16FBH         LINE#         59
  C:16FBH         LINE#         60
  C:1701H         LINE#         61
  C:1701H         LINE#         63
  C:1704H         LINE#         64
  C:1707H         LINE#         65
  C:1712H         LINE#         66
  C:1726H         LINE#         67
  C:1732H         LINE#         68
  C:173AH         LINE#         70
  C:173FH         LINE#         71
  C:1741H         LINE#         73
  C:174CH         LINE#         74
  C:1757H         LINE#         76
  C:1760H         LINE#         77
  C:177AH         LINE#         78
  C:178BH         LINE#         79
  C:17A3H         LINE#         80
  C:17ACH         LINE#         82
  C:17ACH         LINE#         83
  C:17ACH         LINE#         84
BL51 BANKED LINKER/LOCATER V6.22                                                      08/30/2017  18:37:29  PAGE 17


  C:17DCH         LINE#         85
  C:17DCH         LINE#         86
  C:17DCH         LINE#         87
  C:17DCH         LINE#         88
  C:17E8H         LINE#         89
  C:17E8H         LINE#         90
  C:17EEH         LINE#         91
  C:17F1H         LINE#         92
  C:17F3H         LINE#         93
  C:17F3H         LINE#         94
  C:17FFH         LINE#         95
  C:1807H         LINE#         97
  C:180CH         LINE#         98
  C:180FH         LINE#         99
  C:1820H         LINE#         100
  C:1823H         LINE#         101
  C:1825H         LINE#         102
  C:182BH         LINE#         103
  C:182BH         LINE#         104
  C:1833H         LINE#         105
  C:1833H         LINE#         106
  C:1838H         LINE#         107
  C:1841H         LINE#         108
  C:184AH         LINE#         109
  C:184DH         LINE#         110
  C:184DH         LINE#         111
  C:1850H         LINE#         113
  C:1850H         LINE#         114
  C:1850H         LINE#         116
  C:1853H         LINE#         117
  C:1853H         LINE#         118
  C:1856H         LINE#         120
  C:1856H         LINE#         121
  C:1856H         LINE#         122
  C:185FH         LINE#         123
  C:185FH         LINE#         124
  C:1862H         LINE#         125
  C:1862H         LINE#         126
  C:1862H         LINE#         127
  C:186BH         LINE#         128
  C:186BH         LINE#         129
  C:186EH         LINE#         130
  C:186EH         LINE#         131
  C:186EH         LINE#         132
  C:1870H         LINE#         133
  C:1886H         LINE#         134
  C:1886H         LINE#         135
  C:1888H         LINE#         136
  C:1893H         LINE#         137
  C:1895H         LINE#         138
  C:18A0H         LINE#         140
  C:18ACH         LINE#         141
  C:18ACH         LINE#         142
  C:18B7H         LINE#         143
  C:18C3H         LINE#         144
  C:18C3H         LINE#         145
  C:18C3H         LINE#         146
BL51 BANKED LINKER/LOCATER V6.22                                                      08/30/2017  18:37:29  PAGE 18


  C:18D3H         LINE#         147
  C:18D9H         LINE#         148
  C:18D9H         LINE#         149
  C:18DCH         LINE#         150
  C:18DCH         LINE#         151
  C:18DCH         LINE#         152
  C:18DEH         LINE#         153
  C:18F4H         LINE#         154
  C:18F4H         LINE#         155
  C:18F6H         LINE#         156
  C:1901H         LINE#         157
  C:1903H         LINE#         158
  C:190EH         LINE#         159
  C:191EH         LINE#         161
  C:191EH         LINE#         162
  C:191EH         LINE#         163
  C:1921H         LINE#         164
  C:192CH         LINE#         165
  C:1944H         LINE#         166
  C:1956H         LINE#         167
  C:195AH         LINE#         168
  C:1971H         LINE#         169
  C:1971H         LINE#         170
  C:1974H         LINE#         171
  C:197FH         LINE#         172
  C:1981H         LINE#         173
  C:1987H         LINE#         174
  C:1987H         LINE#         175
  C:198AH         LINE#         176
  C:198AH         LINE#         177
  C:198AH         LINE#         178
  C:198CH         LINE#         179
  C:198CH         LINE#         180
  C:198CH         LINE#         181
  C:198FH         LINE#         182
  C:199AH         LINE#         183
  C:19B2H         LINE#         184
  C:19C4H         LINE#         185
  C:19C8H         LINE#         186
  C:19DFH         LINE#         187
  C:19DFH         LINE#         188
  C:19E2H         LINE#         189
  C:19EDH         LINE#         190
  C:19EFH         LINE#         192
  C:19F1H         LINE#         193
  C:19F3H         LINE#         194
  C:19F9H         LINE#         195
  C:19F9H         LINE#         196
  C:19FCH         LINE#         197
  C:19FCH         LINE#         198
  C:19FCH         LINE#         199
  C:19FFH         LINE#         200
  C:1A0BH         LINE#         201
  C:1A0BH         LINE#         202
  C:1A16H         LINE#         203
  C:1A18H         LINE#         204
  C:1A23H         LINE#         205
BL51 BANKED LINKER/LOCATER V6.22                                                      08/30/2017  18:37:29  PAGE 19


  C:1A25H         LINE#         206
  C:1A27H         LINE#         207
  C:1A2DH         LINE#         208
  C:1A2DH         LINE#         209
  C:1A2DH         LINE#         210
  C:1A30H         LINE#         211
  C:1A30H         LINE#         212
  -------         ENDPROC       MAIN
  -------         ENDMOD        MAIN

  -------         MODULE        RCVPKT
  C:0000H         SYMBOL        _ICE_DUMMY_
  D:0080H         PUBLIC        P0
  D:0090H         PUBLIC        P1
  D:00A0H         PUBLIC        P2
  D:00B0H         PUBLIC        P3
  C:2930H         PUBLIC        _Receive_Packet
  D:00D8H         PUBLIC        PWMCON0
  D:00A8H         PUBLIC        IE
  D:00B8H         PUBLIC        IP
  C:1D99H         PUBLIC        _rcv_packet_int_handler
  D:0098H         PUBLIC        SCON
  D:0088H         PUBLIC        TCON
  C:351FH         PUBLIC        _Pakcet_Check_Checksum
  D:00E5H         PUBLIC        C0H
  D:00E7H         PUBLIC        C1H
  D:00E4H         PUBLIC        C0L
  D:00E6H         PUBLIC        C1L
  D:00F8H         PUBLIC        SCON_1
  C:394CH         PUBLIC        _Cul_MsgLen
  D:00E8H         PUBLIC        ADCCON0
  D:00C0H         PUBLIC        I2CON
  C:33BBH         PUBLIC        _Decode_OneByte
  D:00C8H         PUBLIC        T2CON
  C:3ADDH         PUBLIC        Reset_Receive_Packet
  D:00D0H         PUBLIC        PSW
  -------         PROC          _CUL_MSGLEN
  D:0007H         SYMBOL        i
  -------         DO            
  D:0006H         SYMBOL        len
  -------         ENDDO         
  C:394CH         LINE#         13
  C:394CH         LINE#         14
  C:394CH         LINE#         26
  C:3952H         LINE#         27
  C:395BH         LINE#         28
  C:3961H         LINE#         29
  C:3968H         LINE#         30
  C:396EH         LINE#         31
  C:3979H         LINE#         33
  C:3981H         LINE#         35
  C:3983H         LINE#         36
  -------         ENDPROC       _CUL_MSGLEN
  -------         PROC          _PAKCET_CHECK_CHECKSUM
  X:0038H         SYMBOL        p_tx_receive_packet
  -------         DO            
  X:003BH         SYMBOL        i
BL51 BANKED LINKER/LOCATER V6.22                                                      08/30/2017  18:37:29  PAGE 20


  X:003CH         SYMBOL        sum
  -------         ENDDO         
  C:351FH         LINE#         38
  C:352AH         LINE#         39
  C:352AH         LINE#         40
  C:352DH         LINE#         41
  C:353FH         LINE#         43
  C:355EH         LINE#         44
  C:355EH         LINE#         45
  C:3582H         LINE#         46
  C:358AH         LINE#         48
  C:35A3H         LINE#         49
  C:35A3H         LINE#         50
  C:35A6H         LINE#         51
  C:35A6H         LINE#         52
  C:35A8H         LINE#         53
  -------         ENDPROC       _PAKCET_CHECK_CHECKSUM
  -------         PROC          RESET_RECEIVE_PACKET
  C:3ADDH         LINE#         55
  C:3ADDH         LINE#         56
  C:3ADDH         LINE#         57
  C:3AECH         LINE#         59
  -------         ENDPROC       RESET_RECEIVE_PACKET
  -------         PROC          _RECEIVE_PACKET
  X:0028H         SYMBOL        p_tx_receive_packet
  -------         DO            
  X:002BH         SYMBOL        status
  X:002CH         SYMBOL        p_rcv_packet_info_v
  X:002FH         SYMBOL        p_rcv_packet_struct_v
  X:0032H         SYMBOL        p_rcv_packet_info_c
  X:0035H         SYMBOL        p_rcv_packet_struct_c
  -------         ENDDO         
  C:2930H         LINE#         61
  C:293BH         LINE#         62
  C:293BH         LINE#         63
  C:293EH         LINE#         64
  C:2948H         LINE#         65
  C:2953H         LINE#         66
  C:295EH         LINE#         67
  C:2969H         LINE#         69
  C:298CH         LINE#         70
  C:298CH         LINE#         71
  C:29A6H         LINE#         72
  C:29A9H         LINE#         73
  C:29A9H         LINE#         75
  C:29E1H         LINE#         77
  C:29E1H         LINE#         78
  C:29F2H         LINE#         79
  C:29F2H         LINE#         80
  C:2A11H         LINE#         81
  C:2A16H         LINE#         84
  C:2A18H         LINE#         86
  C:2A21H         LINE#         87
  C:2A33H         LINE#         88
  C:2A33H         LINE#         90
  C:2A6BH         LINE#         92
  C:2A6BH         LINE#         93
BL51 BANKED LINKER/LOCATER V6.22                                                      08/30/2017  18:37:29  PAGE 21


  C:2A7CH         LINE#         94
  C:2A7CH         LINE#         95
  C:2A9BH         LINE#         96
  C:2AA1H         LINE#         99
  C:2AA3H         LINE#         101
  C:2AACH         LINE#         102
  C:2ABEH         LINE#         103
  C:2ABEH         LINE#         105
  C:2AE1H         LINE#         106
  C:2AE6H         LINE#         108
  C:2AEBH         LINE#         109
  -------         ENDPROC       _RECEIVE_PACKET
  -------         PROC          _DECODE_ONEBYTE
  D:0001H         SYMBOL        p_rcv_packet_info
  -------         DO            
  D:000AH         SYMBOL        parity_cnt
  D:000BH         SYMBOL        bit_cnt
  D:000CH         SYMBOL        byte
  D:0007H         SYMBOL        error_type
  -------         ENDDO         
  C:33BBH         LINE#         111
  C:33BBH         LINE#         112
  C:33BBH         LINE#         113
  C:33C3H         LINE#         114
  C:33CBH         LINE#         115
  C:33D3H         LINE#         116
  C:33D5H         LINE#         118
  C:33D9H         LINE#         119
  C:33D9H         LINE#         120
  C:33DFH         LINE#         121
  C:33E7H         LINE#         123
  C:33EFH         LINE#         124
  C:33EFH         LINE#         125
  C:33F1H         LINE#         126
  C:33F1H         LINE#         127
  C:33F4H         LINE#         128
  C:33F6H         LINE#         129
  C:33F8H         LINE#         130
  C:33FFH         LINE#         131
  C:33FFH         LINE#         132
  C:3405H         LINE#         133
  C:340EH         LINE#         134
  C:340EH         LINE#         135
  C:3411H         LINE#         136
  C:3413H         LINE#         137
  C:3413H         LINE#         138
  C:3415H         LINE#         139
  C:3417H         LINE#         140
  C:341CH         LINE#         141
  C:341CH         LINE#         142
  C:342AH         LINE#         143
  C:342AH         LINE#         144
  C:342CH         LINE#         145
  C:342CH         LINE#         146
  C:342EH         LINE#         147
  C:3430H         LINE#         148
  C:3435H         LINE#         149
BL51 BANKED LINKER/LOCATER V6.22                                                      08/30/2017  18:37:29  PAGE 22


  C:3435H         LINE#         150
  C:343FH         LINE#         151
  C:343FH         LINE#         152
  C:3441H         LINE#         153
  C:3441H         LINE#         154
  C:3443H         LINE#         155
  C:3443H         LINE#         157
  C:344BH         LINE#         159
  C:3450H         LINE#         160
  C:3450H         LINE#         161
  C:3458H         LINE#         162
  C:345BH         LINE#         163
  C:345DH         LINE#         164
  C:345FH         LINE#         165
  C:345FH         LINE#         167
  C:3467H         LINE#         169
  C:346FH         LINE#         170
  C:3476H         LINE#         172
  C:3476H         LINE#         173
  -------         ENDPROC       _DECODE_ONEBYTE
  -------         PROC          _RCV_PACKET_INT_HANDLER
  X:0000H         SYMBOL        vol
  -------         DO            
  D:0008H         SYMBOL        time_diff
  D:0012H         SYMBOL        time_diffv0
  D:0014H         SYMBOL        time_diffv1
  D:0016H         SYMBOL        time_diffc0
  D:0018H         SYMBOL        time_diffc1
  X:0001H         SYMBOL        p_rcv_packet_info
  X:0002H         SYMBOL        p_rcv_packet_struct
  -------         ENDDO         
  C:1D99H         LINE#         176
  C:1D9EH         LINE#         177
  C:1D9EH         LINE#         178
  C:1DA3H         LINE#         186
  C:1DA5H         LINE#         187
  C:1DA7H         LINE#         190
  C:1DADH         LINE#         191
  C:1DADH         LINE#         192
  C:1DB3H         LINE#         193
  C:1DB9H         LINE#         194
  C:1DBBH         LINE#         196
  C:1DBBH         LINE#         197
  C:1DC1H         LINE#         198
  C:1DC7H         LINE#         199
  C:1DC7H         LINE#         201
  C:1DD6H         LINE#         203
  C:1DD6H         LINE#         205
  C:1DDAH         LINE#         206
  C:1DE0H         LINE#         207
  C:1DE6H         LINE#         208
  C:1DE6H         LINE#         212
  C:1DECH         LINE#         213
  C:1DECH         LINE#         215
  C:1DFCH         LINE#         216
  C:1E07H         LINE#         217
  C:1E15H         LINE#         219
BL51 BANKED LINKER/LOCATER V6.22                                                      08/30/2017  18:37:29  PAGE 23


  C:1E2AH         LINE#         220
  C:1E30H         LINE#         221
  C:1E32H         LINE#         223
  C:1E32H         LINE#         225
  C:1E42H         LINE#         226
  C:1E4DH         LINE#         227
  C:1E5BH         LINE#         229
  C:1E70H         LINE#         230
  C:1E76H         LINE#         231
  C:1E76H         LINE#         233
  C:1E83H         LINE#         234
  C:1E83H         LINE#         235
  C:1E8CH         LINE#         236
  C:1E8CH         LINE#         237
  C:1EA1H         LINE#         239
  C:1EA1H         LINE#         240
  C:1EA7H         LINE#         241
  C:1EADH         LINE#         242
  C:1EAFH         LINE#         244
  C:1EAFH         LINE#         245
  C:1EC4H         LINE#         247
  C:1EC4H         LINE#         248
  C:1ECDH         LINE#         249
  C:1ED6H         LINE#         250
  C:1ED6H         LINE#         251
  C:1EDCH         LINE#         252
  C:1EDCH         LINE#         253
  C:1EE5H         LINE#         254
  C:1EE7H         LINE#         256
  C:1EE7H         LINE#         257
  C:1EEEH         LINE#         258
  C:1EF7H         LINE#         259
  C:1EF7H         LINE#         260
  C:1F06H         LINE#         262
  C:1F06H         LINE#         263
  C:1F06H         LINE#         264
  C:1F06H         LINE#         265
  C:1F08H         LINE#         267
  C:1F08H         LINE#         268
  C:1F11H         LINE#         269
  C:1F11H         LINE#         272
  C:1F20H         LINE#         273
  C:1F20H         LINE#         276
  C:1F29H         LINE#         277
  C:1F29H         LINE#         278
  C:1F31H         LINE#         279
  C:1F31H         LINE#         280
  C:1F35H         LINE#         281
  C:1F38H         LINE#         282
  C:1F45H         LINE#         283
  C:1F45H         LINE#         284
  C:1F67H         LINE#         285
  C:1F67H         LINE#         286
  C:1F6EH         LINE#         287
  C:1F74H         LINE#         288
  C:1F74H         LINE#         289
  C:1F80H         LINE#         290
BL51 BANKED LINKER/LOCATER V6.22                                                      08/30/2017  18:37:29  PAGE 24


  C:1F80H         LINE#         291
  C:1F86H         LINE#         292
  C:1F8CH         LINE#         293
  C:1F8FH         LINE#         295
  C:1F8FH         LINE#         296
  C:1F97H         LINE#         297
  C:1F9BH         LINE#         298
  C:1FA1H         LINE#         299
  C:1FA1H         LINE#         300
  C:1FA1H         LINE#         301
  C:1FA4H         LINE#         303
  C:1FB0H         LINE#         304
  C:1FB0H         LINE#         305
  C:1FBFH         LINE#         306
  C:1FBFH         LINE#         307
  C:1FCEH         LINE#         308
  C:1FCEH         LINE#         309
  C:1FD4H         LINE#         310
  C:1FDFH         LINE#         311
  C:1FEBH         LINE#         313
  C:1FF4H         LINE#         315
  C:1FFBH         LINE#         316
  C:1FFBH         LINE#         317
  C:2002H         LINE#         318
  C:2008H         LINE#         319
  C:200BH         LINE#         320
  C:2018H         LINE#         321
  C:2018H         LINE#         322
  C:201EH         LINE#         323
  C:2024H         LINE#         324
  C:2024H         LINE#         325
  C:2024H         LINE#         326
  C:2024H         LINE#         327
  C:2027H         LINE#         329
  C:2033H         LINE#         330
  C:2033H         LINE#         331
  C:2042H         LINE#         332
  C:2042H         LINE#         333
  C:204EH         LINE#         334
  C:204EH         LINE#         335
  C:2054H         LINE#         336
  C:2068H         LINE#         337
  C:2070H         LINE#         338
  C:2070H         LINE#         340
  C:208DH         LINE#         341
  C:208DH         LINE#         342
  C:2096H         LINE#         343
  C:209CH         LINE#         344
  C:209CH         LINE#         345
  C:209CH         LINE#         346
  C:209EH         LINE#         348
  C:20AAH         LINE#         349
  C:20AAH         LINE#         350
  C:20B6H         LINE#         351
  C:20B6H         LINE#         352
  C:20C2H         LINE#         353
  C:20C2H         LINE#         354
BL51 BANKED LINKER/LOCATER V6.22                                                      08/30/2017  18:37:29  PAGE 25


  C:20C8H         LINE#         355
  C:20D5H         LINE#         356
  C:20DEH         LINE#         357
  C:20DEH         LINE#         358
  C:20DEH         LINE#         359
  C:20DEH         LINE#         360
  C:20E7H         LINE#         361
  C:20E7H         LINE#         362
  C:20E7H         LINE#         376
  -------         ENDPROC       _RCV_PACKET_INT_HANDLER
  -------         ENDMOD        RCVPKT

  -------         MODULE        SELECTION
  C:0000H         SYMBOL        _ICE_DUMMY_
  C:30B0H         PUBLIC        TX_Phase_ProcessSelect
  -------         PROC          TX_PHASE_PROCESSSELECT
  -------         DO            
  X:0005H         SYMBOL        ipa_alg
  X:00CDH         SYMBOL        i
  -------         ENDDO         
  C:30B0H         LINE#         8
  C:30B0H         LINE#         9
  C:30B0H         LINE#         10
  C:30B7H         LINE#         12
  C:30BDH         LINE#         13
  C:30C0H         LINE#         14
  C:30CBH         LINE#         15
  C:30D6H         LINE#         16
  C:30EBH         LINE#         17
  C:30EEH         LINE#         18
  C:3106H         LINE#         22
  C:3131H         LINE#         24
  C:3131H         LINE#         25
  C:3138H         LINE#         27
  C:3138H         LINE#         29
  C:3154H         LINE#         30
  C:3154H         LINE#         31
  C:315FH         LINE#         32
  C:3166H         LINE#         34
  C:3166H         LINE#         36
  C:3166H         LINE#         37
  C:316CH         LINE#         38
  C:3172H         LINE#         39
  C:3172H         LINE#         40
  C:3178H         LINE#         41
  C:317DH         LINE#         42
  C:317DH         LINE#         43
  C:317DH         LINE#         44
  -------         ENDPROC       TX_PHASE_PROCESSSELECT
  -------         ENDMOD        SELECTION

  -------         MODULE        PING
  C:0000H         SYMBOL        _ICE_DUMMY_
  C:2FD9H         PUBLIC        TX_Phase_ProcessPing
  -------         PROC          TX_PHASE_PROCESSPING
  -------         DO            
  X:0005H         SYMBOL        p_tx_receive_packet
BL51 BANKED LINKER/LOCATER V6.22                                                      08/30/2017  18:37:29  PAGE 26


  -------         ENDDO         
  C:2FD9H         LINE#         5
  C:2FD9H         LINE#         6
  C:2FD9H         LINE#         7
  C:2FE2H         LINE#         9
  C:2FE7H         LINE#         11
  C:2FEAH         LINE#         12
  C:2FF5H         LINE#         13
  C:2FF8H         LINE#         14
  C:2FFFH         LINE#         16
  C:2FFFH         LINE#         18
  C:300EH         LINE#         19
  C:300EH         LINE#         20
  C:3019H         LINE#         21
  C:301FH         LINE#         22
  C:3021H         LINE#         23
  C:3021H         LINE#         25
  C:302DH         LINE#         26
  C:302DH         LINE#         28
  C:303FH         LINE#         29
  C:303FH         LINE#         30
  C:3069H         LINE#         31
  C:307FH         LINE#         32
  C:307FH         LINE#         33
  C:3085H         LINE#         34
  C:3085H         LINE#         35
  C:3087H         LINE#         37
  C:3087H         LINE#         38
  C:308DH         LINE#         39
  C:308FH         LINE#         40
  C:308FH         LINE#         41
  C:308FH         LINE#         42
  C:309AH         LINE#         44
  C:30A2H         LINE#         45
  C:30A2H         LINE#         46
  C:30A7H         LINE#         47
  C:30AAH         LINE#         49
  C:30AFH         LINE#         51
  C:30AFH         LINE#         52
  -------         ENDPROC       TX_PHASE_PROCESSPING
  -------         ENDMOD        PING

  -------         MODULE        IDCFG
  C:0000H         SYMBOL        _ICE_DUMMY_
  C:2414H         PUBLIC        _TX_Phase_ProcessCfg
  -------         PROC          _TX_PHASE_PROCESSCFG
  X:0005H         SYMBOL        p_tx_info
  -------         DO            
  X:0008H         SYMBOL        optional_packet_cnt
  X:0009H         SYMBOL        order
  X:000AH         SYMBOL        id_ext
  X:000BH         SYMBOL        t_ce_cnt_1ms_timeout
  X:000CH         SYMBOL        p_tx_receive_packet
  -------         ENDDO         
  C:2414H         LINE#         4
  C:241FH         LINE#         5
  C:241FH         LINE#         6
BL51 BANKED LINKER/LOCATER V6.22                                                      08/30/2017  18:37:29  PAGE 27


  C:2422H         LINE#         7
  C:2424H         LINE#         8
  C:2426H         LINE#         9
  C:242AH         LINE#         10
  C:2431H         LINE#         12
  C:2441H         LINE#         13
  C:2448H         LINE#         15
  C:244BH         LINE#         17
  C:244BH         LINE#         19
  C:246BH         LINE#         20
  C:246BH         LINE#         21
  C:2471H         LINE#         22
  C:2474H         LINE#         23
  C:2474H         LINE#         25
  C:2483H         LINE#         26
  C:2483H         LINE#         28
  C:248AH         LINE#         29
  C:24D5H         LINE#         30
  C:24D5H         LINE#         32
  C:24D5H         LINE#         33
  C:24D5H         LINE#         34
  C:24DBH         LINE#         35
  C:24DDH         LINE#         36
  C:24E3H         LINE#         37
  C:24F8H         LINE#         38
  C:251AH         LINE#         39
  C:2522H         LINE#         41
  C:2527H         LINE#         42
  C:254CH         LINE#         43
  C:2555H         LINE#         45
  C:255AH         LINE#         46
  C:255AH         LINE#         47
  C:255DH         LINE#         50
  C:255DH         LINE#         51
  C:255DH         LINE#         52
  C:2568H         LINE#         53
  C:2568H         LINE#         54
  C:256EH         LINE#         55
  C:256EH         LINE#         56
  C:256EH         LINE#         57
  C:2571H         LINE#         60
  C:2571H         LINE#         61
  C:2571H         LINE#         62
  C:257AH         LINE#         63
  C:257AH         LINE#         64
  C:2580H         LINE#         65
  C:2583H         LINE#         66
  C:2583H         LINE#         67
  C:2589H         LINE#         69
  C:25AFH         LINE#         70
  C:25D9H         LINE#         71
  C:25F4H         LINE#         72
  C:25F4H         LINE#         73
  C:25FAH         LINE#         74
  C:25FDH         LINE#         75
  C:25FDH         LINE#         76
  C:2603H         LINE#         77
BL51 BANKED LINKER/LOCATER V6.22                                                      08/30/2017  18:37:29  PAGE 28


  C:2603H         LINE#         78
  C:2606H         LINE#         80
  C:2606H         LINE#         81
  C:2606H         LINE#         82
  C:260CH         LINE#         83
  C:260CH         LINE#         84
  C:260FH         LINE#         87
  C:260FH         LINE#         88
  C:260FH         LINE#         89
  C:2617H         LINE#         90
  C:2617H         LINE#         91
  C:261DH         LINE#         92
  C:261FH         LINE#         93
  C:261FH         LINE#         94
  C:2640H         LINE#         95
  C:2663H         LINE#         97
  C:2663H         LINE#         98
  C:2669H         LINE#         99
  C:2674H         LINE#         100
  C:2676H         LINE#         101
  C:2676H         LINE#         102
  C:2676H         LINE#         103
  C:2676H         LINE#         104
  C:2676H         LINE#         105
  C:2676H         LINE#         106
  C:2676H         LINE#         107
  C:2676H         LINE#         108
  C:2676H         LINE#         109
  C:2676H         LINE#         110
  C:2676H         LINE#         111
  C:2676H         LINE#         112
  C:2676H         LINE#         113
  C:2676H         LINE#         114
  C:2676H         LINE#         115
  C:2676H         LINE#         116
  C:2676H         LINE#         117
  C:267CH         LINE#         118
  C:267CH         LINE#         119
  C:2685H         LINE#         120
  C:268BH         LINE#         121
  C:268DH         LINE#         122
  C:268DH         LINE#         123
  C:2693H         LINE#         124
  C:2693H         LINE#         125
  C:2693H         LINE#         126
  C:2693H         LINE#         127
  C:2693H         LINE#         128
  C:2693H         LINE#         130
  C:269EH         LINE#         132
  C:26A6H         LINE#         133
  C:26A6H         LINE#         134
  C:26B1H         LINE#         135
  C:26B4H         LINE#         136
  C:26B9H         LINE#         138
  C:26BEH         LINE#         140
  C:26BEH         LINE#         142
  -------         ENDPROC       _TX_PHASE_PROCESSCFG
BL51 BANKED LINKER/LOCATER V6.22                                                      08/30/2017  18:37:29  PAGE 29


  -------         ENDMOD        IDCFG

  -------         MODULE        PT
  C:0000H         SYMBOL        _ICE_DUMMY_
  D:0080H         PUBLIC        P0
  D:0090H         PUBLIC        P1
  X:007BH         PUBLIC        Savep
  D:00A0H         PUBLIC        P2
  D:00B0H         PUBLIC        P3
  C:1A34H         PUBLIC        _Ctrl_PIDAlgorithm
  B:0090H.2       PUBLIC        LED1
  D:00D8H         PUBLIC        PWMCON0
  C:26BFH         SYMBOL        _pt_temp_control_slow
  D:00A8H         PUBLIC        IE
  X:007CH         PUBLIC        Save
  D:00B8H         PUBLIC        IP
  D:0098H         PUBLIC        SCON
  D:0088H         PUBLIC        TCON
  X:007DH         PUBLIC        fod_effi
  C:2AECH         PUBLIC        _MoveDet
  D:00F8H         PUBLIC        SCON_1
  B:0090H.4       PUBLIC        FAN
  X:0088H         PUBLIC        pid_Kp
  D:00E8H         PUBLIC        ADCCON0
  D:00C0H         PUBLIC        I2CON
  D:00C8H         PUBLIC        T2CON
  C:095FH         PUBLIC        _TX_Phase_ProcessPT
  X:009AH         PUBLIC        firstvpa
  D:00D0H         PUBLIC        PSW
  -------         PROC          _MOVEDET
  X:00C7H         SYMBOL        papower
  X:00C9H         SYMBOL        rcvpower
  D:0003H         SYMBOL        firstrp
  -------         DO            
  X:0068H         SYMBOL        rp
  X:0069H         SYMBOL        avgeff
  X:006BH         SYMBOL        eff
  X:006DH         SYMBOL        times
  X:00CBH         SYMBOL        turns
  -------         ENDDO         
  C:2AECH         LINE#         15
  C:2AFAH         LINE#         16
  C:2AFAH         LINE#         21
  C:2AFEH         LINE#         22
  C:2B01H         LINE#         23
  C:2B01H         LINE#         24
  C:2B06H         LINE#         25
  C:2B0AH         LINE#         26
  C:2B0EH         LINE#         27
  C:2B0EH         LINE#         28
  C:2B1BH         LINE#         29
  C:2B1BH         LINE#         30
  C:2B1EH         LINE#         31
  C:2B30H         LINE#         32
  C:2B64H         LINE#         33
  C:2B7CH         LINE#         34
  C:2B7CH         LINE#         35
BL51 BANKED LINKER/LOCATER V6.22                                                      08/30/2017  18:37:29  PAGE 30


  C:2B89H         LINE#         36
  C:2B89H         LINE#         37
  C:2BA5H         LINE#         38
  C:2BBDH         LINE#         39
  C:2BBDH         LINE#         40
  C:2BCCH         LINE#         41
  C:2BCCH         LINE#         42
  C:2BFCH         LINE#         43
  C:2C14H         LINE#         44
  C:2C14H         LINE#         45
  C:2C2CH         LINE#         46
  C:2C44H         LINE#         47
  C:2C53H         LINE#         48
  C:2C53H         LINE#         49
  C:2C5CH         LINE#         50
  C:2C74H         LINE#         51
  C:2C8CH         LINE#         52
  C:2C92H         LINE#         53
  C:2C96H         LINE#         54
  C:2C99H         LINE#         55
  C:2C99H         LINE#         57
  C:2C9EH         LINE#         58
  C:2C9EH         LINE#         59
  C:2C9EH         LINE#         60
  C:2CA0H         LINE#         62
  -------         ENDPROC       _MOVEDET
  -------         PROC          _PT_TEMP_CONTROL_SLOW
  D:0007H         SYMBOL        firstrp
  X:0029H         SYMBOL        power_received
  X:002BH         SYMBOL        papower
  X:002DH         SYMBOL        s8_bl
  X:002EH         SYMBOL        ech_rx
  -------         DO            
  X:006EH         SYMBOL        rp_counter
  X:006FH         SYMBOL        rp_stable_cnt
  X:0071H         SYMBOL        rp_notstable_cnt
  X:0072H         SYMBOL        stable_rp_value
  X:0074H         SYMBOL        pa_stable_cnt
  X:0076H         SYMBOL        pa_notstable_cnt
  X:0077H         SYMBOL        stable_pa_value
  X:002FH         SYMBOL        overtempreason
  -------         ENDDO         
  C:26BFH         LINE#         65
  C:26CDH         LINE#         72
  C:26CDH         LINE#         83
  C:26D2H         LINE#         85
  C:26D6H         LINE#         86
  C:26D6H         LINE#         87
  C:26DDH         LINE#         88
  C:26DFH         LINE#         89
  C:26E3H         LINE#         91
  C:26E7H         LINE#         92
  C:26E9H         LINE#         93
  C:26EDH         LINE#         95
  C:26F1H         LINE#         96
  C:26F1H         LINE#         98
  C:26FAH         LINE#         99
BL51 BANKED LINKER/LOCATER V6.22                                                      08/30/2017  18:37:29  PAGE 31


  C:26FDH         LINE#         100
  C:270EH         LINE#         101
  C:272FH         LINE#         102
  C:272FH         LINE#         103
  C:2743H         LINE#         104
  C:2743H         LINE#         105
  C:2779H         LINE#         107
  C:2779H         LINE#         108
  C:2787H         LINE#         109
  C:278CH         LINE#         110
  C:27A4H         LINE#         111
  C:27A6H         LINE#         113
  C:27A6H         LINE#         114
  C:27ACH         LINE#         115
  C:27B2H         LINE#         116
  C:27B2H         LINE#         117
  C:27C1H         LINE#         118
  C:27C8H         LINE#         119
  C:27E0H         LINE#         120
  C:27E0H         LINE#         121
  C:27E0H         LINE#         122
  C:27EFH         LINE#         123
  C:27EFH         LINE#         124
  C:2807H         LINE#         125
  C:2816H         LINE#         126
  C:281EH         LINE#         128
  C:281EH         LINE#         129
  C:2825H         LINE#         130
  C:282BH         LINE#         131
  C:282FH         LINE#         132
  C:282FH         LINE#         133
  C:282FH         LINE#         135
  C:2865H         LINE#         137
  C:2865H         LINE#         138
  C:2873H         LINE#         139
  C:2878H         LINE#         140
  C:2890H         LINE#         141
  C:2892H         LINE#         143
  C:2892H         LINE#         144
  C:2898H         LINE#         145
  C:289EH         LINE#         146
  C:289EH         LINE#         147
  C:28ADH         LINE#         148
  C:28B4H         LINE#         149
  C:28CCH         LINE#         150
  C:28CCH         LINE#         151
  C:28CCH         LINE#         152
  C:28DBH         LINE#         153
  C:28DBH         LINE#         154
  C:28F3H         LINE#         155
  C:2902H         LINE#         156
  C:290AH         LINE#         158
  C:290AH         LINE#         159
  C:2911H         LINE#         160
  C:2913H         LINE#         161
  C:2917H         LINE#         162
  C:2917H         LINE#         163
BL51 BANKED LINKER/LOCATER V6.22                                                      08/30/2017  18:37:29  PAGE 32


  C:2917H         LINE#         164
  C:2917H         LINE#         165
  C:2917H         LINE#         167
  C:291DH         LINE#         168
  C:292AH         LINE#         169
  C:292AH         LINE#         170
  C:292FH         LINE#         171
  -------         ENDPROC       _PT_TEMP_CONTROL_SLOW
  -------         PROC          _CTRL_PIDALGORITHM
  X:0028H         SYMBOL        ctrl_error_val
  -------         DO            
  X:0029H         SYMBOL        deltafre
  X:0079H         SYMBOL        shake_state
  X:007AH         SYMBOL        pid_slow_multiple
  -------         ENDDO         
  C:1A34H         LINE#         174
  C:1A39H         LINE#         175
  C:1A39H         LINE#         180
  C:1A3FH         LINE#         181
  C:1A3FH         LINE#         182
  C:1A44H         LINE#         183
  C:1A44H         LINE#         185
  C:1A60H         LINE#         186
  C:1A60H         LINE#         187
  C:1A67H         LINE#         188
  C:1A6AH         LINE#         189
  C:1A78H         LINE#         190
  C:1A78H         LINE#         191
  C:1A78H         LINE#         192
  C:1A81H         LINE#         193
  C:1A84H         LINE#         195
  C:1A84H         LINE#         196
  C:1A8FH         LINE#         198
  C:1A95H         LINE#         199
  C:1A95H         LINE#         200
  C:1A9FH         LINE#         201
  C:1AA1H         LINE#         203
  C:1AA1H         LINE#         204
  C:1AABH         LINE#         205
  C:1AABH         LINE#         207
  C:1AB6H         LINE#         208
  C:1AD6H         LINE#         210
  C:1AE7H         LINE#         211
  C:1AEDH         LINE#         212
  C:1AF8H         LINE#         213
  C:1AF8H         LINE#         215
  C:1B0AH         LINE#         216
  C:1B23H         LINE#         218
  C:1B88H         LINE#         220
  C:1BADH         LINE#         221
  C:1BB3H         LINE#         222
  C:1BB3H         LINE#         223
  C:1BD8H         LINE#         224
  C:1BD8H         LINE#         225
  C:1BE2H         LINE#         226
  C:1C03H         LINE#         227
  C:1C0DH         LINE#         228
BL51 BANKED LINKER/LOCATER V6.22                                                      08/30/2017  18:37:29  PAGE 33


  C:1C10H         LINE#         230
  C:1C10H         LINE#         231
  C:1C2CH         LINE#         232
  C:1C2CH         LINE#         233
  C:1C47H         LINE#         234
  C:1C47H         LINE#         235
  C:1C51H         LINE#         236
  C:1C58H         LINE#         237
  C:1C5BH         LINE#         238
  C:1C77H         LINE#         239
  C:1C77H         LINE#         240
  C:1C81H         LINE#         241
  C:1C88H         LINE#         242
  C:1C8AH         LINE#         244
  C:1C8FH         LINE#         245
  C:1C91H         LINE#         247
  C:1C91H         LINE#         248
  C:1CACH         LINE#         249
  C:1CACH         LINE#         250
  C:1CB6H         LINE#         251
  C:1CBDH         LINE#         252
  C:1CBFH         LINE#         253
  C:1CDBH         LINE#         254
  C:1CDBH         LINE#         255
  C:1CE5H         LINE#         256
  C:1CECH         LINE#         257
  C:1CEEH         LINE#         259
  C:1CF3H         LINE#         260
  C:1CF3H         LINE#         261
  C:1CFFH         LINE#         262
  C:1CFFH         LINE#         263
  C:1D08H         LINE#         264
  C:1D33H         LINE#         265
  C:1D38H         LINE#         266
  C:1D38H         LINE#         267
  C:1D38H         LINE#         269
  C:1D7EH         LINE#         270
  C:1D80H         LINE#         272
  C:1D80H         LINE#         273
  C:1D95H         LINE#         274
  C:1D95H         LINE#         275
  C:1D98H         LINE#         277
  C:1D98H         LINE#         278
  -------         ENDPROC       _CTRL_PIDALGORITHM
  -------         PROC          _TX_PHASE_PROCESSPT
  X:0005H         SYMBOL        p_tx_info
  -------         DO            
  X:0008H         SYMBOL        ctrl_error_val
  X:0009H         SYMBOL        power_received
  X:000BH         SYMBOL        ipa
  X:000DH         SYMBOL        vpa
  X:000FH         SYMBOL        papower
  X:0011H         SYMBOL        firstce
  X:0012H         SYMBOL        firstrp
  X:0013H         SYMBOL        cecount
  X:0014H         SYMBOL        readyfsk
  X:0015H         SYMBOL        NotCharging_Cnt
BL51 BANKED LINKER/LOCATER V6.22                                                      08/30/2017  18:37:29  PAGE 34


  X:0016H         SYMBOL        Charging_Cnt
  X:0017H         SYMBOL        complete
  X:0018H         SYMBOL        i
  X:0019H         SYMBOL        header
  X:001AH         SYMBOL        byte1
  X:001BH         SYMBOL        byte2
  X:001CH         SYMBOL        fodcount
  X:001DH         SYMBOL        cebutiao
  X:001EH         SYMBOL        cntdown
  X:0022H         SYMBOL        deltavpa
  X:0024H         SYMBOL        s8_bl
  X:0025H         SYMBOL        p_tx_receive_packet
  -------         ENDDO         
  C:095FH         LINE#         283
  C:096AH         LINE#         284
  C:096AH         LINE#         289
  C:0971H         LINE#         290
  C:0974H         LINE#         291
  C:0976H         LINE#         292
  C:0979H         LINE#         293
  C:097CH         LINE#         294
  C:097FH         LINE#         295
  C:0981H         LINE#         296
  C:0983H         LINE#         297
  C:0985H         LINE#         300
  C:0989H         LINE#         307
  C:098BH         LINE#         309
  C:0993H         LINE#         310
  C:099AH         LINE#         313
  C:099CH         LINE#         315
  C:09A5H         LINE#         316
  C:09ACH         LINE#         317
  C:09B2H         LINE#         318
  C:09B8H         LINE#         321
  C:09C3H         LINE#         325
  C:09CDH         LINE#         326
  C:09E5H         LINE#         328
  C:09E8H         LINE#         330
  C:09E8H         LINE#         331
  C:09E8H         LINE#         334
  C:09F4H         LINE#         335
  C:09F4H         LINE#         336
  C:09F7H         LINE#         337
  C:09FDH         LINE#         338
  C:0A06H         LINE#         339
  C:0A09H         LINE#         340
  C:0A09H         LINE#         343
  C:0A18H         LINE#         344
  C:0A18H         LINE#         345
  C:0A1EH         LINE#         346
  C:0A27H         LINE#         347
  C:0A2AH         LINE#         348
  C:0A2AH         LINE#         349
  C:0A4BH         LINE#         350
  C:0A4BH         LINE#         351
  C:0A5AH         LINE#         352
  C:0A5AH         LINE#         353
BL51 BANKED LINKER/LOCATER V6.22                                                      08/30/2017  18:37:29  PAGE 35


  C:0A60H         LINE#         354
  C:0A65H         LINE#         355
  C:0A65H         LINE#         356
  C:0A67H         LINE#         357
  C:0A6CH         LINE#         358
  C:0A75H         LINE#         359
  C:0A78H         LINE#         360
  C:0A78H         LINE#         362
  C:0A78H         LINE#         363
  C:0A7FH         LINE#         364
  C:0A9FH         LINE#         365
  C:0AA8H         LINE#         366
  C:0AA8H         LINE#         367
  C:0AAAH         LINE#         368
  C:0AB9H         LINE#         369
  C:0AB9H         LINE#         370
  C:0ABFH         LINE#         371
  C:0AC4H         LINE#         372
  C:0AC4H         LINE#         373
  C:0AC6H         LINE#         374
  C:0ACBH         LINE#         375
  C:0AD4H         LINE#         376
  C:0AD7H         LINE#         377
  C:0AD7H         LINE#         379
  C:0AD7H         LINE#         380
  C:0ADEH         LINE#         381
  C:0AE4H         LINE#         382
  C:0B04H         LINE#         383
  C:0B0DH         LINE#         384
  C:0B0DH         LINE#         385
  C:0B0DH         LINE#         386
  C:0B10H         LINE#         387
  C:0B10H         LINE#         390
  C:0B19H         LINE#         391
  C:0B19H         LINE#         392
  C:0B23H         LINE#         394
  C:0B23H         LINE#         395
  C:0B48H         LINE#         396
  C:0B5DH         LINE#         397
  C:0B64H         LINE#         398
  C:0B7EH         LINE#         399
  C:0B7EH         LINE#         400
  C:0B87H         LINE#         401
  C:0BA7H         LINE#         402
  C:0BAAH         LINE#         403
  C:0BB0H         LINE#         404
  C:0BB2H         LINE#         405
  C:0BB2H         LINE#         406
  C:0BCAH         LINE#         407
  C:0BCAH         LINE#         409
[...]
  C:0D82H         LINE#         476
  C:0D88H         LINE#         477
  C:0D88H         LINE#         478
  C:0D8AH         LINE#         479
  C:0D97H         LINE#         480
  C:0DBAH         LINE#         481
  C:0DC1H         LINE#         482
  C:0DC1H         LINE#         483
  C:0DD9H         LINE#         508
  C:0DEDH         LINE#         509
BL51 BANKED LINKER/LOCATER V6.22                                                      08/30/2017  18:37:29  PAGE 37


  C:0DF3H         LINE#         510
  C:0DF6H         LINE#         511
  C:0E43H         LINE#         512
  C:0E4BH         LINE#         514
  C:0E50H         LINE#         516
  C:0E67H         LINE#         517
  C:0E67H         LINE#         518
  C:0E6DH         LINE#         519
  C:0E76H         LINE#         520
  C:0E79H         LINE#         521
  C:0E79H         LINE#         524
  C:0E85H         LINE#         525
  C:0E85H         LINE#         526
  C:0E90H         LINE#         527
  C:0E9CH         LINE#         528
  C:0E9CH         LINE#         529
  C:0EA2H         LINE#         530
  C:0EA5H         LINE#         531
  C:0EA8H         LINE#         532
  C:0EA8H         LINE#         533
  C:0EA8H         LINE#         536
  C:0ED3H         LINE#         537
  C:0ED3H         LINE#         538
  C:0ED9H         LINE#         539
  C:0EDDH         LINE#         540
  C:0EE0H         LINE#         541
  C:0EE3H         LINE#         542
  C:0EE3H         LINE#         544
  C:0EE8H         LINE#         545
  C:0EEBH         LINE#         547
  C:0EF6H         LINE#         548
  C:0EF6H         LINE#         550
  C:0EFCH         LINE#         551
  C:0EFCH         LINE#         552
  C:0EFEH         LINE#         553
  C:0F00H         LINE#         554
  C:0F00H         LINE#         555
  C:0F47H         LINE#         556
  C:0F47H         LINE#         557
  C:0F4FH         LINE#         558
  C:0F52H         LINE#         559
  C:0F57H         LINE#         560
  C:0F5FH         LINE#         561
  C:0F61H         LINE#         562
  C:0F63H         LINE#         563
  C:0FA0H         LINE#         564
  C:0FA0H         LINE#         565
  C:0FA4H         LINE#         566
  C:0FABH         LINE#         567
  C:0FAEH         LINE#         568
  C:0FB5H         LINE#         569
  C:0FB7H         LINE#         570
  C:0FB9H         LINE#         572
  C:0FB9H         LINE#         573
  C:0FBEH         LINE#         574
  C:0FC0H         LINE#         575
  C:0FC0H         LINE#         577
BL51 BANKED LINKER/LOCATER V6.22                                                      08/30/2017  18:37:29  PAGE 38


  C:0FC6H         LINE#         578
  C:0FC8H         LINE#         579
  C:0FD7H         LINE#         580
  C:0FD7H         LINE#         581
  C:0FDCH         LINE#         582
  C:0FFCH         LINE#         583
  C:0FFFH         LINE#         584
  C:1004H         LINE#         585
  C:100AH         LINE#         586
  C:1013H         LINE#         587
  C:1019H         LINE#         588
  C:101CH         LINE#         589
  C:101CH         LINE#         590
  C:102AH         LINE#         591
  C:102AH         LINE#         592
  C:1037H         LINE#         593
  C:1037H         LINE#         595
  C:103EH         LINE#         597
  C:103EH         LINE#         598
  C:1047H         LINE#         600
  C:104DH         LINE#         602
  C:1052H         LINE#         603
  C:1055H         LINE#         604
  C:1055H         LINE#         605
  C:1055H         LINE#         606
  C:105AH         LINE#         607
  C:105DH         LINE#         609
  C:1060H         LINE#         610
  C:1060H         LINE#         611
  C:1068H         LINE#         628
  C:107EH         LINE#         630
  C:1084H         LINE#         631
  C:1084H         LINE#         632
  C:1086H         LINE#         633
  C:108BH         LINE#         634
  C:108BH         LINE#         636
  C:109CH         LINE#         642
  C:10A7H         LINE#         643
  C:10AAH         LINE#         644
  C:10C1H         LINE#         645
  C:10C1H         LINE#         646
  C:10C9H         LINE#         647
  C:10C9H         LINE#         648
  C:10D4H         LINE#         650
  C:10D7H         LINE#         651
  C:10DEH         LINE#         652
  C:10DEH         LINE#         653
  C:10E3H         LINE#         654
  C:10E3H         LINE#         655
  C:10E9H         LINE#         656
  C:10EBH         LINE#         658
  C:10F1H         LINE#         660
  C:10F4H         LINE#         662
  C:10F4H         LINE#         663
  C:10F6H         LINE#         664
  C:10FBH         LINE#         665
  C:10FBH         LINE#         666
BL51 BANKED LINKER/LOCATER V6.22                                                      08/30/2017  18:37:29  PAGE 39


  C:10FEH         LINE#         668
  C:110CH         LINE#         669
  C:110CH         LINE#         670
  C:1112H         LINE#         671
  C:111BH         LINE#         672
  C:111EH         LINE#         674
  C:1129H         LINE#         675
  C:1129H         LINE#         676
  C:1133H         LINE#         677
  C:1133H         LINE#         678
  C:1139H         LINE#         679
  C:113DH         LINE#         680
  C:1146H         LINE#         681
  C:1149H         LINE#         682
  C:1149H         LINE#         683
  C:115AH         LINE#         684
  C:115AH         LINE#         685
  C:1160H         LINE#         686
  C:1164H         LINE#         687
  C:116DH         LINE#         688
  C:1170H         LINE#         689
  C:1170H         LINE#         690
  C:117BH         LINE#         691
  C:117BH         LINE#         693
  C:1184H         LINE#         695
  C:118AH         LINE#         696
  C:118DH         LINE#         697
  C:118DH         LINE#         698
  C:1198H         LINE#         699
  C:1198H         LINE#         701
  C:11A1H         LINE#         703
  C:11A7H         LINE#         704
  C:11AAH         LINE#         705
  C:11AAH         LINE#         707
  C:11C2H         LINE#         708
  C:11C2H         LINE#         709
  C:11D4H         LINE#         710
  C:11D4H         LINE#         713
  C:11D7H         LINE#         723
  C:11ECH         LINE#         727
  C:11ECH         LINE#         728
  C:11F7H         LINE#         729
  C:11FDH         LINE#         730
  C:120EH         LINE#         731
  C:120EH         LINE#         732
  C:120EH         LINE#         733
  C:120EH         LINE#         735
  C:1216H         LINE#         736
  C:1216H         LINE#         737
  C:121BH         LINE#         738
  C:121EH         LINE#         739
  C:1220H         LINE#         740
  C:1220H         LINE#         742
  C:1227H         LINE#         743
  C:1229H         LINE#         746
  -------         ENDPROC       _TX_PHASE_PROCESSPT
  -------         ENDMOD        PT
BL51 BANKED LINKER/LOCATER V6.22                                                      08/30/2017  18:37:29  PAGE 40



  -------         MODULE        DELAY
  C:0000H         SYMBOL        _ICE_DUMMY_
  D:0080H         PUBLIC        P0
  D:0090H         PUBLIC        P1
  D:00A0H         PUBLIC        P2
  D:00B0H         PUBLIC        P3
  D:00D8H         PUBLIC        PWMCON0
  D:00A8H         PUBLIC        IE
  D:00B8H         PUBLIC        IP
  C:0003H         PUBLIC        _Delay_ms
  D:0098H         PUBLIC        SCON
  D:0089H         PUBLIC        TMOD
  D:0088H         PUBLIC        TCON
  C:3A5EH         PUBLIC        _Delay10us
  D:00F8H         PUBLIC        SCON_1
  B:0088H.5       PUBLIC        TF0
  D:008CH         PUBLIC        TH0
  D:008AH         PUBLIC        TL0
  B:0088H.4       PUBLIC        TR0
  D:00E8H         PUBLIC        ADCCON0
  D:00C0H         PUBLIC        I2CON
  D:00C8H         PUBLIC        T2CON
  D:008EH         PUBLIC        CKCON
  D:00D0H         PUBLIC        PSW
  -------         PROC          _DELAY10US
  D:0006H         SYMBOL        u16CNT
  C:3A5EH         LINE#         23
  C:3A5EH         LINE#         24
  C:3A5EH         LINE#         25
  C:3A61H         LINE#         26
  C:3A64H         LINE#         27
  C:3A66H         LINE#         28
  C:3A6AH         LINE#         29
  C:3A6AH         LINE#         30
  C:3A6DH         LINE#         31
  C:3A70H         LINE#         32
  C:3A73H         LINE#         33
  C:3A75H         LINE#         34
  C:3A7AH         LINE#         35
  C:3A7CH         LINE#         36
  C:3A7EH         LINE#         37
  -------         ENDPROC       _DELAY10US
  -------         PROC          _DELAY_MS
  X:002DH         SYMBOL        u32CNT
  C:0003H         LINE#         39
  C:0009H         LINE#         40
  C:0009H         LINE#         41
  C:000CH         LINE#         42
  C:000FH         LINE#         43
  C:0011H         LINE#         44
  C:002AH         LINE#         45
  C:002AH         LINE#         46
  C:002DH         LINE#         47
  C:0030H         LINE#         48
  C:0033H         LINE#         49
  C:0035H         LINE#         50
BL51 BANKED LINKER/LOCATER V6.22                                                      08/30/2017  18:37:29  PAGE 41


  C:005BH         LINE#         51
  C:005DH         LINE#         52
  C:005FH         LINE#         53
  -------         ENDPROC       _DELAY_MS
  -------         ENDMOD        DELAY

  -------         MODULE        COMMON
  C:0000H         SYMBOL        _ICE_DUMMY_
  D:00B1H         PUBLIC        P0M1
  D:00B2H         PUBLIC        P0M2
  D:0080H         PUBLIC        P0
  D:0090H         PUBLIC        P1
  D:00A0H         PUBLIC        P2
  D:00B0H         PUBLIC        P3
  D:00D8H         PUBLIC        PWMCON0
  D:00A8H         PUBLIC        IE
  D:00B8H         PUBLIC        IP
  D:0087H         PUBLIC        PCON
  D:0098H         PUBLIC        SCON
  D:0089H         PUBLIC        TMOD
  D:0088H         PUBLIC        TCON
  D:00F8H         PUBLIC        SCON_1
  D:008DH         PUBLIC        TH1
  C:39B5H         PUBLIC        _InitialUART0_Timer1
  B:0088H.6       PUBLIC        TR1
  D:00E8H         PUBLIC        ADCCON0
  D:00C0H         PUBLIC        I2CON
  D:00C8H         PUBLIC        T2CON
  D:00C4H         PUBLIC        T3CON
  D:008EH         PUBLIC        CKCON
  D:00D0H         PUBLIC        PSW
  -------         PROC          _INITIALUART0_TIMER1
  D:0004H         SYMBOL        u32Baudrate
  C:39B5H         LINE#         27
  C:39B5H         LINE#         28
  C:39B5H         LINE#         29
  C:39BBH         LINE#         30
  C:39BEH         LINE#         31
  C:39C1H         LINE#         33
  C:39C4H         LINE#         34
  C:39C7H         LINE#         35
  C:39CAH         LINE#         39
  C:39E3H         LINE#         44
  C:39E5H         LINE#         45
  -------         ENDPROC       _INITIALUART0_TIMER1
  -------         ENDMOD        COMMON

  -------         MODULE        ?C_STARTUP
  C:2DE1H         SEGMENT       ?C_C51STARTUP
  I:006AH         SEGMENT       ?STACK
  C:0000H         PUBLIC        ?C_STARTUP
  D:00E0H         SYMBOL        ACC
  D:00F0H         SYMBOL        B
  D:0083H         SYMBOL        DPH
  D:0082H         SYMBOL        DPL
  N:0000H         SYMBOL        IBPSTACK
  N:0100H         SYMBOL        IBPSTACKTOP
BL51 BANKED LINKER/LOCATER V6.22                                                      08/30/2017  18:37:29  PAGE 42


  N:0080H         SYMBOL        IDATALEN
  C:2E66H         SYMBOL        IDATALOOP
  N:0000H         SYMBOL        PBPSTACK
  N:0000H         SYMBOL        PBPSTACKTOP
  N:0000H         SYMBOL        PDATALEN
  N:0000H         SYMBOL        PDATASTART
  N:0000H         SYMBOL        PPAGE
  N:0000H         SYMBOL        PPAGEENABLE
  D:00A0H         SYMBOL        PPAGE_SFR
  D:0081H         SYMBOL        SP
  C:2DE1H         SYMBOL        STARTUP1
  N:0000H         SYMBOL        XBPSTACK
  N:0000H         SYMBOL        XBPSTACKTOP
  N:00FFH         SYMBOL        XDATALEN
  C:2E71H         SYMBOL        XDATALOOP
  N:0000H         SYMBOL        XDATASTART
  C:0000H         LINE#         92
  C:2DE1H         LINE#         99
  C:2DE4H         LINE#         100
  C:2DE7H         LINE#         101
  C:2DEAH         LINE#         103
  C:2DEDH         LINE#         105
  C:2DF0H         LINE#         106
  C:2DF3H         LINE#         108
  C:2DF6H         LINE#         109
  C:2DF9H         LINE#         110
  C:2DFCH         LINE#         111
  C:2DFEH         LINE#         113
  C:2E01H         LINE#         115
  C:2E04H         LINE#         116
  C:2E07H         LINE#         117
  C:2E0AH         LINE#         118
  C:2E0CH         LINE#         120
  C:2E0FH         LINE#         122
  C:2E12H         LINE#         123
  C:2E15H         LINE#         124
  C:2E18H         LINE#         125
  C:2E1AH         LINE#         127
  C:2E1DH         LINE#         129
  C:2E20H         LINE#         130
  C:2E23H         LINE#         131
  C:2E26H         LINE#         132
  C:2E28H         LINE#         135
  C:2E2BH         LINE#         136
  C:2E2EH         LINE#         137
  C:2E31H         LINE#         139
  C:2E34H         LINE#         140
  C:2E37H         LINE#         141
  C:2E3AH         LINE#         143
  C:2E3DH         LINE#         144
  C:2E40H         LINE#         145
  C:2E42H         LINE#         147
  C:2E45H         LINE#         148
  C:2E48H         LINE#         149
  C:2E4AH         LINE#         151
  C:2E4DH         LINE#         152
  C:2E50H         LINE#         153
BL51 BANKED LINKER/LOCATER V6.22                                                      08/30/2017  18:37:29  PAGE 43


  C:2E52H         LINE#         155
  C:2E55H         LINE#         156
  C:2E58H         LINE#         157
  C:2E5AH         LINE#         159
  C:2E5DH         LINE#         160
  C:2E60H         LINE#         161
  C:2E63H         LINE#         167
  C:2E65H         LINE#         168
  C:2E66H         LINE#         169
  C:2E67H         LINE#         170
  C:2E69H         LINE#         174
  C:2E6CH         LINE#         175
  C:2E6EH         LINE#         177
  C:2E70H         LINE#         181
  C:2E71H         LINE#         182
  C:2E72H         LINE#         183
  C:2E73H         LINE#         184
  C:2E75H         LINE#         185
  C:2E77H         LINE#         219
  C:2E7AH         LINE#         223
  -------         ENDMOD        ?C_STARTUP

  -------         MODULE        ?C?FPMUL
  C:0086H         PUBLIC        ?C?FPMUL
  -------         ENDMOD        ?C?FPMUL

  -------         MODULE        ?C?FCAST
  C:0196H         PUBLIC        ?C?FCASTC
  C:0191H         PUBLIC        ?C?FCASTI
  C:018CH         PUBLIC        ?C?FCASTL
  -------         ENDMOD        ?C?FCAST

  -------         MODULE        ?C?CASTF
  C:01CAH         PUBLIC        ?C?CASTF
  -------         ENDMOD        ?C?CASTF

  -------         MODULE        PRINTF
  X:0038H         PUBLIC        ?_PRINTF?BYTE
  X:0038H         PUBLIC        ?_SPRINTF?BYTE
  C:1295H         PUBLIC        _PRINTF
  C:128FH         PUBLIC        _SPRINTF
  -------         ENDMOD        PRINTF

  -------         MODULE        ?C?FPROUND
  C:024BH         PUBLIC        ?C?FPROUND
  -------         ENDMOD        ?C?FPROUND

  -------         MODULE        ?C?FPCONVERT
  C:0288H         PUBLIC        ?C?FPCONVERT
  -------         ENDMOD        ?C?FPCONVERT

  -------         MODULE        ?C?FPADD
  C:0394H         PUBLIC        ?C?FPADD
  C:0390H         PUBLIC        ?C?FPSUB
  -------         ENDMOD        ?C?FPADD

  -------         MODULE        ?C?FPDIV
BL51 BANKED LINKER/LOCATER V6.22                                                      08/30/2017  18:37:29  PAGE 44


  C:0488H         PUBLIC        ?C?FPDIV
  -------         ENDMOD        ?C?FPDIV

  -------         MODULE        ?C?FTNPWR
  C:0555H         PUBLIC        ?C?FTNPWR
  -------         ENDMOD        ?C?FTNPWR

  -------         MODULE        ?C?CLDPTR
  C:0595H         PUBLIC        ?C?CLDPTR
  -------         ENDMOD        ?C?CLDPTR

  -------         MODULE        ?C?CLDOPTR
  C:05AEH         PUBLIC        ?C?CLDOPTR
  -------         ENDMOD        ?C?CLDOPTR

  -------         MODULE        ?C?CSTPTR
  C:05DBH         PUBLIC        ?C?CSTPTR
  -------         ENDMOD        ?C?CSTPTR

  -------         MODULE        ?C?CSTOPTR
  C:05EDH         PUBLIC        ?C?CSTOPTR
  -------         ENDMOD        ?C?CSTOPTR

  -------         MODULE        ?C?IMUL
  C:060FH         PUBLIC        ?C?IMUL
  -------         ENDMOD        ?C?IMUL

  -------         MODULE        ?C?UIDIV
  C:0621H         PUBLIC        ?C?UIDIV
  -------         ENDMOD        ?C?UIDIV

  -------         MODULE        ?C?LMUL
  C:0676H         PUBLIC        ?C?LMUL
  -------         ENDMOD        ?C?LMUL

  -------         MODULE        ?C?ULDIV
  C:0701H         PUBLIC        ?C?ULDIV
  -------         ENDMOD        ?C?ULDIV

  -------         MODULE        ?C?SLDIV
  C:380AH         PUBLIC        ?C?SLDIV
  -------         ENDMOD        ?C?SLDIV

  -------         MODULE        ?C?LNEG
  C:0793H         PUBLIC        ?C?LNEG
  -------         ENDMOD        ?C?LNEG

  -------         MODULE        ?C?SLCMP
  C:07A1H         PUBLIC        ?C?SLCMP
  -------         ENDMOD        ?C?SLCMP

  -------         MODULE        ?C?ULCMP
  C:07B7H         PUBLIC        ?C?ULCMP
  -------         ENDMOD        ?C?ULCMP

  -------         MODULE        ?C?ULSHR
  C:07C8H         PUBLIC        ?C?ULSHR
BL51 BANKED LINKER/LOCATER V6.22                                                      08/30/2017  18:37:29  PAGE 45


  -------         ENDMOD        ?C?ULSHR

  -------         MODULE        ?C?LSTXDATA
  C:07DBH         PUBLIC        ?C?LSTXDATA
  -------         ENDMOD        ?C?LSTXDATA

  -------         MODULE        ?C?LSTKXDATA
  C:07E7H         PUBLIC        ?C?LSTKXDATA
  -------         ENDMOD        ?C?LSTKXDATA

  -------         MODULE        ?C?PLDIXDATA
  C:0818H         PUBLIC        ?C?PLDIXDATA
  -------         ENDMOD        ?C?PLDIXDATA

  -------         MODULE        ?C?PSTXDATA
  C:082FH         PUBLIC        ?C?PSTXDATA
  -------         ENDMOD        ?C?PSTXDATA

  -------         MODULE        ?C?PLDPTR
  C:0838H         PUBLIC        ?C?PLDPTR
  -------         ENDMOD        ?C?PLDPTR

  -------         MODULE        ?C?PSTPTR
  C:0858H         PUBLIC        ?C?PSTPTR
  -------         ENDMOD        ?C?PSTPTR

  -------         MODULE        ?C?CCASE
  C:08A7H         PUBLIC        ?C?CCASE
  -------         ENDMOD        ?C?CCASE

  -------         MODULE        ?C?LIMUL
  C:08CDH         PUBLIC        ?C?LIMUL
  -------         ENDMOD        ?C?LIMUL

  -------         MODULE        PUTCHAR
  C:3A11H         PUBLIC        _PUTCHAR
  -------         ENDMOD        PUTCHAR

  -------         MODULE        ?C?MEMSET
  C:08FAH         PUBLIC        ?C?MEMSET
  -------         ENDMOD        ?C?MEMSET

  -------         MODULE        ?C?PLDIDATA
  C:0926H         PUBLIC        ?C?PLDIDATA
  -------         ENDMOD        ?C?PLDIDATA

  -------         MODULE        ?C?PSTIDATA
  C:092FH         PUBLIC        ?C?PSTIDATA
  -------         ENDMOD        ?C?PSTIDATA

  -------         MODULE        ?C?PLDXDATA
  C:0938H         PUBLIC        ?C?PLDXDATA
  -------         ENDMOD        ?C?PLDXDATA

  -------         MODULE        ?C?PLDPDATA
  C:0941H         PUBLIC        ?C?PLDPDATA
  -------         ENDMOD        ?C?PLDPDATA
BL51 BANKED LINKER/LOCATER V6.22                                                      08/30/2017  18:37:29  PAGE 46



  -------         MODULE        ?C?PSTPDATA
  C:094AH         PUBLIC        ?C?PSTPDATA
  -------         ENDMOD        ?C?PSTPDATA

  -------         MODULE        ?C?PLDCODE
  C:0953H         PUBLIC        ?C?PLDCODE
  -------         ENDMOD        ?C?PLDCODE

Program Size: data=100.2 xdata=206 code=15126
LINK/LOCATE RUN COMPLETE.  0 WARNING(S),  0 ERROR(S)
