BL51 BANKED LINKER/LOCATER V6.22                                                        03/19/2018  09:53:25  PAGE 1


BL51 BANKED LINKER/LOCATER V6.22, INVOKED BY:
D:\KEIL_V5\C51\BIN\BL51.EXE .\Output\hal.obj, .\Output\main.obj, .\Output\rcvpkt.obj, .\Output\selection.obj, .\Output\p
>> ing.obj, .\Output\idcfg.obj, .\Output\pt.obj, .\Output\Common.obj, .\Output\Delay.obj, .\Output\STARTUP_N76E003beta.o
>> bj TO .\Output\S50 PRINT (.\LST\S50.m51) RAMSIZE (256) DISABLEWARNING (16)


MEMORY MODEL: LARGE WITH FLOATING POINT ARITHMETIC


INPUT MODULES INCLUDED:
  .\Output\hal.obj (HAL)
  .\Output\main.obj (MAIN)
  .\Output\rcvpkt.obj (RCVPKT)
  .\Output\selection.obj (SELECTION)
  .\Output\ping.obj (PING)
  .\Output\idcfg.obj (IDCFG)
  .\Output\pt.obj (PT)
  .\Output\Common.obj (COMMON)
  .\Output\Delay.obj (DELAY)
  .\Output\STARTUP_N76E003beta.obj (?C_STARTUP)
  D:\KEIL_V5\C51\LIB\C51FPL.LIB (?C?FPMUL)
  D:\KEIL_V5\C51\LIB\C51FPL.LIB (?C?FCAST)
  D:\KEIL_V5\C51\LIB\C51FPL.LIB (?C?CASTF)
  D:\KEIL_V5\C51\LIB\C51FPL.LIB (PRINTF)
  D:\KEIL_V5\C51\LIB\C51FPL.LIB (?C?FPGETOPN)
  D:\KEIL_V5\C51\LIB\C51FPL.LIB (?C?FPROUND)
  D:\KEIL_V5\C51\LIB\C51FPL.LIB (?C?FPCONVERT)
  D:\KEIL_V5\C51\LIB\C51FPL.LIB (?C?FPADD)
  D:\KEIL_V5\C51\LIB\C51FPL.LIB (?C?FPDIV)
  D:\KEIL_V5\C51\LIB\C51FPL.LIB (?C?FTNPWR)
  D:\KEIL_V5\C51\LIB\C51L.LIB (?C_INIT)
  D:\KEIL_V5\C51\LIB\C51L.LIB (?C?CLDPTR)
  D:\KEIL_V5\C51\LIB\C51L.LIB (?C?CLDOPTR)
  D:\KEIL_V5\C51\LIB\C51L.LIB (?C?CSTPTR)
  D:\KEIL_V5\C51\LIB\C51L.LIB (?C?CSTOPTR)
  D:\KEIL_V5\C51\LIB\C51L.LIB (?C?IMUL)
  D:\KEIL_V5\C51\LIB\C51L.LIB (?C?UIDIV)
  D:\KEIL_V5\C51\LIB\C51L.LIB (?C?LMUL)
  D:\KEIL_V5\C51\LIB\C51L.LIB (?C?ULDIV)
  D:\KEIL_V5\C51\LIB\C51L.LIB (?C?LNEG)
  D:\KEIL_V5\C51\LIB\C51L.LIB (?C?ULCMP)
  D:\KEIL_V5\C51\LIB\C51L.LIB (?C?ULSHR)
  D:\KEIL_V5\C51\LIB\C51L.LIB (?C?LSTXDATA)
  D:\KEIL_V5\C51\LIB\C51L.LIB (?C?LSTKXDATA)
  D:\KEIL_V5\C51\LIB\C51L.LIB (?C?PLDIXDATA)
  D:\KEIL_V5\C51\LIB\C51L.LIB (?C?PSTXDATA)
  D:\KEIL_V5\C51\LIB\C51L.LIB (?C?PLDPTR)
  D:\KEIL_V5\C51\LIB\C51L.LIB (?C?PSTPTR)
  D:\KEIL_V5\C51\LIB\C51L.LIB (?C?CCASE)
  D:\KEIL_V5\C51\LIB\C51L.LIB (?C?LIMUL)
  D:\KEIL_V5\C51\LIB\C51L.LIB (PUTCHAR)
  D:\KEIL_V5\C51\LIB\C51L.LIB (?C?MEMSET)
  D:\KEIL_V5\C51\LIB\C51L.LIB (?C?PLDIDATA)
  D:\KEIL_V5\C51\LIB\C51L.LIB (?C?PSTIDATA)
  D:\KEIL_V5\C51\LIB\C51L.LIB (?C?PLDXDATA)
  D:\KEIL_V5\C51\LIB\C51L.LIB (?C?PLDPDATA)
  D:\KEIL_V5\C51\LIB\C51L.LIB (?C?PSTPDATA)
  D:\KEIL_V5\C51\LIB\C51L.LIB (?C?PLDCODE)
BL51 BANKED LINKER/LOCATER V6.22                                                      03/19/2018  09:53:25  PAGE 2




LINK MAP OF MODULE:  .\Output\S50 (HAL)


            TYPE    BASE      LENGTH    RELOCATION   SEGMENT NAME
            -----------------------------------------------------

            * * * * * * *   D A T A   M E M O R Y   * * * * * * *
            REG     0000H     0008H     ABSOLUTE     "REG BANK 0"
            DATA    0008H     000AH     UNIT         _DATA_GROUP_
            DATA    0012H     0008H     UNIT         ?DT?RCVPKT
                    001AH     0006H                  *** GAP ***
            BIT     0020H.0   0001H.1   UNIT         _BIT_GROUP_
            BIT     0021H.1   0000H.1   UNIT         ?BI?HAL
                    0021H.2   0000H.6                *** GAP ***
            DATA    0022H     0048H     UNIT         ?DT?MAIN
            IDATA   006AH     0001H     UNIT         ?STACK

            * * * * * * *  X D A T A   M E M O R Y  * * * * * * *
            XDATA   0000H     0085H     UNIT         _XDATA_GROUP_
            XDATA   0085H     002CH     UNIT         ?XD?MAIN
            XDATA   00B1H     002CH     UNIT         ?XD?PT
            XDATA   00DDH     0002H     UNIT         ?XD?HAL
            XDATA   00DFH     0001H     UNIT         ?XD?IDCFG

            * * * * * * *   C O D E   M E M O R Y   * * * * * * *
            CODE    0000H     0003H     ABSOLUTE     
            CODE    0003H     005FH     UNIT         ?PR?_FLASH?HAL
                    0062H     0001H                  *** GAP ***
            CODE    0063H     0003H     ABSOLUTE     
            CODE    0066H     0017H     UNIT         ?CO?SELECTION
            CODE    007DH     0005H     UNIT         ?PR?QC20OUT9V?HAL
                    0082H     0001H                  *** GAP ***
            CODE    0083H     0003H     ABSOLUTE     
            CODE    0086H     1364H     UNIT         ?PR?_TX_PHASE_PROCESSPT?PT
            CODE    13EAH     08C3H     UNIT         ?C?LIB_CODE
            CODE    1CADH     0483H     UNIT         ?PR?PRINTF?PRINTF
            CODE    2130H     0454H     UNIT         ?PR?_TX_PHASE_PROCESSCFG?IDCFG
            CODE    2584H     03B8H     UNIT         ?PR?_RCV_PACKET_INT_HANDLER?RCVPKT
            CODE    293CH     0365H     UNIT         ?PR?MAIN?MAIN
            CODE    2CA1H     0270H     UNIT         ?PR?_PT_TEMP_CONTROL_SLOW?PT
            CODE    2F11H     020AH     UNIT         ?CO?PT
            CODE    311BH     01F5H     UNIT         ?PR?PWMSET?HAL
            CODE    3310H     01BEH     UNIT         ?PR?_RECEIVE_PACKET?RCVPKT
            CODE    34CEH     01A3H     UNIT         ?PR?_CTRL_PIDALGORITHM?PT
            CODE    3671H     019AH     UNIT         ?PR?TX_PHASE_PROCESSPING?PING
            CODE    380BH     0191H     UNIT         ?PR?_FSKSEND_ECH_POWER?HAL
            CODE    399CH     011CH     UNIT         ?C_C51STARTUP
            CODE    3AB8H     00DCH     UNIT         ?PR?GETVPA?HAL
            CODE    3B94H     00D4H     UNIT         ?PR?TX_PHASE_PROCESSSELECT?SELECTION
            CODE    3C68H     00BFH     UNIT         ?PR?GETTEMP?HAL
            CODE    3D27H     00BFH     UNIT         ?PR?GETVPEAK?HAL
            CODE    3DE6H     00BFH     UNIT         ?PR?GETIPA?HAL
            CODE    3EA5H     00BCH     UNIT         ?PR?_DECODE_ONEBYTE?RCVPKT
            CODE    3F61H     0092H     UNIT         ?C_INITSEG
            CODE    3FF3H     008AH     UNIT         ?PR?_PAKCET_CHECK_CHECKSUM?RCVPKT
BL51 BANKED LINKER/LOCATER V6.22                                                      03/19/2018  09:53:25  PAGE 3


            CODE    407DH     0083H     UNIT         ?PR?_CUL_MSGLEN?RCVPKT
            CODE    4100H     007FH     UNIT         ?PR?FSKSEND_SA?HAL
            CODE    417FH     0079H     UNIT         ?PR?QC20SHAKE?HAL
            CODE    41F8H     006BH     UNIT         ?PR?_SETPWM?HAL
            CODE    4263H     005DH     UNIT         ?CO?MAIN
            CODE    42C0H     005DH     UNIT         ?PR?_DELAY_MS?DELAY
            CODE    431DH     0059H     UNIT         ?PR?INITPWM?HAL
            CODE    4376H     0058H     UNIT         ?PR?CAPTURE_ISR?HAL
            CODE    43CEH     0055H     UNIT         ?PR?TIMER3_ISR?HAL
            CODE    4423H     0052H     UNIT         ?PR?TAN?PT
            CODE    4475H     0042H     UNIT         ?PR?_PWMEN?HAL
            CODE    44B7H     0042H     UNIT         ?PR?INITCAPTURE?HAL
            CODE    44F9H     0040H     UNIT         ?PR?ENABLE_COIL_POWER?HAL
            CODE    4539H     003FH     UNIT         ?PR?HBTOFB?PT
            CODE    4578H     0031H     UNIT         ?PR?INITGPIO?HAL
            CODE    45A9H     0031H     UNIT         ?PR?_INITIALUART0_TIMER1?COMMON
            CODE    45DAH     002BH     UNIT         ?PR?_TIM2_GETCOUNTER?HAL
            CODE    4605H     0027H     UNIT         ?PR?PUTCHAR?PUTCHAR
            CODE    462CH     0023H     UNIT         ?PR?_WRITECC?HAL
            CODE    464FH     0021H     UNIT         ?PR?_DELAY_FULL_FSK?HAL
            CODE    4670H     0021H     UNIT         ?PR?_DELAY10US?DELAY
            CODE    4691H     0016H     UNIT         ?PR?DISABLE_COIL_POWER?HAL
            CODE    46A7H     0016H     UNIT         ?CO?IDCFG
            CODE    46BDH     0015H     UNIT         ?CO?HAL
            CODE    46D2H     0014H     UNIT         ?CO?PING
            CODE    46E6H     0012H     UNIT         ?PR?INITTIMER3?HAL
            CODE    46F8H     0010H     UNIT         ?PR?RESET_RECEIVE_PACKET?RCVPKT
            CODE    4708H     000BH     UNIT         ?PR?_TIMER_1MS_ENABLE?HAL
            CODE    4713H     0005H     UNIT         ?PR?QC20OUT5V?HAL
            CODE    4718H     0005H     UNIT         ?PR?QC20OUT12V?HAL
                    471DH     0063H                  *** GAP ***
            CODE    4780H     0004H     ABSOLUTE     



OVERLAY MAP OF MODULE:   .\Output\S50 (HAL)


SEGMENT                                         BIT_GROUP          DATA_GROUP          XDATA_GROUP
  +--> CALLED SEGMENT                        START    LENGTH     START    LENGTH     START    LENGTH
----------------------------------------------------------------------------------------------------
?PR?CAPTURE_ISR?HAL                          -----    -----      -----    -----      -----    -----
  +--> ?PR?_RCV_PACKET_INT_HANDLER?RCVPKT

?PR?_RCV_PACKET_INT_HANDLER?RCVPKT           -----    -----      0008H    0002H      0000H    0003H
  +--> ?PR?_DECODE_ONEBYTE?RCVPKT
  +--> ?PR?_CUL_MSGLEN?RCVPKT

?PR?_DECODE_ONEBYTE?RCVPKT                   -----    -----      000AH    0003H      -----    -----

*** NEW ROOT ***************************************************

?C_C51STARTUP                                -----    -----      -----    -----      -----    -----
  +--> ?PR?MAIN?MAIN
  +--> ?C_INITSEG

?PR?MAIN?MAIN                                -----    -----      -----    -----      0003H    0004H
BL51 BANKED LINKER/LOCATER V6.22                                                      03/19/2018  09:53:25  PAGE 4


  +--> ?PR?INITPWM?HAL
  +--> ?PR?_SETPWM?HAL
  +--> ?PR?_PWMEN?HAL
  +--> ?PR?_INITIALUART0_TIMER1?COMMON
  +--> ?PR?INITTIMER3?HAL
  +--> ?PR?INITCAPTURE?HAL
  +--> ?PR?INITGPIO?HAL
  +--> ?PR?RESET_RECEIVE_PACKET?RCVPKT
  +--> ?PR?GETVPA?HAL
  +--> ?PR?GETTEMP?HAL
  +--> ?CO?MAIN
  +--> ?PR?PRINTF?PRINTF
  +--> ?PR?QC20SHAKE?HAL
  +--> ?PR?QC20OUT12V?HAL
  +--> ?PR?_DELAY_MS?DELAY
  +--> ?PR?GETIPA?HAL
  +--> ?PR?DISABLE_COIL_POWER?HAL
  +--> ?PR?TX_PHASE_PROCESSSELECT?SELECTION
  +--> ?PR?TX_PHASE_PROCESSPING?PING
  +--> ?PR?_TX_PHASE_PROCESSCFG?IDCFG
  +--> ?PR?_TX_PHASE_PROCESSPT?PT
  +--> ?PR?ENABLE_COIL_POWER?HAL

?PR?_SETPWM?HAL                              -----    -----      -----    -----      0053H    0008H

?PR?GETVPA?HAL                               -----    -----      -----    -----      0048H    0007H

?PR?GETTEMP?HAL                              -----    -----      -----    -----      0048H    0007H

?PR?PRINTF?PRINTF                            0020H.0  0001H.1    000DH    0005H      0055H    0030H
  +--> ?PR?PUTCHAR?PUTCHAR

?PR?QC20SHAKE?HAL                            -----    -----      -----    -----      -----    -----
  +--> ?PR?_DELAY_MS?DELAY

?PR?_DELAY_MS?DELAY                          -----    -----      -----    -----      004DH    0004H

?PR?GETIPA?HAL                               -----    -----      -----    -----      0048H    0007H

?PR?DISABLE_COIL_POWER?HAL                   -----    -----      -----    -----      -----    -----
  +--> ?PR?_PWMEN?HAL
  +--> ?PR?_DELAY10US?DELAY

?PR?TX_PHASE_PROCESSSELECT?SELECTION         -----    -----      -----    -----      -----    -----
  +--> ?PR?ENABLE_COIL_POWER?HAL
  +--> ?PR?_DELAY_MS?DELAY
  +--> ?PR?GETIPA?HAL
  +--> ?PR?DISABLE_COIL_POWER?HAL
  +--> ?CO?SELECTION
  +--> ?PR?PRINTF?PRINTF

?PR?ENABLE_COIL_POWER?HAL                    -----    -----      -----    -----      -----    -----
  +--> ?PR?PWMSET?HAL
  +--> ?PR?_DELAY10US?DELAY
  +--> ?PR?_PWMEN?HAL

?PR?PWMSET?HAL                               -----    -----      -----    -----      004DH    0006H
BL51 BANKED LINKER/LOCATER V6.22                                                      03/19/2018  09:53:25  PAGE 5


  +--> ?PR?_PWMEN?HAL
  +--> ?PR?_SETPWM?HAL
  +--> ?CO?HAL
  +--> ?PR?PRINTF?PRINTF

?PR?TX_PHASE_PROCESSPING?PING                -----    -----      -----    -----      0007H    0003H
  +--> ?PR?_TIMER_1MS_ENABLE?HAL
  +--> ?PR?_DELAY_MS?DELAY
  +--> ?PR?ENABLE_COIL_POWER?HAL
  +--> ?PR?RESET_RECEIVE_PACKET?RCVPKT
  +--> ?PR?_RECEIVE_PACKET?RCVPKT
  +--> ?CO?PING
  +--> ?PR?PRINTF?PRINTF
  +--> ?PR?DISABLE_COIL_POWER?HAL

?PR?_RECEIVE_PACKET?RCVPKT                   -----    -----      -----    -----      0048H    0010H
  +--> ?PR?RESET_RECEIVE_PACKET?RCVPKT
  +--> ?PR?_PAKCET_CHECK_CHECKSUM?RCVPKT
  +--> ?PR?DISABLE_COIL_POWER?HAL

?PR?_PAKCET_CHECK_CHECKSUM?RCVPKT            -----    -----      -----    -----      0058H    0005H

?PR?_TX_PHASE_PROCESSCFG?IDCFG               -----    -----      -----    -----      0007H    000AH
  +--> ?PR?RESET_RECEIVE_PACKET?RCVPKT
  +--> ?PR?_DELAY_MS?DELAY
  +--> ?PR?_RECEIVE_PACKET?RCVPKT
  +--> ?CO?IDCFG
  +--> ?PR?PRINTF?PRINTF
  +--> ?PR?DISABLE_COIL_POWER?HAL
  +--> ?PR?_TIMER_1MS_ENABLE?HAL

?PR?_TX_PHASE_PROCESSPT?PT                   -----    -----      -----    -----      0007H    0041H
  +--> ?PR?GETVPA?HAL
  +--> ?CO?PT
  +--> ?PR?PRINTF?PRINTF
  +--> ?PR?RESET_RECEIVE_PACKET?RCVPKT
  +--> ?PR?GETVPEAK?HAL
  +--> ?PR?DISABLE_COIL_POWER?HAL
  +--> ?PR?PWMSET?HAL
  +--> ?PR?_DELAY10US?DELAY
  +--> ?PR?_DELAY_MS?DELAY
  +--> ?PR?HBTOFB?PT
  +--> ?PR?_RECEIVE_PACKET?RCVPKT
  +--> ?PR?GETIPA?HAL
  +--> ?PR?GETTEMP?HAL
  +--> ?PR?_PT_TEMP_CONTROL_SLOW?PT
  +--> ?PR?ENABLE_COIL_POWER?HAL
  +--> ?PR?FSKSEND_SA?HAL
  +--> ?PR?_FSKSEND_ECH_POWER?HAL
  +--> ?PR?_CTRL_PIDALGORITHM?PT
  +--> ?PR?_PWMEN?HAL
  +--> ?PR?_FLASH?HAL
  +--> ?PR?_TIMER_1MS_ENABLE?HAL

?PR?GETVPEAK?HAL                             -----    -----      -----    -----      0048H    0007H

?PR?HBTOFB?PT                                -----    -----      -----    -----      -----    -----
BL51 BANKED LINKER/LOCATER V6.22                                                      03/19/2018  09:53:25  PAGE 6


  +--> ?PR?PWMSET?HAL
  +--> ?PR?_PWMEN?HAL
  +--> ?CO?PT
  +--> ?PR?PRINTF?PRINTF

?PR?_PT_TEMP_CONTROL_SLOW?PT                 -----    -----      -----    -----      0048H    000DH
  +--> ?CO?PT
  +--> ?PR?PRINTF?PRINTF

?PR?FSKSEND_SA?HAL                           -----    -----      -----    -----      0048H    0002H
  +--> ?PR?_DELAY_MS?DELAY
  +--> ?PR?_DELAY_FULL_FSK?HAL

?PR?_FSKSEND_ECH_POWER?HAL                   -----    -----      -----    -----      0048H    0001H
  +--> ?PR?_DELAY_FULL_FSK?HAL

?PR?_CTRL_PIDALGORITHM?PT                    -----    -----      -----    -----      0048H    0005H
  +--> ?PR?_DELAY_MS?DELAY
  +--> ?PR?PWMSET?HAL

?PR?_FLASH?HAL                               -----    -----      -----    -----      0048H    0004H
  +--> ?PR?_WRITECC?HAL



SYMBOL TABLE OF MODULE:  .\Output\S50 (HAL)

  VALUE           TYPE          NAME
  ----------------------------------

  -------         MODULE        HAL
  C:0000H         SYMBOL        _ICE_DUMMY_
  D:00F6H         PUBLIC        AINDIDS
  D:00B1H         PUBLIC        P0M1
  C:4708H         PUBLIC        _TIMER_1ms_ENABLE
  D:00B3H         PUBLIC        P1M1
  D:00B2H         PUBLIC        P0M2
  D:0080H         PUBLIC        P0
  C:007DH         PUBLIC        QC20OUT9V
  D:00B4H         PUBLIC        P1M2
  D:0090H         PUBLIC        P1
  D:00A0H         PUBLIC        P2
  C:45DAH         PUBLIC        _TIM2_GetCounter
  D:009CH         PUBLIC        EIE1
  B:00A8H.7       PUBLIC        EA
  C:43CEH         PUBLIC        Timer3_ISR
  B:0090H.2       PUBLIC        LED1
  D:00D8H         PUBLIC        PWMCON0
  C:4100H         PUBLIC        Fsksend_sa
  B:0090H.6       PUBLIC        LED2
  D:00DFH         PUBLIC        PWMCON1
  C:431DH         PUBLIC        InitPWM
  D:00D1H         PUBLIC        PWMPH
  D:00A8H         PUBLIC        IE
  B:00E8H.7       PUBLIC        ADCF
  D:00D9H         PUBLIC        PWMPL
  C:462CH         PUBLIC        _WriteCC
BL51 BANKED LINKER/LOCATER V6.22                                                      03/19/2018  09:53:25  PAGE 7


  D:00C7H         PUBLIC        TA
  D:00B8H         PUBLIC        IP
  C:3D27H         PUBLIC        GetVpeak
  B:00E8H.6       PUBLIC        ADCS
  B:00D8H.6       PUBLIC        LOAD
  C:311BH         PUBLIC        PWMSet
  C:41F8H         PUBLIC        _SetPWM
  D:00B7H         PUBLIC        PWMINTC
  D:00B2H         PUBLIC        P0SR
  D:00B4H         PUBLIC        P1SR
  C:4376H         PUBLIC        Capture_ISR
  C:4475H         PUBLIC        _PWMEn
  C:4718H         PUBLIC        QC20OUT12V
  C:464FH         SYMBOL        _Delay_full_fsk
  B:0080H.0       PUBLIC        P00
  B:0090H.0       PUBLIC        P10
  B:0021H.1       PUBLIC        BIT_TMP
  B:0090H.7       PUBLIC        Dn
  B:0090H.4       PUBLIC        Dp
  D:0098H         PUBLIC        SCON
  D:0088H         PUBLIC        TCON
  C:3C68H         PUBLIC        GetTemp
  B:00D8H.5       PUBLIC        PWMF
  D:00E5H         PUBLIC        C0H
  D:00E7H         PUBLIC        C1H
  C:3DE6H         PUBLIC        GetIpa
  D:009FH         PUBLIC        CHPCON
  D:00E4H         PUBLIC        C0L
  D:0091H         PUBLIC        SFRS
  D:00E6H         PUBLIC        C1L
  D:00A5H         PUBLIC        IAPUEN
  D:00F8H         PUBLIC        SCON_1
  C:4578H         PUBLIC        InitGPIO
  D:00A4H         PUBLIC        IAPTRG
  C:3AB8H         PUBLIC        GetVpa
  C:4780H         PUBLIC        Data_Flash
  D:00C6H         PUBLIC        RH3
  C:46E6H         PUBLIC        InitTimer3
  D:00C5H         PUBLIC        RL3
  C:4691H         PUBLIC        Disable_coil_power
  D:009BH         PUBLIC        EIE
  B:0080H.2       PUBLIC        FAN
  B:00C8H.2       PUBLIC        TR2
  D:00E8H         PUBLIC        ADCCON0
  D:00E1H         PUBLIC        ADCCON1
  D:00C0H         PUBLIC        I2CON
  B:0080H.5       PUBLIC        DRIVEREN
  D:00C3H         PUBLIC        ADCRH
  D:00A7H         PUBLIC        IAPAH
  C:417FH         PUBLIC        QC20SHAKE
  C:44F9H         PUBLIC        Enable_coil_power
  D:00AEH         PUBLIC        IAPFD
  D:0092H         PUBLIC        CAPCON0
  D:00C9H         PUBLIC        T2MOD
  D:00C8H         PUBLIC        T2CON
  D:00C2H         PUBLIC        ADCRL
  D:0093H         PUBLIC        CAPCON1
BL51 BANKED LINKER/LOCATER V6.22                                                      03/19/2018  09:53:25  PAGE 8


  D:00C4H         PUBLIC        T3CON
  D:00A6H         PUBLIC        IAPAL
  D:0094H         PUBLIC        CAPCON2
  D:00F1H         PUBLIC        CAPCON3
  B:00D8H.7       PUBLIC        PWMRUN
  D:00AFH         PUBLIC        IAPCN
  D:00D6H         PUBLIC        PNP
  C:44B7H         PUBLIC        InitCapture
  D:00D4H         PUBLIC        PWM2H
  C:0003H         PUBLIC        _Flash
  X:00DEH         PUBLIC        bridge
  D:00D5H         PUBLIC        PWM3H
  D:00DCH         PUBLIC        PWM2L
  D:00DDH         PUBLIC        PWM3L
  C:380BH         PUBLIC        _Fsksend_ech_power
  D:00DEH         PUBLIC        PIOCON0
  D:00D0H         PUBLIC        PSW
  C:4713H         PUBLIC        QC20OUT5V
  -------         PROC          _WRITECC
  D:0007H         SYMBOL        addr
  D:0005H         SYMBOL        dat
  C:462CH         LINE#         20
  C:462CH         LINE#         21
  C:462CH         LINE#         22
  C:462FH         LINE#         23
  C:4632H         LINE#         24
  C:4637H         LINE#         25
  C:463BH         LINE#         26
  C:464EH         LINE#         27
  -------         ENDPROC       _WRITECC
  -------         PROC          _FLASH
  D:0007H         SYMBOL        rpH
  D:0006H         SYMBOL        rpL
  D:0003H         SYMBOL        paH
  X:004BH         SYMBOL        paL
  C:0003H         LINE#         28
  C:0005H         LINE#         29
  C:0005H         LINE#         30
  C:0008H         LINE#         31
  C:000BH         LINE#         32
  C:000EH         LINE#         33
  C:0011H         LINE#         34
  C:0014H         LINE#         35
  C:0017H         LINE#         36
  C:001AH         LINE#         37
  C:001DH         LINE#         38
  C:0020H         LINE#         39
  C:0023H         LINE#         40
  C:0026H         LINE#         41
  C:0029H         LINE#         42
  C:002CH         LINE#         44
  C:0033H         LINE#         45
  C:003CH         LINE#         46
  C:0045H         LINE#         47
  C:004FH         LINE#         49
  C:0052H         LINE#         50
  C:0055H         LINE#         51
BL51 BANKED LINKER/LOCATER V6.22                                                      03/19/2018  09:53:25  PAGE 9


  C:0058H         LINE#         52
  C:005BH         LINE#         53
  C:005EH         LINE#         54
  C:0061H         LINE#         55
  -------         ENDPROC       _FLASH
  -------         PROC          INITPWM
  C:431DH         LINE#         58
  C:431DH         LINE#         59
  C:431DH         LINE#         60
  C:4323H         LINE#         61
  C:4329H         LINE#         62
  C:432CH         LINE#         63
  C:432FH         LINE#         65
  C:4342H         LINE#         66
  C:4345H         LINE#         67
  C:4358H         LINE#         69
  C:435BH         LINE#         70
  C:435EH         LINE#         71
  C:4361H         LINE#         72
  C:4364H         LINE#         73
  C:4367H         LINE#         74
  C:436AH         LINE#         75
  C:436DH         LINE#         76
  C:436FH         LINE#         77
  C:4371H         LINE#         78
  C:4373H         LINE#         80
  C:4375H         LINE#         81
  -------         ENDPROC       INITPWM
  -------         PROC          _SETPWM
  X:0053H         SYMBOL        fre
  X:0057H         SYMBOL        duty
  -------         DO            
  D:0004H         SYMBOL        clk
  X:0059H         SYMBOL        temp
  D:0004H         SYMBOL        temp1
  -------         ENDDO         
  C:41F8H         LINE#         83
  C:41FEH         LINE#         84
  C:41FEH         LINE#         85
  C:4206H         LINE#         88
  C:421FH         LINE#         89
  C:4240H         LINE#         90
  C:4246H         LINE#         91
  C:424BH         LINE#         92
  C:424EH         LINE#         93
  C:4250H         LINE#         94
  C:425AH         LINE#         95
  C:425CH         LINE#         96
  C:4260H         LINE#         97
  C:4262H         LINE#         98
  -------         ENDPROC       _SETPWM
  -------         PROC          _PWMEN
  D:0007H         SYMBOL        type
  C:4475H         LINE#         100
  C:4475H         LINE#         101
  C:4475H         LINE#         102
  C:4478H         LINE#         103
BL51 BANKED LINKER/LOCATER V6.22                                                      03/19/2018  09:53:25  PAGE 10


  C:4478H         LINE#         104
  C:447AH         LINE#         105
  C:447DH         LINE#         106
  C:4480H         LINE#         107
  C:4482H         LINE#         108
  C:4484H         LINE#         109
  C:4486H         LINE#         110
  C:448AH         LINE#         111
  C:448BH         LINE#         112
  C:448FH         LINE#         113
  C:448FH         LINE#         114
  C:4492H         LINE#         115
  C:4495H         LINE#         116
  C:4497H         LINE#         117
  C:4499H         LINE#         118
  C:449BH         LINE#         119
  C:44A1H         LINE#         120
  C:44A2H         LINE#         121
  C:44A6H         LINE#         122
  C:44A6H         LINE#         123
  C:44A9H         LINE#         124
  C:44ACH         LINE#         125
  C:44AEH         LINE#         126
  C:44B0H         LINE#         127
  C:44B6H         LINE#         128
  C:44B6H         LINE#         129
  -------         ENDPROC       _PWMEN
  -------         PROC          PWMSET
  -------         DO            
  X:004DH         SYMBOL        duty
  X:004FH         SYMBOL        fre
  -------         ENDDO         
  C:311BH         LINE#         131
  C:311BH         LINE#         132
  C:311BH         LINE#         134
  C:312AH         LINE#         135
  C:313EH         LINE#         137
  C:314DH         LINE#         138
  C:314DH         LINE#         140
  C:3154H         LINE#         142
  C:3161H         LINE#         143
  C:3161H         LINE#         144
  C:3167H         LINE#         145
  C:316EH         LINE#         146
  C:316EH         LINE#         148
  C:3173H         LINE#         149
  C:317CH         LINE#         150
  C:317CH         LINE#         151
  C:317EH         LINE#         154
  C:3184H         LINE#         155
  C:3184H         LINE#         157
  C:3193H         LINE#         158
  C:3193H         LINE#         159
  C:3199H         LINE#         160
  C:31A6H         LINE#         161
  C:31A6H         LINE#         162
  C:31B0H         LINE#         163
BL51 BANKED LINKER/LOCATER V6.22                                                      03/19/2018  09:53:25  PAGE 11


  C:31BAH         LINE#         164
  C:31BFH         LINE#         166
  C:31C5H         LINE#         167
  C:31C5H         LINE#         169
  C:31D9H         LINE#         170
  C:31D9H         LINE#         172
  C:31DEH         LINE#         174
  C:31E8H         LINE#         175
  C:31EEH         LINE#         176
  C:31EEH         LINE#         178
  C:31EEH         LINE#         179
  C:320AH         LINE#         180
  C:320AH         LINE#         182
  C:3214H         LINE#         184
  C:3214H         LINE#         185
  C:321AH         LINE#         187
  C:321AH         LINE#         188
  C:321AH         LINE#         189
  C:323CH         LINE#         190
  C:323CH         LINE#         191
  C:3250H         LINE#         192
  C:325FH         LINE#         193
  C:3265H         LINE#         194
  C:3272H         LINE#         195
  C:3272H         LINE#         196
  C:327CH         LINE#         197
  C:3286H         LINE#         198
  C:328CH         LINE#         199
  C:3290H         LINE#         201
  C:3290H         LINE#         202
  C:3290H         LINE#         203
  C:32A4H         LINE#         204
  C:32B3H         LINE#         206
  C:32D3H         LINE#         207
  C:32DAH         LINE#         208
  C:32DAH         LINE#         209
  C:32F7H         LINE#         210
  C:330FH         LINE#         211
  C:330FH         LINE#         212
  -------         ENDPROC       PWMSET
  -------         PROC          DISABLE_COIL_POWER
  C:4691H         LINE#         214
  C:4691H         LINE#         215
  C:4691H         LINE#         216
  C:4696H         LINE#         217
  C:469DH         LINE#         218
  C:469FH         LINE#         219
  C:46A6H         LINE#         220
  -------         ENDPROC       DISABLE_COIL_POWER
  -------         PROC          ENABLE_COIL_POWER
  C:44F9H         LINE#         222
  C:44F9H         LINE#         223
  C:44F9H         LINE#         224
  C:4503H         LINE#         227
  C:450DH         LINE#         228
  C:4513H         LINE#         229
  C:4516H         LINE#         230
BL51 BANKED LINKER/LOCATER V6.22                                                      03/19/2018  09:53:25  PAGE 12


  C:451DH         LINE#         231
  C:451FH         LINE#         232
  C:4526H         LINE#         233
  C:452DH         LINE#         234
  C:4533H         LINE#         236
  C:4538H         LINE#         237
  -------         ENDPROC       ENABLE_COIL_POWER
  -------         PROC          GETTEMP
  -------         DO            
  X:0048H         SYMBOL        adc
  X:004AH         SYMBOL        temp
  X:004EH         SYMBOL        i
  -------         ENDDO         
  C:3C68H         LINE#         241
  C:3C68H         LINE#         242
  C:3C68H         LINE#         243
  C:3C6FH         LINE#         244
  C:3C77H         LINE#         246
  C:3C7DH         LINE#         247
  C:3C92H         LINE#         249
  C:3C9FH         LINE#         250
  C:3C9FH         LINE#         251
  C:3CA1H         LINE#         252
  C:3CA3H         LINE#         253
  C:3CA6H         LINE#         254
  C:3CB0H         LINE#         255
  C:3CC3H         LINE#         256
  C:3CECH         LINE#         257
  C:3CF4H         LINE#         258
  C:3CF6H         LINE#         263
  C:3D1EH         LINE#         265
  C:3D26H         LINE#         266
  -------         ENDPROC       GETTEMP
  -------         PROC          GETVPEAK
  -------         DO            
  X:0048H         SYMBOL        adc
  X:004AH         SYMBOL        temp
  X:004EH         SYMBOL        i
  -------         ENDDO         
  C:3D27H         LINE#         268
  C:3D27H         LINE#         269
  C:3D27H         LINE#         270
  C:3D2EH         LINE#         271
  C:3D36H         LINE#         273
  C:3D3CH         LINE#         274
  C:3D51H         LINE#         275
  C:3D5EH         LINE#         276
  C:3D5EH         LINE#         277
  C:3D60H         LINE#         278
  C:3D62H         LINE#         279
  C:3D65H         LINE#         280
  C:3D6FH         LINE#         281
  C:3D82H         LINE#         282
  C:3DABH         LINE#         283
  C:3DB3H         LINE#         284
  C:3DB5H         LINE#         289
  C:3DDDH         LINE#         291
BL51 BANKED LINKER/LOCATER V6.22                                                      03/19/2018  09:53:25  PAGE 13


  C:3DE5H         LINE#         292
  -------         ENDPROC       GETVPEAK
  -------         PROC          GETVPA
  -------         DO            
  X:0048H         SYMBOL        adc
  X:004AH         SYMBOL        temp
  X:004EH         SYMBOL        i
  -------         ENDDO         
  C:3AB8H         LINE#         294
  C:3AB8H         LINE#         295
  C:3AB8H         LINE#         296
  C:3ABFH         LINE#         297
  C:3AC7H         LINE#         299
  C:3ACDH         LINE#         300
  C:3AE2H         LINE#         301
  C:3AEFH         LINE#         302
  C:3AEFH         LINE#         303
  C:3AF1H         LINE#         304
  C:3AF3H         LINE#         305
  C:3AF6H         LINE#         306
  C:3AFEH         LINE#         307
  C:3B0CH         LINE#         308
  C:3B0CH         LINE#         309
  C:3B0EH         LINE#         310
  C:3B10H         LINE#         311
  C:3B13H         LINE#         312
  C:3B1DH         LINE#         313
  C:3B30H         LINE#         314
  C:3B59H         LINE#         315
  C:3B61H         LINE#         316
  C:3B63H         LINE#         321
  C:3B8BH         LINE#         323
  C:3B93H         LINE#         324
  -------         ENDPROC       GETVPA
  -------         PROC          GETIPA
  -------         DO            
  X:0048H         SYMBOL        adc
  X:004AH         SYMBOL        temp
  X:004EH         SYMBOL        i
  -------         ENDDO         
  C:3DE6H         LINE#         326
  C:3DE6H         LINE#         327
  C:3DE6H         LINE#         328
  C:3DEDH         LINE#         329
  C:3DF5H         LINE#         331
  C:3DFBH         LINE#         332
  C:3E10H         LINE#         339
  C:3E1DH         LINE#         340
  C:3E1DH         LINE#         341
  C:3E1FH         LINE#         342
  C:3E21H         LINE#         343
  C:3E24H         LINE#         344
  C:3E2EH         LINE#         345
  C:3E41H         LINE#         346
  C:3E6AH         LINE#         347
  C:3E72H         LINE#         348
  C:3E74H         LINE#         353
BL51 BANKED LINKER/LOCATER V6.22                                                      03/19/2018  09:53:25  PAGE 14


  C:3E9CH         LINE#         355
  C:3EA4H         LINE#         356
  -------         ENDPROC       GETIPA
  -------         PROC          INITTIMER3
  C:46E6H         LINE#         360
  C:46E6H         LINE#         361
  C:46E6H         LINE#         362
  C:46E9H         LINE#         363
  C:46ECH         LINE#         364
  C:46EFH         LINE#         365
  C:46F2H         LINE#         366
  C:46F4H         LINE#         367
  C:46F7H         LINE#         368
  -------         ENDPROC       INITTIMER3
  -------         PROC          _TIMER_1MS_ENABLE
  D:0007H         SYMBOL        on
  C:4708H         LINE#         370
  C:4708H         LINE#         371
  C:4708H         LINE#         372
  C:470BH         LINE#         373
  C:470FH         LINE#         375
  C:4712H         LINE#         376
  -------         ENDPROC       _TIMER_1MS_ENABLE
  -------         PROC          TIMER3_ISR
  -------         DO            
  X:00DDH         SYMBOL        common
  -------         ENDDO         
  C:43CEH         LINE#         378
  C:43D6H         LINE#         387
  C:43DCH         LINE#         388
  C:43E0H         LINE#         389
  C:43E0H         LINE#         390
  C:43EEH         LINE#         391
  C:43FCH         LINE#         392
  C:440AH         LINE#         394
  C:4410H         LINE#         395
  C:4412H         LINE#         397
  C:4417H         LINE#         398
  C:4417H         LINE#         449
  C:441AH         LINE#         450
  -------         ENDPROC       TIMER3_ISR
  -------         PROC          INITCAPTURE
  C:44B7H         LINE#         453
  C:44B7H         LINE#         454
  C:44B7H         LINE#         455
  C:44BDH         LINE#         456
  C:44C3H         LINE#         457
  C:44C9H         LINE#         458
  C:44CFH         LINE#         460
  C:44E1H         LINE#         461
  C:44F3H         LINE#         463
  C:44F6H         LINE#         464
  C:44F8H         LINE#         465
  -------         ENDPROC       INITCAPTURE
  -------         PROC          _TIM2_GETCOUNTER
  D:0007H         SYMBOL        i
  -------         DO            
BL51 BANKED LINKER/LOCATER V6.22                                                      03/19/2018  09:53:25  PAGE 15


  D:0004H         SYMBOL        cap
  -------         ENDDO         
  C:45DAH         LINE#         467
  C:45DAH         LINE#         468
  C:45DAH         LINE#         469
  C:45DDH         LINE#         470
  C:45E0H         LINE#         471
  C:45E0H         LINE#         472
  C:45E4H         LINE#         473
  C:45EEH         LINE#         474
  C:45F0H         LINE#         476
  C:45F0H         LINE#         477
  C:45F6H         LINE#         478
  C:4600H         LINE#         479
  C:4600H         LINE#         480
  C:4604H         LINE#         481
  -------         ENDPROC       _TIM2_GETCOUNTER
  -------         PROC          CAPTURE_ISR
  C:4376H         LINE#         483
  C:4393H         LINE#         486
  C:4398H         LINE#         487
  C:4398H         LINE#         488
  C:439DH         LINE#         489
  C:43A0H         LINE#         490
  C:43A3H         LINE#         491
  C:43A3H         LINE#         492
  C:43A8H         LINE#         493
  C:43A8H         LINE#         495
  C:43ADH         LINE#         496
  C:43B0H         LINE#         497
  C:43B3H         LINE#         498
  C:43B3H         LINE#         499
  -------         ENDPROC       CAPTURE_ISR
  -------         PROC          INITGPIO
  C:4578H         LINE#         502
  C:4578H         LINE#         503
  C:4578H         LINE#         504
  C:457EH         LINE#         505
  C:4584H         LINE#         506
  C:458AH         LINE#         507
  C:4590H         LINE#         508
  C:4596H         LINE#         509
  C:459CH         LINE#         511
  C:459EH         LINE#         512
  C:45A0H         LINE#         513
  C:45A2H         LINE#         514
  C:45A4H         LINE#         515
  C:45A6H         LINE#         516
  C:45A8H         LINE#         517
  -------         ENDPROC       INITGPIO
  -------         PROC          QC20SHAKE
  C:417FH         LINE#         520
  C:417FH         LINE#         521
  C:417FH         LINE#         523
  C:4181H         LINE#         524
  C:4183H         LINE#         525
  C:418EH         LINE#         527
BL51 BANKED LINKER/LOCATER V6.22                                                      03/19/2018  09:53:25  PAGE 16


  C:4194H         LINE#         528
  C:4196H         LINE#         530
  C:41A1H         LINE#         532
  C:41A7H         LINE#         533
  C:41A9H         LINE#         535
  C:41B4H         LINE#         537
  C:41BAH         LINE#         538
  C:41BCH         LINE#         543
  C:41BEH         LINE#         544
  C:41C9H         LINE#         546
  C:41CFH         LINE#         547
  C:41D1H         LINE#         549
  C:41DCH         LINE#         551
  C:41E2H         LINE#         552
  C:41E4H         LINE#         554
  C:41EFH         LINE#         556
  C:41F5H         LINE#         557
  C:41F7H         LINE#         559
  -------         ENDPROC       QC20SHAKE
  -------         PROC          QC20OUT9V
  C:007DH         LINE#         561
  C:007DH         LINE#         562
  C:007DH         LINE#         563
  C:007FH         LINE#         564
  C:0081H         LINE#         565
  -------         ENDPROC       QC20OUT9V
  -------         PROC          QC20OUT5V
  C:4713H         LINE#         566
  C:4713H         LINE#         567
  C:4713H         LINE#         568
  C:4715H         LINE#         569
  C:4717H         LINE#         570
  -------         ENDPROC       QC20OUT5V
  -------         PROC          QC20OUT12V
  C:4718H         LINE#         571
  C:4718H         LINE#         572
  C:4718H         LINE#         573
  C:471AH         LINE#         574
  C:471CH         LINE#         575
  -------         ENDPROC       QC20OUT12V
  -------         PROC          _DELAY_FULL_FSK
  D:0007H         SYMBOL        full
  -------         DO            
  D:0004H         SYMBOL        cnt
  D:0002H         SYMBOL        cnt_target
  -------         ENDDO         
  C:464FH         LINE#         578
  C:464FH         LINE#         579
  C:464FH         LINE#         580
  C:4652H         LINE#         581
  C:4655H         LINE#         583
  C:4657H         LINE#         584
  C:465AH         LINE#         585
  C:465BH         LINE#         586
  C:465BH         LINE#         587
  C:465BH         LINE#         588
  C:465DH         LINE#         589
BL51 BANKED LINKER/LOCATER V6.22                                                      03/19/2018  09:53:25  PAGE 17


  C:4660H         LINE#         590
  C:4665H         LINE#         591
  C:466CH         LINE#         592
  C:466CH         LINE#         593
  C:466DH         LINE#         594
  C:466DH         LINE#         595
  C:466FH         LINE#         596
  -------         ENDPROC       _DELAY_FULL_FSK
  -------         PROC          FSKSEND_SA
  -------         DO            
  X:0048H         SYMBOL        full
  X:0049H         SYMBOL        i
  -------         ENDDO         
  C:4100H         LINE#         599
  C:4100H         LINE#         600
  C:4100H         LINE#         601
  C:4106H         LINE#         602
  C:4109H         LINE#         603
  C:410BH         LINE#         604
  C:4113H         LINE#         605
  C:411CH         LINE#         606
  C:411CH         LINE#         607
  C:4122H         LINE#         608
  C:415CH         LINE#         612
  C:4161H         LINE#         613
  C:4168H         LINE#         614
  C:416CH         LINE#         616
  C:416EH         LINE#         617
  C:4176H         LINE#         618
  C:417AH         LINE#         619
  C:417CH         LINE#         620
  C:417EH         LINE#         622
  -------         ENDPROC       FSKSEND_SA
  -------         PROC          _FSKSEND_ECH_POWER
  D:0006H         SYMBOL        deep_ech
  X:0048H         SYMBOL        power
  -------         DO            
  D:0001H         SYMBOL        sig
  -------         ENDDO         
  C:380BH         LINE#         625
  C:3812H         LINE#         626
  C:3812H         LINE#         627
  C:3814H         LINE#         630
  C:3816H         LINE#         631
  C:381AH         LINE#         632
  C:3820H         LINE#         633
  C:3825H         LINE#         634
  C:382AH         LINE#         635
  C:382EH         LINE#         636
  C:3830H         LINE#         637
  C:3836H         LINE#         638
  C:383BH         LINE#         639
  C:383DH         LINE#         640
  C:383DH         LINE#         642
  C:3844H         LINE#         643
  C:3847H         LINE#         644
  C:384CH         LINE#         645
BL51 BANKED LINKER/LOCATER V6.22                                                      03/19/2018  09:53:25  PAGE 18


  C:3851H         LINE#         646
  C:3857H         LINE#         647
  C:385BH         LINE#         648
  C:385DH         LINE#         649
  C:3863H         LINE#         650
  C:3868H         LINE#         651
  C:386DH         LINE#         652
  C:3871H         LINE#         653
  C:3871H         LINE#         654
  C:3873H         LINE#         655
  C:3876H         LINE#         656
  C:387BH         LINE#         657
  C:3880H         LINE#         658
  C:3882H         LINE#         659
  C:3884H         LINE#         660
  C:388AH         LINE#         661
  C:388FH         LINE#         662
  C:3891H         LINE#         663
  C:3891H         LINE#         664
  C:3891H         LINE#         666
  C:3898H         LINE#         667
  C:389BH         LINE#         668
  C:38A0H         LINE#         669
  C:38A5H         LINE#         670
  C:38ABH         LINE#         671
  C:38AFH         LINE#         672
  C:38B1H         LINE#         673
  C:38B7H         LINE#         674
  C:38BCH         LINE#         675
  C:38C1H         LINE#         676
  C:38C5H         LINE#         677
  C:38C5H         LINE#         678
  C:38C7H         LINE#         679
  C:38CAH         LINE#         680
  C:38CFH         LINE#         681
  C:38D4H         LINE#         682
  C:38D6H         LINE#         683
  C:38D8H         LINE#         684
  C:38DEH         LINE#         685
  C:38E3H         LINE#         686
  C:38E5H         LINE#         687
  C:38E5H         LINE#         688
  C:38E5H         LINE#         689
  C:38E8H         LINE#         690
  C:38EDH         LINE#         691
  C:38F2H         LINE#         692
  C:38F8H         LINE#         693
  C:38FCH         LINE#         695
  C:3901H         LINE#         696
  C:3905H         LINE#         698
  C:390BH         LINE#         699
  C:3910H         LINE#         700
  C:3915H         LINE#         701
  C:3919H         LINE#         703
  C:391FH         LINE#         704
  C:3923H         LINE#         705
  C:3928H         LINE#         706
BL51 BANKED LINKER/LOCATER V6.22                                                      03/19/2018  09:53:25  PAGE 19


  C:392CH         LINE#         708
  C:3932H         LINE#         709
  C:3936H         LINE#         710
  C:393BH         LINE#         711
  C:393FH         LINE#         713
  C:3941H         LINE#         714
  C:3947H         LINE#         715
  C:394CH         LINE#         716
  C:3951H         LINE#         717
  C:3955H         LINE#         719
  C:395BH         LINE#         720
  C:395FH         LINE#         722
  C:3964H         LINE#         723
  C:3969H         LINE#         724
  C:396FH         LINE#         725
  C:3973H         LINE#         727
  C:3978H         LINE#         728
  C:397CH         LINE#         729
  C:3982H         LINE#         730
  C:3986H         LINE#         732
  C:398BH         LINE#         733
  C:398FH         LINE#         734
  C:3995H         LINE#         735
  C:3999H         LINE#         736
  C:3999H         LINE#         738
  C:399BH         LINE#         740
  -------         ENDPROC       _FSKSEND_ECH_POWER
  -------         ENDMOD        HAL

  -------         MODULE        MAIN
  C:0000H         SYMBOL        _ICE_DUMMY_
  D:0080H         PUBLIC        P0
  D:0090H         PUBLIC        P1
  D:00A0H         PUBLIC        P2
  B:00A8H.7       PUBLIC        EA
  B:0090H.2       PUBLIC        LED1
  D:00D8H         PUBLIC        PWMCON0
  B:0090H.6       PUBLIC        LED2
  X:0085H         PUBLIC        IPA0
  D:00A8H         PUBLIC        IE
  D:0096H         PUBLIC        CKSWT
  X:0087H         PUBLIC        exit_pt_info
  X:008CH         PUBLIC        QC
  D:00C7H         PUBLIC        TA
  D:00B8H         PUBLIC        IP
  X:008DH         PUBLIC        echrx
  D:0097H         PUBLIC        CKEN
  C:293CH         PUBLIC        main
  X:008EH         PUBLIC        ASKch
  X:008FH         PUBLIC        sfod
  X:0091H         PUBLIC        sipa
  D:0098H         PUBLIC        SCON
  D:0088H         PUBLIC        TCON
  X:0093H         PUBLIC        t_ce_cnt_1ms
  D:00F8H         PUBLIC        SCON_1
  X:0095H         PUBLIC        ntc
  X:0096H         PUBLIC        vqi
BL51 BANKED LINKER/LOCATER V6.22                                                      03/19/2018  09:53:25  PAGE 20


  X:0097H         PUBLIC        t_pr_cnt_1ms
  X:0099H         PUBLIC        t_rp_cnt_1ms
  D:00E8H         PUBLIC        ADCCON0
  X:009BH         PUBLIC        power_ctrl_pram
  D:00C0H         PUBLIC        I2CON
  X:00A4H         PUBLIC        tx_phase
  X:00A5H         PUBLIC        BPP
  X:00A6H         PUBLIC        Samsung
  X:00A7H         PUBLIC        Fremin
  X:00ABH         PUBLIC        temp_slow_state
  X:00ACH         PUBLIC        Xamsung
  D:00C8H         PUBLIC        T2CON
  D:0022H         PUBLIC        tx
  X:00ADH         PUBLIC        Apple
  D:00D0H         PUBLIC        PSW
  X:00AEH         PUBLIC        tx_info
  X:00B0H         PUBLIC        hftofb
  -------         PROC          MAIN
  -------         DO            
  X:0003H         SYMBOL        i
  X:0005H         SYMBOL        temp
  -------         ENDDO         
  C:293CH         LINE#         55
  C:293CH         LINE#         56
  C:293CH         LINE#         60
  C:293EH         LINE#         61
  C:2941H         LINE#         62
  C:2944H         LINE#         63
  C:2947H         LINE#         64
  C:2947H         LINE#         65
  C:2947H         LINE#         66
  C:294CH         LINE#         67
  C:294EH         LINE#         68
  C:2950H         LINE#         69
  C:2953H         LINE#         70
  C:2956H         LINE#         71
  C:2959H         LINE#         72
  C:295CH         LINE#         73
  C:295FH         LINE#         74
  C:2962H         LINE#         76
  C:2965H         LINE#         77
  C:297AH         LINE#         78
  C:297FH         LINE#         79
  C:298AH         LINE#         80
  C:298DH         LINE#         81
  C:2990H         LINE#         82
  C:2993H         LINE#         83
  C:2995H         LINE#         88
  C:2997H         LINE#         90
  C:299AH         LINE#         91
  C:29A6H         LINE#         92
  C:29A6H         LINE#         93
  C:29ACH         LINE#         94
  C:29AEH         LINE#         96
  C:29AEH         LINE#         97
  C:29B4H         LINE#         98
  C:29B4H         LINE#         100
BL51 BANKED LINKER/LOCATER V6.22                                                      03/19/2018  09:53:25  PAGE 21


  C:29BFH         LINE#         101
  C:29D8H         LINE#         102
  C:29D8H         LINE#         103
  C:29F0H         LINE#         104
  C:29F6H         LINE#         105
  C:29F6H         LINE#         107
  C:29F9H         LINE#         108
  C:29FCH         LINE#         109
  C:2A07H         LINE#         111
  C:2A0CH         LINE#         113
  C:2A20H         LINE#         114
  C:2A2CH         LINE#         115
  C:2A34H         LINE#         117
  C:2A39H         LINE#         118
  C:2A3BH         LINE#         120
  C:2A46H         LINE#         121
  C:2A51H         LINE#         124
  C:2A6BH         LINE#         125
  C:2A7CH         LINE#         126
  C:2A94H         LINE#         131
  C:2A94H         LINE#         132
  C:2A94H         LINE#         133
  C:2AC1H         LINE#         134
  C:2AC1H         LINE#         135
  C:2AC1H         LINE#         136
  C:2AC1H         LINE#         140
  C:2ACDH         LINE#         141
  C:2ACDH         LINE#         142
  C:2AD3H         LINE#         143
  C:2AD6H         LINE#         144
  C:2AD8H         LINE#         145
  C:2AD8H         LINE#         146
  C:2AE4H         LINE#         147
  C:2AECH         LINE#         149
  C:2AF1H         LINE#         150
  C:2AFCH         LINE#         151
  C:2B14H         LINE#         152
  C:2B17H         LINE#         153
  C:2B19H         LINE#         154
  C:2B1FH         LINE#         155
  C:2B27H         LINE#         156
  C:2B34H         LINE#         157
  C:2B3FH         LINE#         159
  C:2B44H         LINE#         160
  C:2B4DH         LINE#         162
  C:2B50H         LINE#         163
  C:2B50H         LINE#         164
  C:2B53H         LINE#         166
  C:2B53H         LINE#         167
  C:2B53H         LINE#         168
  C:2B56H         LINE#         169
  C:2B56H         LINE#         170
  C:2B59H         LINE#         172
  C:2B59H         LINE#         173
  C:2B59H         LINE#         174
  C:2B62H         LINE#         175
  C:2B62H         LINE#         176
BL51 BANKED LINKER/LOCATER V6.22                                                      03/19/2018  09:53:25  PAGE 22


  C:2B65H         LINE#         177
  C:2B65H         LINE#         178
  C:2B65H         LINE#         179
  C:2B6EH         LINE#         180
  C:2B6EH         LINE#         181
  C:2B71H         LINE#         183
  C:2B71H         LINE#         184
  C:2B71H         LINE#         185
  C:2B73H         LINE#         186
  C:2B89H         LINE#         187
  C:2B89H         LINE#         188
  C:2B8BH         LINE#         189
  C:2B96H         LINE#         190
  C:2B98H         LINE#         191
  C:2BA3H         LINE#         193
  C:2BAFH         LINE#         194
  C:2BAFH         LINE#         195
  C:2BBAH         LINE#         196
  C:2BC6H         LINE#         197
  C:2BC6H         LINE#         198
  C:2BC6H         LINE#         199
  C:2BD6H         LINE#         200
  C:2BDCH         LINE#         201
  C:2BDCH         LINE#         202
  C:2BDFH         LINE#         204
  C:2BDFH         LINE#         205
  C:2BDFH         LINE#         206
  C:2BE1H         LINE#         207
  C:2BE1H         LINE#         208
  C:2BE1H         LINE#         209
  C:2BE4H         LINE#         210
  C:2BEFH         LINE#         211
  C:2C07H         LINE#         212
  C:2C25H         LINE#         213
  C:2C29H         LINE#         214
  C:2C4CH         LINE#         215
  C:2C4CH         LINE#         216
  C:2C4FH         LINE#         217
  C:2C5AH         LINE#         218
  C:2C5CH         LINE#         220
  C:2C5EH         LINE#         221
  C:2C60H         LINE#         222
  C:2C66H         LINE#         223
  C:2C66H         LINE#         224
  C:2C69H         LINE#         225
  C:2C69H         LINE#         226
  C:2C69H         LINE#         227
  C:2C6CH         LINE#         228
  C:2C78H         LINE#         229
  C:2C78H         LINE#         230
  C:2C83H         LINE#         231
  C:2C85H         LINE#         232
  C:2C90H         LINE#         233
  C:2C92H         LINE#         234
  C:2C94H         LINE#         235
  C:2C9AH         LINE#         236
  C:2C9AH         LINE#         237
BL51 BANKED LINKER/LOCATER V6.22                                                      03/19/2018  09:53:25  PAGE 23


  C:2C9AH         LINE#         238
  C:2C9DH         LINE#         239
  C:2C9DH         LINE#         240
  -------         ENDPROC       MAIN
  -------         ENDMOD        MAIN

  -------         MODULE        RCVPKT
  C:0000H         SYMBOL        _ICE_DUMMY_
  D:0080H         PUBLIC        P0
  D:0090H         PUBLIC        P1
  D:00A0H         PUBLIC        P2
  C:3310H         PUBLIC        _Receive_Packet
  D:00D8H         PUBLIC        PWMCON0
  D:00A8H         PUBLIC        IE
  D:00B8H         PUBLIC        IP
  C:2584H         PUBLIC        _rcv_packet_int_handler
  D:0098H         PUBLIC        SCON
  D:0088H         PUBLIC        TCON
  C:3FF3H         PUBLIC        _Pakcet_Check_Checksum
  D:00E5H         PUBLIC        C0H
  D:00E7H         PUBLIC        C1H
  D:00E4H         PUBLIC        C0L
  D:00E6H         PUBLIC        C1L
  D:00F8H         PUBLIC        SCON_1
  C:407DH         PUBLIC        _Cul_MsgLen
  D:00E8H         PUBLIC        ADCCON0
  D:00C0H         PUBLIC        I2CON
  C:3EA5H         PUBLIC        _Decode_OneByte
  D:00C8H         PUBLIC        T2CON
  C:46F8H         PUBLIC        Reset_Receive_Packet
  D:00D0H         PUBLIC        PSW
  -------         PROC          _CUL_MSGLEN
  D:0007H         SYMBOL        i
  -------         DO            
  D:0006H         SYMBOL        len
  -------         ENDDO         
  C:407DH         LINE#         13
  C:407DH         LINE#         14
  C:407DH         LINE#         17
  C:4088H         LINE#         18
  C:408CH         LINE#         19
  C:4097H         LINE#         20
  C:409BH         LINE#         21
  C:40A6H         LINE#         22
  C:40AAH         LINE#         23
  C:40AEH         LINE#         24
  C:40B2H         LINE#         25
  C:40BDH         LINE#         26
  C:40C1H         LINE#         27
  C:40C5H         LINE#         28
  C:40C9H         LINE#         29
  C:40D4H         LINE#         30
  C:40D8H         LINE#         31
  C:40E3H         LINE#         32
  C:40E7H         LINE#         33
  C:40EBH         LINE#         34
  C:40EFH         LINE#         35
BL51 BANKED LINKER/LOCATER V6.22                                                      03/19/2018  09:53:25  PAGE 24


  C:40F3H         LINE#         36
  C:40F7H         LINE#         37
  C:40FBH         LINE#         38
  C:40FDH         LINE#         40
  C:40FFH         LINE#         41
  -------         ENDPROC       _CUL_MSGLEN
  -------         PROC          _PAKCET_CHECK_CHECKSUM
  X:0058H         SYMBOL        p_tx_receive_packet
  -------         DO            
  X:005BH         SYMBOL        i
  X:005CH         SYMBOL        sum
  -------         ENDDO         
  C:3FF3H         LINE#         43
  C:3FFEH         LINE#         44
  C:3FFEH         LINE#         45
  C:4001H         LINE#         46
  C:4013H         LINE#         48
  C:4032H         LINE#         49
  C:4032H         LINE#         50
  C:4056H         LINE#         51
  C:405EH         LINE#         53
  C:4077H         LINE#         54
  C:4077H         LINE#         55
  C:407AH         LINE#         56
  C:407AH         LINE#         57
  C:407CH         LINE#         58
  -------         ENDPROC       _PAKCET_CHECK_CHECKSUM
  -------         PROC          RESET_RECEIVE_PACKET
  C:46F8H         LINE#         60
  C:46F8H         LINE#         61
  C:46F8H         LINE#         62
  C:4707H         LINE#         64
  -------         ENDPROC       RESET_RECEIVE_PACKET
  -------         PROC          _RECEIVE_PACKET
  X:0048H         SYMBOL        p_tx_receive_packet
  -------         DO            
  X:004BH         SYMBOL        status
  X:004CH         SYMBOL        p_rcv_packet_info_v
  X:004FH         SYMBOL        p_rcv_packet_struct_v
  X:0052H         SYMBOL        p_rcv_packet_info_c
  X:0055H         SYMBOL        p_rcv_packet_struct_c
  -------         ENDDO         
  C:3310H         LINE#         66
  C:331BH         LINE#         67
  C:331BH         LINE#         68
  C:331EH         LINE#         69
  C:3328H         LINE#         70
  C:3333H         LINE#         71
  C:333EH         LINE#         72
  C:3349H         LINE#         74
  C:336CH         LINE#         75
  C:336CH         LINE#         76
  C:3386H         LINE#         77
  C:3389H         LINE#         78
  C:3389H         LINE#         80
  C:33C1H         LINE#         82
  C:33C1H         LINE#         83
BL51 BANKED LINKER/LOCATER V6.22                                                      03/19/2018  09:53:25  PAGE 25


  C:33D2H         LINE#         84
  C:33D2H         LINE#         85
  C:33F1H         LINE#         86
  C:33F6H         LINE#         89
  C:33F8H         LINE#         91
  C:33F8H         LINE#         95
  C:33FFH         LINE#         96
  C:3402H         LINE#         97
  C:3402H         LINE#         98
  C:3414H         LINE#         99
  C:3414H         LINE#         101
  C:344CH         LINE#         103
  C:344CH         LINE#         104
  C:345DH         LINE#         105
  C:345DH         LINE#         106
  C:347CH         LINE#         107
  C:3482H         LINE#         110
  C:3484H         LINE#         112
  C:3484H         LINE#         116
  C:348BH         LINE#         117
  C:348EH         LINE#         118
  C:348EH         LINE#         119
  C:34A0H         LINE#         120
  C:34A0H         LINE#         122
  C:34C3H         LINE#         123
  C:34C8H         LINE#         125
  C:34CDH         LINE#         126
  -------         ENDPROC       _RECEIVE_PACKET
  -------         PROC          _DECODE_ONEBYTE
  D:0001H         SYMBOL        p_rcv_packet_info
  -------         DO            
  D:000AH         SYMBOL        parity_cnt
  D:000BH         SYMBOL        bit_cnt
  D:000CH         SYMBOL        byte
  D:0007H         SYMBOL        error_type
  -------         ENDDO         
  C:3EA5H         LINE#         128
  C:3EA5H         LINE#         129
  C:3EA5H         LINE#         130
  C:3EADH         LINE#         131
  C:3EB5H         LINE#         132
  C:3EBDH         LINE#         133
  C:3EBFH         LINE#         135
  C:3EC3H         LINE#         136
  C:3EC3H         LINE#         137
  C:3EC9H         LINE#         138
  C:3ED1H         LINE#         140
  C:3ED9H         LINE#         141
  C:3ED9H         LINE#         142
  C:3EDBH         LINE#         143
  C:3EDBH         LINE#         144
  C:3EDEH         LINE#         145
  C:3EE0H         LINE#         146
  C:3EE2H         LINE#         147
  C:3EE9H         LINE#         148
  C:3EE9H         LINE#         149
  C:3EEFH         LINE#         150
BL51 BANKED LINKER/LOCATER V6.22                                                      03/19/2018  09:53:25  PAGE 26


  C:3EF8H         LINE#         151
  C:3EF8H         LINE#         152
  C:3EFBH         LINE#         153
  C:3EFDH         LINE#         154
  C:3EFDH         LINE#         155
  C:3EFFH         LINE#         156
  C:3F01H         LINE#         157
  C:3F06H         LINE#         158
  C:3F06H         LINE#         159
  C:3F14H         LINE#         160
  C:3F14H         LINE#         161
  C:3F16H         LINE#         162
  C:3F16H         LINE#         163
  C:3F18H         LINE#         164
  C:3F1AH         LINE#         165
  C:3F1FH         LINE#         166
  C:3F1FH         LINE#         167
  C:3F29H         LINE#         168
  C:3F29H         LINE#         169
  C:3F2BH         LINE#         170
  C:3F2BH         LINE#         171
  C:3F2DH         LINE#         172
  C:3F2DH         LINE#         174
  C:3F35H         LINE#         176
  C:3F3AH         LINE#         177
  C:3F3AH         LINE#         178
  C:3F42H         LINE#         179
  C:3F45H         LINE#         180
  C:3F47H         LINE#         181
  C:3F49H         LINE#         182
  C:3F49H         LINE#         184
  C:3F51H         LINE#         186
  C:3F59H         LINE#         187
  C:3F60H         LINE#         189
  C:3F60H         LINE#         190
  -------         ENDPROC       _DECODE_ONEBYTE
  -------         PROC          _RCV_PACKET_INT_HANDLER
  X:0000H         SYMBOL        vol
  -------         DO            
  D:0008H         SYMBOL        time_diff
  D:0012H         SYMBOL        time_diffv0
  D:0014H         SYMBOL        time_diffv1
  D:0016H         SYMBOL        time_diffc0
  D:0018H         SYMBOL        time_diffc1
  X:0001H         SYMBOL        p_rcv_packet_info
  X:0002H         SYMBOL        p_rcv_packet_struct
  -------         ENDDO         
  C:2584H         LINE#         193
  C:2589H         LINE#         194
  C:2589H         LINE#         195
  C:258EH         LINE#         203
  C:2590H         LINE#         204
  C:2592H         LINE#         207
  C:2598H         LINE#         208
  C:2598H         LINE#         209
  C:259EH         LINE#         210
  C:25A4H         LINE#         211
BL51 BANKED LINKER/LOCATER V6.22                                                      03/19/2018  09:53:25  PAGE 27


  C:25A6H         LINE#         213
  C:25A6H         LINE#         214
  C:25ACH         LINE#         215
  C:25B2H         LINE#         216
  C:25B2H         LINE#         218
  C:25C1H         LINE#         220
  C:25C1H         LINE#         222
  C:25C5H         LINE#         223
  C:25CBH         LINE#         224
  C:25D1H         LINE#         225
  C:25D1H         LINE#         229
  C:25D7H         LINE#         230
  C:25D7H         LINE#         232
  C:25E7H         LINE#         233
  C:25F2H         LINE#         234
  C:2600H         LINE#         236
  C:2615H         LINE#         237
  C:261BH         LINE#         238
  C:261DH         LINE#         240
  C:261DH         LINE#         242
  C:262DH         LINE#         243
  C:2638H         LINE#         244
  C:2646H         LINE#         246
  C:265BH         LINE#         247
  C:2661H         LINE#         248
  C:2661H         LINE#         250
  C:266EH         LINE#         251
  C:266EH         LINE#         252
  C:2677H         LINE#         253
  C:2677H         LINE#         254
  C:268CH         LINE#         256
  C:268CH         LINE#         257
  C:2692H         LINE#         258
  C:2698H         LINE#         259
  C:269AH         LINE#         261
  C:269AH         LINE#         262
  C:26AFH         LINE#         264
  C:26AFH         LINE#         265
  C:26B8H         LINE#         266
  C:26C1H         LINE#         267
  C:26C1H         LINE#         268
  C:26C7H         LINE#         269
  C:26C7H         LINE#         270
  C:26D0H         LINE#         271
  C:26D2H         LINE#         273
  C:26D2H         LINE#         274
  C:26D9H         LINE#         275
  C:26E2H         LINE#         276
  C:26E2H         LINE#         277
  C:26F1H         LINE#         279
  C:26F1H         LINE#         280
  C:26F1H         LINE#         281
  C:26F1H         LINE#         282
  C:26F3H         LINE#         284
  C:26F3H         LINE#         285
  C:26FCH         LINE#         286
  C:26FCH         LINE#         289
BL51 BANKED LINKER/LOCATER V6.22                                                      03/19/2018  09:53:25  PAGE 28


  C:270BH         LINE#         290
  C:270BH         LINE#         293
  C:2717H         LINE#         294
  C:2717H         LINE#         295
  C:271FH         LINE#         296
  C:271FH         LINE#         297
  C:2723H         LINE#         298
  C:2726H         LINE#         299
  C:2733H         LINE#         300
  C:2733H         LINE#         301
  C:275DH         LINE#         302
  C:275DH         LINE#         303
  C:2764H         LINE#         304
  C:276AH         LINE#         305
  C:2770H         LINE#         306
  C:2770H         LINE#         307
  C:277CH         LINE#         308
  C:277CH         LINE#         309
  C:2782H         LINE#         310
  C:2788H         LINE#         311
  C:278BH         LINE#         313
  C:278BH         LINE#         314
  C:2793H         LINE#         315
  C:2797H         LINE#         316
  C:279DH         LINE#         317
  C:279DH         LINE#         318
  C:279DH         LINE#         319
  C:27A0H         LINE#         321
  C:27AFH         LINE#         322
  C:27AFH         LINE#         323
  C:27BBH         LINE#         324
  C:27BBH         LINE#         325
  C:27CAH         LINE#         326
  C:27CAH         LINE#         327
  C:27D0H         LINE#         328
  C:27DBH         LINE#         329
  C:27E7H         LINE#         331
  C:27F0H         LINE#         333
  C:27F7H         LINE#         334
  C:27F7H         LINE#         335
  C:27FEH         LINE#         336
  C:2804H         LINE#         337
  C:2807H         LINE#         338
  C:2814H         LINE#         339
  C:2814H         LINE#         340
  C:281AH         LINE#         341
  C:2820H         LINE#         342
  C:2820H         LINE#         343
  C:2820H         LINE#         344
  C:2823H         LINE#         345
  C:2830H         LINE#         346
  C:2830H         LINE#         347
  C:283FH         LINE#         348
  C:283FH         LINE#         349
  C:2842H         LINE#         351
  C:2851H         LINE#         352
  C:2851H         LINE#         353
BL51 BANKED LINKER/LOCATER V6.22                                                      03/19/2018  09:53:25  PAGE 29


  C:285DH         LINE#         354
  C:285DH         LINE#         355
  C:2869H         LINE#         356
  C:2869H         LINE#         357
  C:286FH         LINE#         358
  C:2883H         LINE#         359
  C:288BH         LINE#         360
  C:288BH         LINE#         362
  C:28ABH         LINE#         363
  C:28ABH         LINE#         364
  C:28B4H         LINE#         365
  C:28BAH         LINE#         366
  C:28BAH         LINE#         367
  C:28BCH         LINE#         368
  C:28C6H         LINE#         369
  C:28C6H         LINE#         370
  C:28D5H         LINE#         371
  C:28D5H         LINE#         372
  C:28D7H         LINE#         374
  C:28E3H         LINE#         375
  C:28E3H         LINE#         376
  C:28EFH         LINE#         377
  C:28EFH         LINE#         378
  C:28FBH         LINE#         379
  C:28FBH         LINE#         380
  C:2901H         LINE#         381
  C:290EH         LINE#         382
  C:2917H         LINE#         383
  C:2917H         LINE#         384
  C:2919H         LINE#         385
  C:2923H         LINE#         386
  C:2923H         LINE#         387
  C:2932H         LINE#         388
  C:2932H         LINE#         389
  C:2932H         LINE#         390
  C:293BH         LINE#         391
  C:293BH         LINE#         392
  C:293BH         LINE#         406
  -------         ENDPROC       _RCV_PACKET_INT_HANDLER
  -------         ENDMOD        RCVPKT

  -------         MODULE        SELECTION
  C:0000H         SYMBOL        _ICE_DUMMY_
  C:3B94H         PUBLIC        TX_Phase_ProcessSelect
  -------         PROC          TX_PHASE_PROCESSSELECT
  C:3B94H         LINE#         8
  C:3B94H         LINE#         9
  C:3B94H         LINE#         12
  C:3B9BH         LINE#         13
  C:3B9EH         LINE#         14
  C:3BA9H         LINE#         15
  C:3BB4H         LINE#         16
  C:3BC9H         LINE#         17
  C:3BDDH         LINE#         19
  C:3BE4H         LINE#         21
  C:3BE7H         LINE#         22
  C:3BFFH         LINE#         26
BL51 BANKED LINKER/LOCATER V6.22                                                      03/19/2018  09:53:25  PAGE 30


  C:3C2AH         LINE#         28
  C:3C2AH         LINE#         29
  C:3C33H         LINE#         30
  C:3C3AH         LINE#         32
  C:3C3AH         LINE#         34
  C:3C56H         LINE#         35
  C:3C56H         LINE#         36
  C:3C61H         LINE#         37
  C:3C67H         LINE#         39
  C:3C67H         LINE#         41
  -------         ENDPROC       TX_PHASE_PROCESSSELECT
  -------         ENDMOD        SELECTION

  -------         MODULE        PING
  C:0000H         SYMBOL        _ICE_DUMMY_
  D:0080H         PUBLIC        P0
  D:0090H         PUBLIC        P1
  D:00A0H         PUBLIC        P2
  B:0090H.2       PUBLIC        LED1
  D:00D8H         PUBLIC        PWMCON0
  D:00A8H         PUBLIC        IE
  D:00B8H         PUBLIC        IP
  D:0098H         PUBLIC        SCON
  D:0088H         PUBLIC        TCON
  D:00F8H         PUBLIC        SCON_1
  C:3671H         PUBLIC        TX_Phase_ProcessPing
  D:00E8H         PUBLIC        ADCCON0
  D:00C0H         PUBLIC        I2CON
  D:00C8H         PUBLIC        T2CON
  D:00D0H         PUBLIC        PSW
  -------         PROC          TX_PHASE_PROCESSPING
  -------         DO            
  X:0007H         SYMBOL        p_tx_receive_packet
  -------         ENDDO         
  C:3671H         LINE#         5
  C:3671H         LINE#         6
  C:3671H         LINE#         7
  C:367AH         LINE#         9
  C:367FH         LINE#         10
  C:368BH         LINE#         11
  C:368BH         LINE#         12
  C:368DH         LINE#         13
  C:3696H         LINE#         14
  C:3698H         LINE#         15
  C:36A3H         LINE#         16
  C:36A3H         LINE#         17
  C:36A6H         LINE#         18
  C:36B1H         LINE#         19
  C:36B4H         LINE#         20
  C:36BBH         LINE#         22
  C:36BBH         LINE#         24
  C:36CAH         LINE#         25
  C:36CAH         LINE#         26
  C:36D5H         LINE#         27
  C:36DBH         LINE#         29
  C:36E0H         LINE#         30
  C:36E2H         LINE#         32
BL51 BANKED LINKER/LOCATER V6.22                                                      03/19/2018  09:53:25  PAGE 31


  C:36E8H         LINE#         33
  C:36EBH         LINE#         34
  C:36EBH         LINE#         36
  C:36FCH         LINE#         37
  C:36FCH         LINE#         38
  C:3711H         LINE#         39
  C:3711H         LINE#         40
  C:371DH         LINE#         41
  C:371DH         LINE#         42
  C:3722H         LINE#         43
  C:3725H         LINE#         44
  C:3725H         LINE#         45
  C:374FH         LINE#         47
  C:378EH         LINE#         49
  C:378EH         LINE#         50
  C:3793H         LINE#         51
  C:3797H         LINE#         53
  C:3797H         LINE#         54
  C:37ACH         LINE#         57
  C:37BFH         LINE#         58
  C:37BFH         LINE#         59
  C:37C5H         LINE#         61
  C:37CBH         LINE#         62
  C:37CBH         LINE#         63
  C:37D1H         LINE#         64
  C:37DAH         LINE#         65
  C:37DAH         LINE#         67
  C:37DCH         LINE#         69
  C:37DCH         LINE#         70
  C:37DFH         LINE#         71
  C:37E5H         LINE#         72
  C:37E7H         LINE#         73
  C:37E7H         LINE#         74
  C:37E7H         LINE#         76
  C:37E7H         LINE#         78
  C:37EDH         LINE#         79
  C:37EFH         LINE#         80
  C:37EFH         LINE#         81
  C:37EFH         LINE#         82
  C:37FAH         LINE#         84
  C:3802H         LINE#         85
  C:3802H         LINE#         87
  C:3805H         LINE#         89
  C:380AH         LINE#         91
  C:380AH         LINE#         92
  -------         ENDPROC       TX_PHASE_PROCESSPING
  -------         ENDMOD        PING

  -------         MODULE        IDCFG
  C:0000H         SYMBOL        _ICE_DUMMY_
  X:00DFH         PUBLIC        ech_state
  C:2130H         PUBLIC        _TX_Phase_ProcessCfg
  -------         PROC          _TX_PHASE_PROCESSCFG
  X:0007H         SYMBOL        p_tx_info
  -------         DO            
  X:000AH         SYMBOL        optional_packet_cnt
  X:000BH         SYMBOL        order
BL51 BANKED LINKER/LOCATER V6.22                                                      03/19/2018  09:53:25  PAGE 32


  X:000CH         SYMBOL        id_ext
  X:000DH         SYMBOL        t_ce_cnt_1ms_timeout
  X:000EH         SYMBOL        p_tx_receive_packet
  -------         ENDDO         
  C:2130H         LINE#         8
  C:213BH         LINE#         9
  C:213BH         LINE#         10
  C:213EH         LINE#         11
  C:2140H         LINE#         12
  C:2142H         LINE#         13
  C:2146H         LINE#         14
  C:214DH         LINE#         17
  C:215DH         LINE#         18
  C:2164H         LINE#         20
  C:2167H         LINE#         23
  C:2167H         LINE#         25
  C:2187H         LINE#         28
  C:2187H         LINE#         29
  C:218DH         LINE#         30
  C:2198H         LINE#         31
  C:219BH         LINE#         32
  C:219BH         LINE#         34
  C:21AAH         LINE#         35
  C:21AAH         LINE#         37
  C:21B1H         LINE#         38
  C:21FCH         LINE#         39
  C:21FCH         LINE#         41
  C:21FCH         LINE#         42
  C:21FCH         LINE#         43
  C:2203H         LINE#         44
  C:2209H         LINE#         45
  C:220BH         LINE#         46
  C:2211H         LINE#         47
  C:2226H         LINE#         50
  C:2238H         LINE#         52
  C:223DH         LINE#         53
  C:2260H         LINE#         54
  C:2260H         LINE#         55
  C:2266H         LINE#         56
  C:2288H         LINE#         57
  C:2288H         LINE#         58
  C:228EH         LINE#         59
  C:228EH         LINE#         60
  C:2290H         LINE#         62
  C:2295H         LINE#         64
  C:22CBH         LINE#         67
  C:22CBH         LINE#         68
  C:22D2H         LINE#         69
  C:22DAH         LINE#         71
  C:22E0H         LINE#         72
  C:22E9H         LINE#         73
  C:22E9H         LINE#         76
  C:230DH         LINE#         77
  C:2315H         LINE#         79
  C:231AH         LINE#         81
  C:2362H         LINE#         82
  C:2362H         LINE#         83
BL51 BANKED LINKER/LOCATER V6.22                                                      03/19/2018  09:53:25  PAGE 33


  C:2368H         LINE#         84
  C:236BH         LINE#         86
  C:236BH         LINE#         87
  C:2370H         LINE#         88
  C:2376H         LINE#         89
  C:237CH         LINE#         90
  C:237CH         LINE#         91
  C:23ABH         LINE#         92
  C:23ABH         LINE#         93
  C:23B3H         LINE#         94
  C:23B3H         LINE#         95
  C:23B5H         LINE#         96
  C:23BBH         LINE#         97
  C:23BBH         LINE#         98
  C:23E7H         LINE#         99
  C:23E7H         LINE#         100
  C:23EFH         LINE#         101
  C:23EFH         LINE#         102
  C:23F1H         LINE#         104
  C:23F1H         LINE#         105
  C:241CH         LINE#         106
  C:241CH         LINE#         107
  C:2424H         LINE#         108
  C:2424H         LINE#         109
  C:2424H         LINE#         110
  C:2431H         LINE#         111
  C:243AH         LINE#         112
  C:243AH         LINE#         115
  C:243AH         LINE#         116
  C:243DH         LINE#         119
  C:243DH         LINE#         120
  C:243DH         LINE#         121
  C:2444H         LINE#         122
  C:244DH         LINE#         123
  C:244DH         LINE#         124
  C:2452H         LINE#         125
  C:2452H         LINE#         126
  C:2452H         LINE#         127
  C:2455H         LINE#         130
  C:2455H         LINE#         131
  C:2455H         LINE#         132
  C:245CH         LINE#         133
  C:2465H         LINE#         134
  C:2465H         LINE#         135
  C:246BH         LINE#         136
  C:246EH         LINE#         137
  C:246EH         LINE#         138
  C:2474H         LINE#         140
  C:249AH         LINE#         142
  C:24B5H         LINE#         143
  C:24B5H         LINE#         144
  C:24BBH         LINE#         145
  C:24C6H         LINE#         146
  C:24C9H         LINE#         147
  C:24C9H         LINE#         148
  C:24CFH         LINE#         149
  C:24CFH         LINE#         150
BL51 BANKED LINKER/LOCATER V6.22                                                      03/19/2018  09:53:25  PAGE 34


  C:24D2H         LINE#         152
  C:24D2H         LINE#         153
  C:24D2H         LINE#         154
  C:24D8H         LINE#         158
  C:24D8H         LINE#         159
  C:24DBH         LINE#         162
  C:24DBH         LINE#         163
  C:24DBH         LINE#         164
  C:24E2H         LINE#         165
  C:24EAH         LINE#         166
  C:24EAH         LINE#         167
  C:24F0H         LINE#         168
  C:24F2H         LINE#         169
  C:24F2H         LINE#         170
  C:2513H         LINE#         171
  C:2536H         LINE#         173
  C:2536H         LINE#         174
  C:253CH         LINE#         175
  C:2547H         LINE#         176
  C:2549H         LINE#         177
  C:2549H         LINE#         178
  C:2549H         LINE#         179
  C:2549H         LINE#         180
  C:2549H         LINE#         181
  C:2549H         LINE#         182
  C:2549H         LINE#         183
  C:2549H         LINE#         184
  C:2549H         LINE#         185
  C:2549H         LINE#         186
  C:2549H         LINE#         187
  C:2549H         LINE#         188
  C:2549H         LINE#         189
  C:2549H         LINE#         190
  C:2549H         LINE#         191
  C:2549H         LINE#         192
  C:2549H         LINE#         193
  C:2550H         LINE#         194
  C:2556H         LINE#         195
  C:2556H         LINE#         197
  C:255BH         LINE#         198
  C:255DH         LINE#         199
  C:255DH         LINE#         200
  C:2563H         LINE#         201
  C:2563H         LINE#         202
  C:2563H         LINE#         203
  C:2563H         LINE#         204
  C:2563H         LINE#         205
  C:2563H         LINE#         207
  C:256EH         LINE#         209
  C:2576H         LINE#         210
  C:2576H         LINE#         212
  C:2579H         LINE#         213
  C:257EH         LINE#         215
  C:2583H         LINE#         217
  C:2583H         LINE#         219
  -------         ENDPROC       _TX_PHASE_PROCESSCFG
  -------         ENDMOD        IDCFG
BL51 BANKED LINKER/LOCATER V6.22                                                      03/19/2018  09:53:25  PAGE 35



  -------         MODULE        PT
  C:0000H         SYMBOL        _ICE_DUMMY_
  D:0080H         PUBLIC        P0
  D:0090H         PUBLIC        P1
  X:00BCH         PUBLIC        Savep
  D:00A0H         PUBLIC        P2
  C:34CEH         PUBLIC        _Ctrl_PIDAlgorithm
  B:0090H.2       PUBLIC        LED1
  D:00D8H         PUBLIC        PWMCON0
  C:2CA1H         SYMBOL        _pt_temp_control_slow
  D:00A8H         PUBLIC        IE
  X:00BDH         PUBLIC        Save
  D:00B8H         PUBLIC        IP
  D:0098H         PUBLIC        SCON
  D:0088H         PUBLIC        TCON
  X:00BEH         PUBLIC        fod_effi
  C:4423H         PUBLIC        tan
  D:00F8H         PUBLIC        SCON_1
  B:0080H.2       PUBLIC        FAN
  X:00C9H         PUBLIC        pid_Kp
  D:00E8H         PUBLIC        ADCCON0
  D:00C0H         PUBLIC        I2CON
  D:00C8H         PUBLIC        T2CON
  C:0086H         PUBLIC        _TX_Phase_ProcessPT
  X:00DBH         PUBLIC        firstvpa
  C:4539H         PUBLIC        HBtoFB
  D:00D0H         PUBLIC        PSW
  -------         PROC          HBTOFB
  C:4539H         LINE#         18
  C:4539H         LINE#         19
  C:4539H         LINE#         20
  C:4540H         LINE#         21
  C:4540H         LINE#         23
  C:4560H         LINE#         30
  C:4563H         LINE#         31
  C:4568H         LINE#         32
  C:4571H         LINE#         33
  C:4577H         LINE#         34
  C:4577H         LINE#         35
  -------         ENDPROC       HBTOFB
  -------         PROC          _PT_TEMP_CONTROL_SLOW
  D:0007H         SYMBOL        rpcount
  X:0049H         SYMBOL        power_received
  X:004BH         SYMBOL        papower
  X:004DH         SYMBOL        s8_bl
  -------         DO            
  X:00B1H         SYMBOL        rp_counter
  X:00B2H         SYMBOL        rp_stable_cnt
  X:00B4H         SYMBOL        rp_notstable_cnt
  X:00B5H         SYMBOL        stable_rp_value
  X:00B7H         SYMBOL        pa_stable_cnt
  X:00B9H         SYMBOL        pa_notstable_cnt
  X:00BAH         SYMBOL        stable_pa_value
  X:004EH         SYMBOL        overtempreason
  X:004FH         SYMBOL        rp_check_thr
  X:0051H         SYMBOL        stable_rp_thr
BL51 BANKED LINKER/LOCATER V6.22                                                      03/19/2018  09:53:25  PAGE 36


[...]
  C:0E5AH         LINE#         875
  C:0E61H         LINE#         877
  C:0E61H         LINE#         879
  C:0E64H         LINE#         881
  C:0E69H         LINE#         882
  C:0E6CH         LINE#         883
  C:0E6CH         LINE#         884
  C:0E6CH         LINE#         885
  C:0E71H         LINE#         886
  C:0E74H         LINE#         888
  C:0E77H         LINE#         889
  C:0E77H         LINE#         891
  C:0E8DH         LINE#         892
  C:0E8DH         LINE#         893
  C:0E98H         LINE#         894
  C:0EA3H         LINE#         895
  C:0ED4H         LINE#         896
  C:0EE0H         LINE#         897
  C:0EE0H         LINE#         898
  C:0EE5H         LINE#         900
  C:0EE5H         LINE#         901
  C:0EE5H         LINE#         903
  C:0EEDH         LINE#         904
  C:0F03H         LINE#         907
  C:0F19H         LINE#         908
BL51 BANKED LINKER/LOCATER V6.22                                                      03/19/2018  09:53:25  PAGE 47


  C:0F19H         LINE#         909
  C:0F20H         LINE#         910
  C:0F25H         LINE#         912
  C:0F28H         LINE#         914
  C:0F28H         LINE#         915
  C:0F39H         LINE#         917
  C:0F39H         LINE#         918
  C:0F59H         LINE#         919
  C:0F75H         LINE#         920
  C:0F7FH         LINE#         922
  C:0F82H         LINE#         923
  C:0F87H         LINE#         924
  C:0FA4H         LINE#         925
  C:0FA4H         LINE#         928
  C:0FAAH         LINE#         929
  C:0FAAH         LINE#         930
  C:0FACH         LINE#         931
  C:0FB1H         LINE#         932
  C:0FB1H         LINE#         934
  C:0FC2H         LINE#         935
  C:0FC8H         LINE#         936
  C:0FD3H         LINE#         938
  C:0FDCH         LINE#         940
  C:0FE7H         LINE#         941
  C:0FEAH         LINE#         942
  C:1001H         LINE#         943
  C:1001H         LINE#         944
  C:1009H         LINE#         945
  C:1009H         LINE#         946
  C:1014H         LINE#         948
  C:1017H         LINE#         949
  C:101FH         LINE#         950
  C:101FH         LINE#         951
  C:1024H         LINE#         952
  C:1024H         LINE#         953
  C:102AH         LINE#         955
  C:102CH         LINE#         957
  C:103DH         LINE#         959
  C:1043H         LINE#         961
  C:1046H         LINE#         963
  C:1046H         LINE#         965
  C:1048H         LINE#         967
  C:104DH         LINE#         968
  C:104DH         LINE#         969
  C:1050H         LINE#         971
  C:105EH         LINE#         972
  C:105EH         LINE#         973
  C:1064H         LINE#         974
  C:106DH         LINE#         975
  C:1070H         LINE#         977
  C:107BH         LINE#         978
  C:107BH         LINE#         979
  C:1092H         LINE#         980
  C:109EH         LINE#         981
  C:109EH         LINE#         983
  C:10A4H         LINE#         987
  C:10A8H         LINE#         989
BL51 BANKED LINKER/LOCATER V6.22                                                      03/19/2018  09:53:25  PAGE 48


  C:10ABH         LINE#         990
  C:10ABH         LINE#         991
  C:10B6H         LINE#         992
  C:10B6H         LINE#         994
  C:10BCH         LINE#         998
  C:10C0H         LINE#         1000
  C:10C3H         LINE#         1001
  C:10C3H         LINE#         1002
  C:10CEH         LINE#         1003
  C:10CEH         LINE#         1005
  C:10D7H         LINE#         1007
  C:10DDH         LINE#         1008
  C:10E0H         LINE#         1009
  C:10E0H         LINE#         1010
  C:10EBH         LINE#         1011
  C:10EBH         LINE#         1013
  C:10F4H         LINE#         1015
  C:10FAH         LINE#         1016
  C:10FDH         LINE#         1017
  C:10FDH         LINE#         1019
  C:1108H         LINE#         1020
  C:1108H         LINE#         1021
  C:110EH         LINE#         1022
  C:110EH         LINE#         1025
  C:1111H         LINE#         1028
  C:111CH         LINE#         1029
  C:111CH         LINE#         1030
  C:1146H         LINE#         1031
  C:1173H         LINE#         1033
  C:1179H         LINE#         1034
  C:118EH         LINE#         1036
  C:1199H         LINE#         1037
  C:11B9H         LINE#         1038
  C:11D5H         LINE#         1039
  C:11DFH         LINE#         1040
  C:11E2H         LINE#         1041
  C:11E7H         LINE#         1042
  C:11F0H         LINE#         1043
  C:11F6H         LINE#         1044
  C:1226H         LINE#         1045
  C:1226H         LINE#         1046
  C:122CH         LINE#         1047
  C:1241H         LINE#         1048
  C:1241H         LINE#         1049
  C:1244H         LINE#         1051
  C:125AH         LINE#         1055
  C:125AH         LINE#         1056
  C:125DH         LINE#         1057
  C:1268H         LINE#         1058
  C:126EH         LINE#         1059
  C:127FH         LINE#         1061
  C:1285H         LINE#         1063
  C:1288H         LINE#         1064
  C:1288H         LINE#         1065
  C:128FH         LINE#         1066
  C:128FH         LINE#         1068
  C:128FH         LINE#         1069
BL51 BANKED LINKER/LOCATER V6.22                                                      03/19/2018  09:53:25  PAGE 49


  C:129AH         LINE#         1070
  C:129AH         LINE#         1071
  C:12A2H         LINE#         1072
  C:12A5H         LINE#         1073
  C:12B0H         LINE#         1074
  C:12B6H         LINE#         1077
  C:12BCH         LINE#         1079
  C:12BFH         LINE#         1080
  C:12BFH         LINE#         1081
  C:12BFH         LINE#         1082
  C:12BFH         LINE#         1084
  C:12CAH         LINE#         1085
  C:12CAH         LINE#         1086
  C:12D3H         LINE#         1087
  C:12D3H         LINE#         1088
  C:12DEH         LINE#         1090
  C:12F2H         LINE#         1091
  C:1304H         LINE#         1092
  C:131AH         LINE#         1094
  C:1340H         LINE#         1096
  C:1340H         LINE#         1097
  C:1340H         LINE#         1099
  C:1343H         LINE#         1101
  C:134EH         LINE#         1102
  C:134EH         LINE#         1103
  C:1353H         LINE#         1104
  C:1356H         LINE#         1105
  C:1358H         LINE#         1108
  C:1368H         LINE#         1109
  C:1368H         LINE#         1110
  C:136EH         LINE#         1111
  C:1391H         LINE#         1112
  C:1391H         LINE#         1113
  C:1397H         LINE#         1114
  C:1397H         LINE#         1115
  C:13A2H         LINE#         1116
  C:13A2H         LINE#         1117
  C:13ABH         LINE#         1118
  C:13B1H         LINE#         1119
  C:13B1H         LINE#         1120
  C:13B3H         LINE#         1122
  C:13B3H         LINE#         1123
  C:13B9H         LINE#         1124
  C:13B9H         LINE#         1125
  C:13DAH         LINE#         1127
  C:13E0H         LINE#         1131
  C:13E0H         LINE#         1133
  C:13E7H         LINE#         1134
  C:13E9H         LINE#         1137
  -------         ENDPROC       _TX_PHASE_PROCESSPT
  -------         ENDMOD        PT

  -------         MODULE        COMMON
  C:0000H         SYMBOL        _ICE_DUMMY_
  D:00B1H         PUBLIC        P0M1
  D:00B2H         PUBLIC        P0M2
  D:0080H         PUBLIC        P0
BL51 BANKED LINKER/LOCATER V6.22                                                      03/19/2018  09:53:25  PAGE 50


  D:0090H         PUBLIC        P1
  D:00A0H         PUBLIC        P2
  D:00D8H         PUBLIC        PWMCON0
  D:00A8H         PUBLIC        IE
  D:00B8H         PUBLIC        IP
  D:0087H         PUBLIC        PCON
  D:0098H         PUBLIC        SCON
  D:0089H         PUBLIC        TMOD
  D:0088H         PUBLIC        TCON
  D:00F8H         PUBLIC        SCON_1
  D:008DH         PUBLIC        TH1
  C:45A9H         PUBLIC        _InitialUART0_Timer1
  B:0088H.6       PUBLIC        TR1
  D:00E8H         PUBLIC        ADCCON0
  D:00C0H         PUBLIC        I2CON
  D:00C8H         PUBLIC        T2CON
  D:00C4H         PUBLIC        T3CON
  D:008EH         PUBLIC        CKCON
  D:00D0H         PUBLIC        PSW
  -------         PROC          _INITIALUART0_TIMER1
  D:0004H         SYMBOL        u32Baudrate
  C:45A9H         LINE#         27
  C:45A9H         LINE#         28
  C:45A9H         LINE#         29
  C:45AFH         LINE#         30
  C:45B2H         LINE#         31
  C:45B5H         LINE#         33
  C:45B8H         LINE#         34
  C:45BBH         LINE#         35
  C:45BEH         LINE#         39
  C:45D7H         LINE#         44
  C:45D9H         LINE#         45
  -------         ENDPROC       _INITIALUART0_TIMER1
  -------         ENDMOD        COMMON

  -------         MODULE        DELAY
  C:0000H         SYMBOL        _ICE_DUMMY_
  D:0080H         PUBLIC        P0
  D:0090H         PUBLIC        P1
  D:00A0H         PUBLIC        P2
  D:00D8H         PUBLIC        PWMCON0
  D:00A8H         PUBLIC        IE
  D:00B8H         PUBLIC        IP
  C:42C0H         PUBLIC        _Delay_ms
  D:0098H         PUBLIC        SCON
  D:0089H         PUBLIC        TMOD
  D:0088H         PUBLIC        TCON
  C:4670H         PUBLIC        _Delay10us
  D:00F8H         PUBLIC        SCON_1
  B:0088H.5       PUBLIC        TF0
  D:008CH         PUBLIC        TH0
  D:008AH         PUBLIC        TL0
  B:0088H.4       PUBLIC        TR0
  D:00E8H         PUBLIC        ADCCON0
  D:00C0H         PUBLIC        I2CON
  D:00C8H         PUBLIC        T2CON
  D:008EH         PUBLIC        CKCON
BL51 BANKED LINKER/LOCATER V6.22                                                      03/19/2018  09:53:25  PAGE 51


  D:00D0H         PUBLIC        PSW
  -------         PROC          _DELAY10US
  D:0006H         SYMBOL        u16CNT
  C:4670H         LINE#         23
  C:4670H         LINE#         24
  C:4670H         LINE#         25
  C:4673H         LINE#         26
  C:4676H         LINE#         27
  C:4678H         LINE#         28
  C:467CH         LINE#         29
  C:467CH         LINE#         30
  C:467FH         LINE#         31
  C:4682H         LINE#         32
  C:4685H         LINE#         33
  C:4687H         LINE#         34
  C:468CH         LINE#         35
  C:468EH         LINE#         36
  C:4690H         LINE#         37
  -------         ENDPROC       _DELAY10US
  -------         PROC          _DELAY_MS
  X:004DH         SYMBOL        u32CNT
  C:42C0H         LINE#         39
  C:42C6H         LINE#         40
  C:42C6H         LINE#         41
  C:42C9H         LINE#         42
  C:42CCH         LINE#         43
  C:42CEH         LINE#         44
  C:42E7H         LINE#         45
  C:42E7H         LINE#         46
  C:42EAH         LINE#         47
  C:42EDH         LINE#         48
  C:42F0H         LINE#         49
  C:42F2H         LINE#         50
  C:4318H         LINE#         51
  C:431AH         LINE#         52
  C:431CH         LINE#         53
  -------         ENDPROC       _DELAY_MS
  -------         ENDMOD        DELAY

  -------         MODULE        ?C_STARTUP
  C:399CH         SEGMENT       ?C_C51STARTUP
  I:006AH         SEGMENT       ?STACK
  C:0000H         PUBLIC        ?C_STARTUP
  D:00E0H         SYMBOL        ACC
  D:00F0H         SYMBOL        B
  D:0083H         SYMBOL        DPH
  D:0082H         SYMBOL        DPL
  N:0000H         SYMBOL        IBPSTACK
  N:0100H         SYMBOL        IBPSTACKTOP
  N:0080H         SYMBOL        IDATALEN
  C:3A21H         SYMBOL        IDATALOOP
  N:0000H         SYMBOL        PBPSTACK
  N:0000H         SYMBOL        PBPSTACKTOP
  N:0000H         SYMBOL        PDATALEN
  N:0000H         SYMBOL        PDATASTART
  N:0000H         SYMBOL        PPAGE
  N:0000H         SYMBOL        PPAGEENABLE
BL51 BANKED LINKER/LOCATER V6.22                                                      03/19/2018  09:53:25  PAGE 52


  D:00A0H         SYMBOL        PPAGE_SFR
  D:0081H         SYMBOL        SP
  C:399CH         SYMBOL        STARTUP1
  N:0000H         SYMBOL        XBPSTACK
  N:0000H         SYMBOL        XBPSTACKTOP
  N:00FFH         SYMBOL        XDATALEN
  C:3A2CH         SYMBOL        XDATALOOP
  N:0000H         SYMBOL        XDATASTART
  C:0000H         LINE#         92
  C:399CH         LINE#         99
  C:399FH         LINE#         100
  C:39A2H         LINE#         101
  C:39A5H         LINE#         103
  C:39A8H         LINE#         105
  C:39ABH         LINE#         106
  C:39AEH         LINE#         108
  C:39B1H         LINE#         109
  C:39B4H         LINE#         110
  C:39B7H         LINE#         111
  C:39B9H         LINE#         113
  C:39BCH         LINE#         115
  C:39BFH         LINE#         116
  C:39C2H         LINE#         117
  C:39C5H         LINE#         118
  C:39C7H         LINE#         120
  C:39CAH         LINE#         122
  C:39CDH         LINE#         123
  C:39D0H         LINE#         124
  C:39D3H         LINE#         125
  C:39D5H         LINE#         127
  C:39D8H         LINE#         129
  C:39DBH         LINE#         130
  C:39DEH         LINE#         131
  C:39E1H         LINE#         132
  C:39E3H         LINE#         135
  C:39E6H         LINE#         136
  C:39E9H         LINE#         137
  C:39ECH         LINE#         139
  C:39EFH         LINE#         140
  C:39F2H         LINE#         141
  C:39F5H         LINE#         143
  C:39F8H         LINE#         144
  C:39FBH         LINE#         145
  C:39FDH         LINE#         147
  C:3A00H         LINE#         148
  C:3A03H         LINE#         149
  C:3A05H         LINE#         151
  C:3A08H         LINE#         152
  C:3A0BH         LINE#         153
  C:3A0DH         LINE#         155
  C:3A10H         LINE#         156
  C:3A13H         LINE#         157
  C:3A15H         LINE#         159
  C:3A18H         LINE#         160
  C:3A1BH         LINE#         161
  C:3A1EH         LINE#         167
  C:3A20H         LINE#         168
BL51 BANKED LINKER/LOCATER V6.22                                                      03/19/2018  09:53:25  PAGE 53


  C:3A21H         LINE#         169
  C:3A22H         LINE#         170
  C:3A24H         LINE#         174
  C:3A27H         LINE#         175
  C:3A29H         LINE#         177
  C:3A2BH         LINE#         181
  C:3A2CH         LINE#         182
  C:3A2DH         LINE#         183
  C:3A2EH         LINE#         184
  C:3A30H         LINE#         185
  C:3A32H         LINE#         219
  C:3A35H         LINE#         223
  -------         ENDMOD        ?C_STARTUP

  -------         MODULE        ?C?FPMUL
  C:13EAH         PUBLIC        ?C?FPMUL
  -------         ENDMOD        ?C?FPMUL

  -------         MODULE        ?C?FCAST
  C:14FAH         PUBLIC        ?C?FCASTC
  C:14F5H         PUBLIC        ?C?FCASTI
  C:14F0H         PUBLIC        ?C?FCASTL
  -------         ENDMOD        ?C?FCAST

  -------         MODULE        ?C?CASTF
  C:152EH         PUBLIC        ?C?CASTF
  -------         ENDMOD        ?C?CASTF

  -------         MODULE        PRINTF
  X:0055H         PUBLIC        ?_PRINTF?BYTE
  X:0055H         PUBLIC        ?_SPRINTF?BYTE
  C:1D18H         PUBLIC        _PRINTF
  C:1D12H         PUBLIC        _SPRINTF
  -------         ENDMOD        PRINTF

  -------         MODULE        ?C?FPROUND
  C:15AFH         PUBLIC        ?C?FPROUND
  -------         ENDMOD        ?C?FPROUND

  -------         MODULE        ?C?FPCONVERT
  C:15ECH         PUBLIC        ?C?FPCONVERT
  -------         ENDMOD        ?C?FPCONVERT

  -------         MODULE        ?C?FPADD
  C:16F8H         PUBLIC        ?C?FPADD
  C:16F4H         PUBLIC        ?C?FPSUB
  -------         ENDMOD        ?C?FPADD

  -------         MODULE        ?C?FPDIV
  C:17ECH         PUBLIC        ?C?FPDIV
  -------         ENDMOD        ?C?FPDIV

  -------         MODULE        ?C?FTNPWR
  C:18B9H         PUBLIC        ?C?FTNPWR
  -------         ENDMOD        ?C?FTNPWR

  -------         MODULE        ?C?CLDPTR
BL51 BANKED LINKER/LOCATER V6.22                                                      03/19/2018  09:53:25  PAGE 54


  C:18F9H         PUBLIC        ?C?CLDPTR
  -------         ENDMOD        ?C?CLDPTR

  -------         MODULE        ?C?CLDOPTR
  C:1912H         PUBLIC        ?C?CLDOPTR
  -------         ENDMOD        ?C?CLDOPTR

  -------         MODULE        ?C?CSTPTR
  C:193FH         PUBLIC        ?C?CSTPTR
  -------         ENDMOD        ?C?CSTPTR

  -------         MODULE        ?C?CSTOPTR
  C:1951H         PUBLIC        ?C?CSTOPTR
  -------         ENDMOD        ?C?CSTOPTR

  -------         MODULE        ?C?IMUL
  C:1973H         PUBLIC        ?C?IMUL
  -------         ENDMOD        ?C?IMUL

  -------         MODULE        ?C?UIDIV
  C:1985H         PUBLIC        ?C?UIDIV
  -------         ENDMOD        ?C?UIDIV

  -------         MODULE        ?C?LMUL
  C:19DAH         PUBLIC        ?C?LMUL
  -------         ENDMOD        ?C?LMUL

  -------         MODULE        ?C?ULDIV
  C:1A65H         PUBLIC        ?C?ULDIV
  -------         ENDMOD        ?C?ULDIV

  -------         MODULE        ?C?LNEG
  C:1AF7H         PUBLIC        ?C?LNEG
  -------         ENDMOD        ?C?LNEG

  -------         MODULE        ?C?ULCMP
  C:1B05H         PUBLIC        ?C?ULCMP
  -------         ENDMOD        ?C?ULCMP

  -------         MODULE        ?C?ULSHR
  C:1B16H         PUBLIC        ?C?ULSHR
  -------         ENDMOD        ?C?ULSHR

  -------         MODULE        ?C?LSTXDATA
  C:1B29H         PUBLIC        ?C?LSTXDATA
  -------         ENDMOD        ?C?LSTXDATA

  -------         MODULE        ?C?LSTKXDATA
  C:1B35H         PUBLIC        ?C?LSTKXDATA
  -------         ENDMOD        ?C?LSTKXDATA

  -------         MODULE        ?C?PLDIXDATA
  C:1B66H         PUBLIC        ?C?PLDIXDATA
  -------         ENDMOD        ?C?PLDIXDATA

  -------         MODULE        ?C?PSTXDATA
  C:1B7DH         PUBLIC        ?C?PSTXDATA
BL51 BANKED LINKER/LOCATER V6.22                                                      03/19/2018  09:53:25  PAGE 55


  -------         ENDMOD        ?C?PSTXDATA

  -------         MODULE        ?C?PLDPTR
  C:1B86H         PUBLIC        ?C?PLDPTR
  -------         ENDMOD        ?C?PLDPTR

  -------         MODULE        ?C?PSTPTR
  C:1BA6H         PUBLIC        ?C?PSTPTR
  -------         ENDMOD        ?C?PSTPTR

  -------         MODULE        ?C?CCASE
  C:1BF5H         PUBLIC        ?C?CCASE
  -------         ENDMOD        ?C?CCASE

  -------         MODULE        ?C?LIMUL
  C:1C1BH         PUBLIC        ?C?LIMUL
  -------         ENDMOD        ?C?LIMUL

  -------         MODULE        PUTCHAR
  C:4605H         PUBLIC        _PUTCHAR
  -------         ENDMOD        PUTCHAR

  -------         MODULE        ?C?MEMSET
  C:1C48H         PUBLIC        ?C?MEMSET
  -------         ENDMOD        ?C?MEMSET

  -------         MODULE        ?C?PLDIDATA
  C:1C74H         PUBLIC        ?C?PLDIDATA
  -------         ENDMOD        ?C?PLDIDATA

  -------         MODULE        ?C?PSTIDATA
  C:1C7DH         PUBLIC        ?C?PSTIDATA
  -------         ENDMOD        ?C?PSTIDATA

  -------         MODULE        ?C?PLDXDATA
  C:1C86H         PUBLIC        ?C?PLDXDATA
  -------         ENDMOD        ?C?PLDXDATA

  -------         MODULE        ?C?PLDPDATA
  C:1C8FH         PUBLIC        ?C?PLDPDATA
  -------         ENDMOD        ?C?PLDPDATA

  -------         MODULE        ?C?PSTPDATA
  C:1C98H         PUBLIC        ?C?PSTPDATA
  -------         ENDMOD        ?C?PSTPDATA

  -------         MODULE        ?C?PLDCODE
  C:1CA1H         PUBLIC        ?C?PLDCODE
  -------         ENDMOD        ?C?PLDCODE

Program Size: data=100.2 xdata=224 code=18207
LINK/LOCATE RUN COMPLETE.  0 WARNING(S),  0 ERROR(S)
